Archive member included to satisfy reference by file (symbol)

c:/st/stm32cubeide_1.8.0/stm32cubeide/plugins/com.st.stm32cube.ide.mcu.externaltools.gnu-tools-for-stm32.9-2020-q2-update.win32_2.0.0.202105311346/tools/bin/../lib/gcc/arm-none-eabi/9.3.1/../../../../arm-none-eabi/lib/thumb/v7e-m+dp/hard\libc_nano.a(lib_a-errno.o)
                              ./Core/Src/syscalls.o (__errno)
c:/st/stm32cubeide_1.8.0/stm32cubeide/plugins/com.st.stm32cube.ide.mcu.externaltools.gnu-tools-for-stm32.9-2020-q2-update.win32_2.0.0.202105311346/tools/bin/../lib/gcc/arm-none-eabi/9.3.1/../../../../arm-none-eabi/lib/thumb/v7e-m+dp/hard\libc_nano.a(lib_a-exit.o)
                              c:/st/stm32cubeide_1.8.0/stm32cubeide/plugins/com.st.stm32cube.ide.mcu.externaltools.gnu-tools-for-stm32.9-2020-q2-update.win32_2.0.0.202105311346/tools/bin/../lib/gcc/arm-none-eabi/9.3.1/../../../../arm-none-eabi/lib/thumb/v7e-m+dp/hard/crt0.o (exit)
c:/st/stm32cubeide_1.8.0/stm32cubeide/plugins/com.st.stm32cube.ide.mcu.externaltools.gnu-tools-for-stm32.9-2020-q2-update.win32_2.0.0.202105311346/tools/bin/../lib/gcc/arm-none-eabi/9.3.1/../../../../arm-none-eabi/lib/thumb/v7e-m+dp/hard\libc_nano.a(lib_a-impure.o)
                              c:/st/stm32cubeide_1.8.0/stm32cubeide/plugins/com.st.stm32cube.ide.mcu.externaltools.gnu-tools-for-stm32.9-2020-q2-update.win32_2.0.0.202105311346/tools/bin/../lib/gcc/arm-none-eabi/9.3.1/../../../../arm-none-eabi/lib/thumb/v7e-m+dp/hard\libc_nano.a(lib_a-exit.o) (_global_impure_ptr)
c:/st/stm32cubeide_1.8.0/stm32cubeide/plugins/com.st.stm32cube.ide.mcu.externaltools.gnu-tools-for-stm32.9-2020-q2-update.win32_2.0.0.202105311346/tools/bin/../lib/gcc/arm-none-eabi/9.3.1/../../../../arm-none-eabi/lib/thumb/v7e-m+dp/hard\libc_nano.a(lib_a-init.o)
                              c:/st/stm32cubeide_1.8.0/stm32cubeide/plugins/com.st.stm32cube.ide.mcu.externaltools.gnu-tools-for-stm32.9-2020-q2-update.win32_2.0.0.202105311346/tools/bin/../lib/gcc/arm-none-eabi/9.3.1/../../../../arm-none-eabi/lib/thumb/v7e-m+dp/hard/crt0.o (__libc_init_array)
c:/st/stm32cubeide_1.8.0/stm32cubeide/plugins/com.st.stm32cube.ide.mcu.externaltools.gnu-tools-for-stm32.9-2020-q2-update.win32_2.0.0.202105311346/tools/bin/../lib/gcc/arm-none-eabi/9.3.1/../../../../arm-none-eabi/lib/thumb/v7e-m+dp/hard\libc_nano.a(lib_a-memset.o)
                              c:/st/stm32cubeide_1.8.0/stm32cubeide/plugins/com.st.stm32cube.ide.mcu.externaltools.gnu-tools-for-stm32.9-2020-q2-update.win32_2.0.0.202105311346/tools/bin/../lib/gcc/arm-none-eabi/9.3.1/../../../../arm-none-eabi/lib/thumb/v7e-m+dp/hard/crt0.o (memset)
c:/st/stm32cubeide_1.8.0/stm32cubeide/plugins/com.st.stm32cube.ide.mcu.externaltools.gnu-tools-for-stm32.9-2020-q2-update.win32_2.0.0.202105311346/tools/bin/../lib/gcc/arm-none-eabi/9.3.1/../../../../arm-none-eabi/lib/thumb/v7e-m+dp/hard\libm.a(lib_a-s_cos.o)
                              ./Core/Src/kinematics.o (cos)
c:/st/stm32cubeide_1.8.0/stm32cubeide/plugins/com.st.stm32cube.ide.mcu.externaltools.gnu-tools-for-stm32.9-2020-q2-update.win32_2.0.0.202105311346/tools/bin/../lib/gcc/arm-none-eabi/9.3.1/../../../../arm-none-eabi/lib/thumb/v7e-m+dp/hard\libm.a(lib_a-s_sin.o)
                              ./Core/Src/kinematics.o (sin)
c:/st/stm32cubeide_1.8.0/stm32cubeide/plugins/com.st.stm32cube.ide.mcu.externaltools.gnu-tools-for-stm32.9-2020-q2-update.win32_2.0.0.202105311346/tools/bin/../lib/gcc/arm-none-eabi/9.3.1/../../../../arm-none-eabi/lib/thumb/v7e-m+dp/hard\libm.a(lib_a-e_rem_pio2.o)
                              c:/st/stm32cubeide_1.8.0/stm32cubeide/plugins/com.st.stm32cube.ide.mcu.externaltools.gnu-tools-for-stm32.9-2020-q2-update.win32_2.0.0.202105311346/tools/bin/../lib/gcc/arm-none-eabi/9.3.1/../../../../arm-none-eabi/lib/thumb/v7e-m+dp/hard\libm.a(lib_a-s_cos.o) (__ieee754_rem_pio2)
c:/st/stm32cubeide_1.8.0/stm32cubeide/plugins/com.st.stm32cube.ide.mcu.externaltools.gnu-tools-for-stm32.9-2020-q2-update.win32_2.0.0.202105311346/tools/bin/../lib/gcc/arm-none-eabi/9.3.1/../../../../arm-none-eabi/lib/thumb/v7e-m+dp/hard\libm.a(lib_a-k_cos.o)
                              c:/st/stm32cubeide_1.8.0/stm32cubeide/plugins/com.st.stm32cube.ide.mcu.externaltools.gnu-tools-for-stm32.9-2020-q2-update.win32_2.0.0.202105311346/tools/bin/../lib/gcc/arm-none-eabi/9.3.1/../../../../arm-none-eabi/lib/thumb/v7e-m+dp/hard\libm.a(lib_a-s_cos.o) (__kernel_cos)
c:/st/stm32cubeide_1.8.0/stm32cubeide/plugins/com.st.stm32cube.ide.mcu.externaltools.gnu-tools-for-stm32.9-2020-q2-update.win32_2.0.0.202105311346/tools/bin/../lib/gcc/arm-none-eabi/9.3.1/../../../../arm-none-eabi/lib/thumb/v7e-m+dp/hard\libm.a(lib_a-k_rem_pio2.o)
                              c:/st/stm32cubeide_1.8.0/stm32cubeide/plugins/com.st.stm32cube.ide.mcu.externaltools.gnu-tools-for-stm32.9-2020-q2-update.win32_2.0.0.202105311346/tools/bin/../lib/gcc/arm-none-eabi/9.3.1/../../../../arm-none-eabi/lib/thumb/v7e-m+dp/hard\libm.a(lib_a-e_rem_pio2.o) (__kernel_rem_pio2)
[...]
Memory Configuration

Name             Origin             Length             Attributes
ITCMRAM          0x0000000000000000 0x0000000000010000 xrw
DTCMRAM          0x0000000020000000 0x0000000000020000 xrw
FLASH            0x0000000008000000 0x0000000000100000 xr
RAM_D1           0x0000000024000000 0x0000000000050000 xrw
RAM_D2           0x0000000030000000 0x0000000000008000 xrw
RAM_D3           0x0000000038000000 0x0000000000004000 xrw
*default*        0x0000000000000000 0xffffffffffffffff

Linker script and memory map

LOAD c:/st/stm32cubeide_1.8.0/stm32cubeide/plugins/com.st.stm32cube.ide.mcu.externaltools.gnu-tools-for-stm32.9-2020-q2-update.win32_2.0.0.202105311346/tools/bin/../lib/gcc/arm-none-eabi/9.3.1/thumb/v7e-m+dp/hard/crti.o
LOAD c:/st/stm32cubeide_1.8.0/stm32cubeide/plugins/com.st.stm32cube.ide.mcu.externaltools.gnu-tools-for-stm32.9-2020-q2-update.win32_2.0.0.202105311346/tools/bin/../lib/gcc/arm-none-eabi/9.3.1/thumb/v7e-m+dp/hard/crtbegin.o
LOAD c:/st/stm32cubeide_1.8.0/stm32cubeide/plugins/com.st.stm32cube.ide.mcu.externaltools.gnu-tools-for-stm32.9-2020-q2-update.win32_2.0.0.202105311346/tools/bin/../lib/gcc/arm-none-eabi/9.3.1/../../../../arm-none-eabi/lib/thumb/v7e-m+dp/hard/crt0.o
LOAD ./Core/Src/kinematics.o
LOAD ./Core/Src/main.o
LOAD ./Core/Src/stm32h7xx_hal_msp.o
LOAD ./Core/Src/stm32h7xx_it.o
LOAD ./Core/Src/syscalls.o
LOAD ./Core/Src/sysmem.o
LOAD ./Core/Src/system_stm32h7xx.o
LOAD ./Core/Startup/startup_stm32h733vgtx.o
LOAD ./Drivers/STM32H7xx_HAL_Driver/Src/stm32h7xx_hal.o
LOAD ./Drivers/STM32H7xx_HAL_Driver/Src/stm32h7xx_hal_adc.o
LOAD ./Drivers/STM32H7xx_HAL_Driver/Src/stm32h7xx_hal_adc_ex.o
LOAD ./Drivers/STM32H7xx_HAL_Driver/Src/stm32h7xx_hal_cortex.o
LOAD ./Drivers/STM32H7xx_HAL_Driver/Src/stm32h7xx_hal_crc.o
LOAD ./Drivers/STM32H7xx_HAL_Driver/Src/stm32h7xx_hal_crc_ex.o
LOAD ./Drivers/STM32H7xx_HAL_Driver/Src/stm32h7xx_hal_dma.o
LOAD ./Drivers/STM32H7xx_HAL_Driver/Src/stm32h7xx_hal_dma_ex.o
LOAD ./Drivers/STM32H7xx_HAL_Driver/Src/stm32h7xx_hal_exti.o
LOAD ./Drivers/STM32H7xx_HAL_Driver/Src/stm32h7xx_hal_flash.o
LOAD ./Drivers/STM32H7xx_HAL_Driver/Src/stm32h7xx_hal_flash_ex.o
LOAD ./Drivers/STM32H7xx_HAL_Driver/Src/stm32h7xx_hal_gpio.o
LOAD ./Drivers/STM32H7xx_HAL_Driver/Src/stm32h7xx_hal_hsem.o
LOAD ./Drivers/STM32H7xx_HAL_Driver/Src/stm32h7xx_hal_i2c.o
LOAD ./Drivers/STM32H7xx_HAL_Driver/Src/stm32h7xx_hal_i2c_ex.o
LOAD ./Drivers/STM32H7xx_HAL_Driver/Src/stm32h7xx_hal_mdma.o
LOAD ./Drivers/STM32H7xx_HAL_Driver/Src/stm32h7xx_hal_pcd.o
LOAD ./Drivers/STM32H7xx_HAL_Driver/Src/stm32h7xx_hal_pcd_ex.o
LOAD ./Drivers/STM32H7xx_HAL_Driver/Src/stm32h7xx_hal_pwr.o
LOAD ./Drivers/STM32H7xx_HAL_Driver/Src/stm32h7xx_hal_pwr_ex.o
LOAD ./Drivers/STM32H7xx_HAL_Driver/Src/stm32h7xx_hal_rcc.o
LOAD ./Drivers/STM32H7xx_HAL_Driver/Src/stm32h7xx_hal_rcc_ex.o
LOAD ./Drivers/STM32H7xx_HAL_Driver/Src/stm32h7xx_hal_spi.o
LOAD ./Drivers/STM32H7xx_HAL_Driver/Src/stm32h7xx_hal_spi_ex.o
LOAD ./Drivers/STM32H7xx_HAL_Driver/Src/stm32h7xx_hal_tim.o
LOAD ./Drivers/STM32H7xx_HAL_Driver/Src/stm32h7xx_hal_tim_ex.o
LOAD ./Drivers/STM32H7xx_HAL_Driver/Src/stm32h7xx_hal_uart.o
LOAD ./Drivers/STM32H7xx_HAL_Driver/Src/stm32h7xx_hal_uart_ex.o
LOAD ./Drivers/STM32H7xx_HAL_Driver/Src/stm32h7xx_ll_usb.o
LOAD ./Middlewares/ST/STM32_USB_Device_Library/Class/CDC/Src/usbd_cdc.o
LOAD ./Middlewares/ST/STM32_USB_Device_Library/Core/Src/usbd_core.o
LOAD ./Middlewares/ST/STM32_USB_Device_Library/Core/Src/usbd_ctlreq.o
LOAD ./Middlewares/ST/STM32_USB_Device_Library/Core/Src/usbd_ioreq.o
LOAD ./USB_DEVICE/App/usb_device.o
LOAD ./USB_DEVICE/App/usbd_cdc_if.o
LOAD ./USB_DEVICE/App/usbd_desc.o
LOAD ./USB_DEVICE/Target/usbd_conf.o
START GROUP
LOAD c:/st/stm32cubeide_1.8.0/stm32cubeide/plugins/com.st.stm32cube.ide.mcu.externaltools.gnu-tools-for-stm32.9-2020-q2-update.win32_2.0.0.202105311346/tools/bin/../lib/gcc/arm-none-eabi/9.3.1/../../../../arm-none-eabi/lib/thumb/v7e-m+dp/hard\libc_nano.a
LOAD c:/st/stm32cubeide_1.8.0/stm32cubeide/plugins/com.st.stm32cube.ide.mcu.externaltools.gnu-tools-for-stm32.9-2020-q2-update.win32_2.0.0.202105311346/tools/bin/../lib/gcc/arm-none-eabi/9.3.1/../../../../arm-none-eabi/lib/thumb/v7e-m+dp/hard\libm.a
END GROUP
START GROUP
LOAD c:/st/stm32cubeide_1.8.0/stm32cubeide/plugins/com.st.stm32cube.ide.mcu.externaltools.gnu-tools-for-stm32.9-2020-q2-update.win32_2.0.0.202105311346/tools/bin/../lib/gcc/arm-none-eabi/9.3.1/thumb/v7e-m+dp/hard\libgcc.a
LOAD c:/st/stm32cubeide_1.8.0/stm32cubeide/plugins/com.st.stm32cube.ide.mcu.externaltools.gnu-tools-for-stm32.9-2020-q2-update.win32_2.0.0.202105311346/tools/bin/../lib/gcc/arm-none-eabi/9.3.1/../../../../arm-none-eabi/lib/thumb/v7e-m+dp/hard\libc_nano.a
END GROUP
START GROUP
LOAD c:/st/stm32cubeide_1.8.0/stm32cubeide/plugins/com.st.stm32cube.ide.mcu.externaltools.gnu-tools-for-stm32.9-2020-q2-update.win32_2.0.0.202105311346/tools/bin/../lib/gcc/arm-none-eabi/9.3.1/thumb/v7e-m+dp/hard\libgcc.a
LOAD c:/st/stm32cubeide_1.8.0/stm32cubeide/plugins/com.st.stm32cube.ide.mcu.externaltools.gnu-tools-for-stm32.9-2020-q2-update.win32_2.0.0.202105311346/tools/bin/../lib/gcc/arm-none-eabi/9.3.1/../../../../arm-none-eabi/lib/thumb/v7e-m+dp/hard\libc_nano.a
LOAD c:/st/stm32cubeide_1.8.0/stm32cubeide/plugins/com.st.stm32cube.ide.mcu.externaltools.gnu-tools-for-stm32.9-2020-q2-update.win32_2.0.0.202105311346/tools/bin/../lib/gcc/arm-none-eabi/9.3.1/../../../../arm-none-eabi/lib/thumb/v7e-m+dp/hard\libnosys.a
END GROUP
START GROUP
LOAD c:/st/stm32cubeide_1.8.0/stm32cubeide/plugins/com.st.stm32cube.ide.mcu.externaltools.gnu-tools-for-stm32.9-2020-q2-update.win32_2.0.0.202105311346/tools/bin/../lib/gcc/arm-none-eabi/9.3.1/thumb/v7e-m+dp/hard\libgcc.a
LOAD c:/st/stm32cubeide_1.8.0/stm32cubeide/plugins/com.st.stm32cube.ide.mcu.externaltools.gnu-tools-for-stm32.9-2020-q2-update.win32_2.0.0.202105311346/tools/bin/../lib/gcc/arm-none-eabi/9.3.1/../../../../arm-none-eabi/lib/thumb/v7e-m+dp/hard\libc_nano.a
LOAD c:/st/stm32cubeide_1.8.0/stm32cubeide/plugins/com.st.stm32cube.ide.mcu.externaltools.gnu-tools-for-stm32.9-2020-q2-update.win32_2.0.0.202105311346/tools/bin/../lib/gcc/arm-none-eabi/9.3.1/../../../../arm-none-eabi/lib/thumb/v7e-m+dp/hard\libnosys.a
END GROUP
LOAD c:/st/stm32cubeide_1.8.0/stm32cubeide/plugins/com.st.stm32cube.ide.mcu.externaltools.gnu-tools-for-stm32.9-2020-q2-update.win32_2.0.0.202105311346/tools/bin/../lib/gcc/arm-none-eabi/9.3.1/thumb/v7e-m+dp/hard/crtend.o
LOAD c:/st/stm32cubeide_1.8.0/stm32cubeide/plugins/com.st.stm32cube.ide.mcu.externaltools.gnu-tools-for-stm32.9-2020-q2-update.win32_2.0.0.202105311346/tools/bin/../lib/gcc/arm-none-eabi/9.3.1/thumb/v7e-m+dp/hard/crtn.o
                0x0000000024050000                _estack = (ORIGIN (RAM_D1) + LENGTH (RAM_D1))
                0x0000000000000200                _Min_Heap_Size = 0x200
                0x0000000000000400                _Min_Stack_Size = 0x400

.isr_vector     0x0000000008000000      0x2cc
                0x0000000008000000                . = ALIGN (0x4)
 *(.isr_vector)
 .isr_vector    0x0000000008000000      0x2cc ./Core/Startup/startup_stm32h733vgtx.o
                0x0000000008000000                g_pfnVectors
                0x00000000080002cc                . = ALIGN (0x4)

.text           0x00000000080002d0    0x116f4
                0x00000000080002d0                . = ALIGN (0x4)
 *(.text)
 .text          0x00000000080002d0       0x40 c:/st/stm32cubeide_1.8.0/stm32cubeide/plugins/com.st.stm32cube.ide.mcu.externaltools.gnu-tools-for-stm32.9-2020-q2-update.win32_2.0.0.202105311346/tools/bin/../lib/gcc/arm-none-eabi/9.3.1/thumb/v7e-m+dp/hard/crtbegin.o
 .text          0x0000000008000310       0x30 c:/st/stm32cubeide_1.8.0/stm32cubeide/plugins/com.st.stm32cube.ide.mcu.externaltools.gnu-tools-for-stm32.9-2020-q2-update.win32_2.0.0.202105311346/tools/bin/../lib/gcc/arm-none-eabi/9.3.1/thumb/v7e-m+dp/hard\libgcc.a(_aeabi_uldivmod.o)
                0x0000000008000310                __aeabi_uldivmod
 .text          0x0000000008000340      0x2c4 c:/st/stm32cubeide_1.8.0/stm32cubeide/plugins/com.st.stm32cube.ide.mcu.externaltools.gnu-tools-for-stm32.9-2020-q2-update.win32_2.0.0.202105311346/tools/bin/../lib/gcc/arm-none-eabi/9.3.1/thumb/v7e-m+dp/hard\libgcc.a(_udivmoddi4.o)
                0x0000000008000340                __udivmoddi4
 .text          0x0000000008000604        0x4 c:/st/stm32cubeide_1.8.0/stm32cubeide/plugins/com.st.stm32cube.ide.mcu.externaltools.gnu-tools-for-stm32.9-2020-q2-update.win32_2.0.0.202105311346/tools/bin/../lib/gcc/arm-none-eabi/9.3.1/thumb/v7e-m+dp/hard\libgcc.a(_dvmd_tls.o)
                0x0000000008000604                __aeabi_idiv0
                0x0000000008000604                __aeabi_ldiv0
 *(.text*)
 .text.IVK      0x0000000008000608      0x3e0 ./Core/Src/kinematics.o
                0x0000000008000608                IVK
 .text.main     0x00000000080009e8       0xf4 ./Core/Src/main.o
                0x00000000080009e8                main
 .text.SystemClock_Config
                0x0000000008000adc       0xf4 ./Core/Src/main.o
                0x0000000008000adc                SystemClock_Config
 .text.PeriphCommonClock_Config
                0x0000000008000bd0       0x68 ./Core/Src/main.o
                0x0000000008000bd0                PeriphCommonClock_Config
 .text.MX_ADC3_Init
                0x0000000008000c38       0xe4 ./Core/Src/main.o
 .text.MX_CRC_Init
                0x0000000008000d1c       0x58 ./Core/Src/main.o
 .text.MX_I2C2_Init
                0x0000000008000d74       0x80 ./Core/Src/main.o
 .text.MX_SPI3_Init
                0x0000000008000df4       0xb0 ./Core/Src/main.o
 .text.MX_SPI4_Init
                0x0000000008000ea4       0xac ./Core/Src/main.o
 .text.MX_TIM1_Init
                0x0000000008000f50       0xb4 ./Core/Src/main.o
 .text.MX_TIM2_Init
                0x0000000008001004       0xa8 ./Core/Src/main.o
 .text.MX_TIM3_Init
                0x00000000080010ac       0xac ./Core/Src/main.o
 .text.MX_TIM4_Init
                0x0000000008001158       0xac ./Core/Src/main.o
 .text.MX_TIM5_Init
                0x0000000008001204       0xac ./Core/Src/main.o
 .text.MX_TIM6_Init
                0x00000000080012b0       0x70 ./Core/Src/main.o
 .text.MX_TIM8_Init
                0x0000000008001320       0xb4 ./Core/Src/main.o
 .text.MX_TIM13_Init
                0x00000000080013d4       0xa0 ./Core/Src/main.o
 .text.MX_TIM14_Init
                0x0000000008001474       0xa0 ./Core/Src/main.o
 .text.MX_TIM15_Init
                0x0000000008001514      0x110 ./Core/Src/main.o
 .text.MX_TIM16_Init
                0x0000000008001624       0xf8 ./Core/Src/main.o
 .text.MX_TIM17_Init
                0x000000000800171c       0xf8 ./Core/Src/main.o
 .text.MX_TIM23_Init
                0x0000000008001814       0xa0 ./Core/Src/main.o
 .text.MX_TIM24_Init
                0x00000000080018b4       0xa0 ./Core/Src/main.o
 .text.MX_USART1_UART_Init
                0x0000000008001954       0x9c ./Core/Src/main.o
 .text.MX_USART3_UART_Init
                0x00000000080019f0       0x98 ./Core/Src/main.o
 .text.MX_DMA_Init
                0x0000000008001a88       0x40 ./Core/Src/main.o
 .text.MX_GPIO_Init
                0x0000000008001ac8      0x1cc ./Core/Src/main.o
 .text.Error_Handler
                0x0000000008001c94        0xa ./Core/Src/main.o
                0x0000000008001c94                Error_Handler
 *fill*         0x0000000008001c9e        0x2 
 .text.HAL_MspInit
                0x0000000008001ca0       0x34 ./Core/Src/stm32h7xx_hal_msp.o
                0x0000000008001ca0                HAL_MspInit
 .text.HAL_ADC_MspInit
                0x0000000008001cd4       0xb4 ./Core/Src/stm32h7xx_hal_msp.o
                0x0000000008001cd4                HAL_ADC_MspInit
 .text.HAL_CRC_MspInit
                0x0000000008001d88       0x44 ./Core/Src/stm32h7xx_hal_msp.o
                0x0000000008001d88                HAL_CRC_MspInit
 .text.HAL_I2C_MspInit
                0x0000000008001dcc       0xcc ./Core/Src/stm32h7xx_hal_msp.o
                0x0000000008001dcc                HAL_I2C_MspInit
 .text.HAL_SPI_MspInit
                0x0000000008001e98      0x16c ./Core/Src/stm32h7xx_hal_msp.o
                0x0000000008001e98                HAL_SPI_MspInit
 .text.HAL_TIM_Encoder_MspInit
                0x0000000008002004      0x2fc ./Core/Src/stm32h7xx_hal_msp.o
                0x0000000008002004                HAL_TIM_Encoder_MspInit
 .text.HAL_TIM_Base_MspInit
                0x0000000008002300      0x158 ./Core/Src/stm32h7xx_hal_msp.o
                0x0000000008002300                HAL_TIM_Base_MspInit
 .text.HAL_TIM_PWM_MspInit
                0x0000000008002458       0x44 ./Core/Src/stm32h7xx_hal_msp.o
                0x0000000008002458                HAL_TIM_PWM_MspInit
 .text.HAL_TIM_MspPostInit
                0x000000000800249c      0x1b8 ./Core/Src/stm32h7xx_hal_msp.o
                0x000000000800249c                HAL_TIM_MspPostInit
 .text.HAL_UART_MspInit
                0x0000000008002654      0x16c ./Core/Src/stm32h7xx_hal_msp.o
                0x0000000008002654                HAL_UART_MspInit
 .text.NMI_Handler
                0x00000000080027c0        0x6 ./Core/Src/stm32h7xx_it.o
                0x00000000080027c0                NMI_Handler
 .text.HardFault_Handler
                0x00000000080027c6        0x6 ./Core/Src/stm32h7xx_it.o
                0x00000000080027c6                HardFault_Handler
 .text.MemManage_Handler
                0x00000000080027cc        0x6 ./Core/Src/stm32h7xx_it.o
                0x00000000080027cc                MemManage_Handler
 .text.BusFault_Handler
                0x00000000080027d2        0x6 ./Core/Src/stm32h7xx_it.o
                0x00000000080027d2                BusFault_Handler
 .text.UsageFault_Handler
                0x00000000080027d8        0x6 ./Core/Src/stm32h7xx_it.o
                0x00000000080027d8                UsageFault_Handler
 .text.SVC_Handler
                0x00000000080027de        0xe ./Core/Src/stm32h7xx_it.o
                0x00000000080027de                SVC_Handler
 .text.DebugMon_Handler
                0x00000000080027ec        0xe ./Core/Src/stm32h7xx_it.o
                0x00000000080027ec                DebugMon_Handler
 .text.PendSV_Handler
                0x00000000080027fa        0xe ./Core/Src/stm32h7xx_it.o
                0x00000000080027fa                PendSV_Handler
 .text.SysTick_Handler
                0x0000000008002808        0xc ./Core/Src/stm32h7xx_it.o
                0x0000000008002808                SysTick_Handler
 .text.DMA1_Stream0_IRQHandler
                0x0000000008002814       0x14 ./Core/Src/stm32h7xx_it.o
                0x0000000008002814                DMA1_Stream0_IRQHandler
 .text.OTG_HS_IRQHandler
                0x0000000008002828       0x14 ./Core/Src/stm32h7xx_it.o
                0x0000000008002828                OTG_HS_IRQHandler
 .text.ADC3_IRQHandler
                0x000000000800283c       0x14 ./Core/Src/stm32h7xx_it.o
                0x000000000800283c                ADC3_IRQHandler
 .text.SystemInit
                0x0000000008002850       0xf0 ./Core/Src/system_stm32h7xx.o
                0x0000000008002850                SystemInit
 .text.Reset_Handler
                0x0000000008002940       0x50 ./Core/Startup/startup_stm32h733vgtx.o
                0x0000000008002940                Reset_Handler
 .text.Default_Handler
                0x0000000008002990        0x2 ./Core/Startup/startup_stm32h733vgtx.o
                0x0000000008002990                RTC_Alarm_IRQHandler
                0x0000000008002990                HASH_RNG_IRQHandler
                0x0000000008002990                EXTI2_IRQHandler
                0x0000000008002990                TIM8_CC_IRQHandler
                0x0000000008002990                UART8_IRQHandler
                0x0000000008002990                SPI4_IRQHandler
                0x0000000008002990                FDCAN3_IT0_IRQHandler
                0x0000000008002990                TIM1_CC_IRQHandler
                0x0000000008002990                BDMA_Channel6_IRQHandler
                0x0000000008002990                DMA2_Stream5_IRQHandler
                0x0000000008002990                DMA1_Stream5_IRQHandler
                0x0000000008002990                CORDIC_IRQHandler
                0x0000000008002990                BDMA_Channel1_IRQHandler
                0x0000000008002990                TAMP_STAMP_IRQHandler
                0x0000000008002990                EXTI3_IRQHandler
                0x0000000008002990                LPTIM4_IRQHandler
                0x0000000008002990                TIM8_TRG_COM_TIM14_IRQHandler
                0x0000000008002990                LPTIM2_IRQHandler
                0x0000000008002990                DFSDM1_FLT1_IRQHandler
                0x0000000008002990                DMAMUX2_OVR_IRQHandler
                0x0000000008002990                TIM8_UP_TIM13_IRQHandler
                0x0000000008002990                I2C3_ER_IRQHandler
                0x0000000008002990                DFSDM1_FLT2_IRQHandler
                0x0000000008002990                I2C5_EV_IRQHandler
                0x0000000008002990                USART10_IRQHandler
                0x0000000008002990                MDMA_IRQHandler
                0x0000000008002990                LPTIM3_IRQHandler
                0x0000000008002990                HSEM1_IRQHandler
                0x0000000008002990                EXTI0_IRQHandler
                0x0000000008002990                I2C2_EV_IRQHandler
                0x0000000008002990                DMA1_Stream2_IRQHandler
                0x0000000008002990                FPU_IRQHandler
                0x0000000008002990                OTG_HS_WKUP_IRQHandler
                0x0000000008002990                FDCAN1_IT1_IRQHandler
                0x0000000008002990                LTDC_ER_IRQHandler
                0x0000000008002990                DMA2_Stream2_IRQHandler
                0x0000000008002990                SPI1_IRQHandler
                0x0000000008002990                OCTOSPI1_IRQHandler
                0x0000000008002990                TIM6_DAC_IRQHandler
                0x0000000008002990                DMA2_Stream3_IRQHandler
                0x0000000008002990                OCTOSPI2_IRQHandler
                0x0000000008002990                DFSDM1_FLT3_IRQHandler
                0x0000000008002990                TIM23_IRQHandler
                0x0000000008002990                USART6_IRQHandler
                0x0000000008002990                TIM17_IRQHandler
                0x0000000008002990                USART3_IRQHandler
                0x0000000008002990                BDMA_Channel7_IRQHandler
                0x0000000008002990                CRYP_IRQHandler
                0x0000000008002990                LPTIM5_IRQHandler
                0x0000000008002990                UART5_IRQHandler
                0x0000000008002990                DMA2_Stream0_IRQHandler
                0x0000000008002990                TIM4_IRQHandler
                0x0000000008002990                BDMA_Channel2_IRQHandler
                0x0000000008002990                I2C1_EV_IRQHandler
                0x0000000008002990                DMA1_Stream6_IRQHandler
                0x0000000008002990                DMAMUX1_OVR_IRQHandler
                0x0000000008002990                DMA1_Stream1_IRQHandler
                0x0000000008002990                TIM16_IRQHandler
                0x0000000008002990                UART4_IRQHandler
                0x0000000008002990                BDMA_Channel5_IRQHandler
                0x0000000008002990                TIM3_IRQHandler
                0x0000000008002990                RCC_IRQHandler
                0x0000000008002990                UART9_IRQHandler
                0x0000000008002990                TIM8_BRK_TIM12_IRQHandler
                0x0000000008002990                TIM1_TRG_COM_IRQHandler
                0x0000000008002990                Default_Handler
                0x0000000008002990                ECC_IRQHandler
                0x0000000008002990                FMAC_IRQHandler
                0x0000000008002990                CEC_IRQHandler
                0x0000000008002990                EXTI15_10_IRQHandler
                0x0000000008002990                BDMA_Channel0_IRQHandler
                0x0000000008002990                ADC_IRQHandler
                0x0000000008002990                I2C5_ER_IRQHandler
                0x0000000008002990                OTFDEC1_IRQHandler
                0x0000000008002990                DMA1_Stream7_IRQHandler
                0x0000000008002990                SPI5_IRQHandler
                0x0000000008002990                TIM7_IRQHandler
                0x0000000008002990                FDCAN3_IT1_IRQHandler
                0x0000000008002990                SDMMC1_IRQHandler
                0x0000000008002990                TIM5_IRQHandler
                0x0000000008002990                DMA2_Stream7_IRQHandler
                0x0000000008002990                TIM15_IRQHandler
                0x0000000008002990                PVD_AVD_IRQHandler
                0x0000000008002990                I2C3_EV_IRQHandler
                0x0000000008002990                EXTI9_5_IRQHandler
                0x0000000008002990                RTC_WKUP_IRQHandler
                0x0000000008002990                LTDC_IRQHandler
                0x0000000008002990                ETH_WKUP_IRQHandler
                0x0000000008002990                SPDIF_RX_IRQHandler
                0x0000000008002990                SPI2_IRQHandler
                0x0000000008002990                OTG_HS_EP1_IN_IRQHandler
                0x0000000008002990                OTFDEC2_IRQHandler
                0x0000000008002990                TIM24_IRQHandler
                0x0000000008002990                CRS_IRQHandler
                0x0000000008002990                EXTI4_IRQHandler
                0x0000000008002990                FDCAN2_IT1_IRQHandler
                0x0000000008002990                ETH_IRQHandler
                0x0000000008002990                TIM1_UP_IRQHandler
                0x0000000008002990                BDMA_Channel4_IRQHandler
                0x0000000008002990                OTG_HS_EP1_OUT_IRQHandler
                0x0000000008002990                WWDG_IRQHandler
                0x0000000008002990                SPI6_IRQHandler
                0x0000000008002990                MDIOS_IRQHandler
                0x0000000008002990                I2C4_EV_IRQHandler
                0x0000000008002990                FDCAN2_IT0_IRQHandler
                0x0000000008002990                LPUART1_IRQHandler
                0x0000000008002990                FDCAN1_IT0_IRQHandler
                0x0000000008002990                TIM2_IRQHandler
                0x0000000008002990                DMA2D_IRQHandler
                0x0000000008002990                TIM1_BRK_IRQHandler
                0x0000000008002990                EXTI1_IRQHandler
                0x0000000008002990                SDMMC2_IRQHandler
                0x0000000008002990                BDMA_Channel3_IRQHandler
                0x0000000008002990                DTS_IRQHandler
                0x0000000008002990                UART7_IRQHandler
                0x0000000008002990                MDIOS_WKUP_IRQHandler
                0x0000000008002990                USART2_IRQHandler
                0x0000000008002990                DFSDM1_FLT0_IRQHandler
                0x0000000008002990                SAI4_IRQHandler
                0x0000000008002990                I2C2_ER_IRQHandler
                0x0000000008002990                DMA2_Stream1_IRQHandler
                0x0000000008002990                FLASH_IRQHandler
                0x0000000008002990                DMA2_Stream4_IRQHandler
                0x0000000008002990                USART1_IRQHandler
                0x0000000008002990                SPI3_IRQHandler
                0x0000000008002990                WAKEUP_PIN_IRQHandler
                0x0000000008002990                DMA1_Stream4_IRQHandler
                0x0000000008002990                I2C1_ER_IRQHandler
                0x0000000008002990                FMC_IRQHandler
                0x0000000008002990                FDCAN_CAL_IRQHandler
                0x0000000008002990                SWPMI1_IRQHandler
                0x0000000008002990                COMP1_IRQHandler
                0x0000000008002990                LPTIM1_IRQHandler
                0x0000000008002990                DCMI_PSSI_IRQHandler
                0x0000000008002990                I2C4_ER_IRQHandler
                0x0000000008002990                DMA2_Stream6_IRQHandler
                0x0000000008002990                SAI1_IRQHandler
                0x0000000008002990                DMA1_Stream3_IRQHandler
 *fill*         0x0000000008002992        0x2 
 .text.HAL_Init
                0x0000000008002994       0x78 ./Drivers/STM32H7xx_HAL_Driver/Src/stm32h7xx_hal.o
                0x0000000008002994                HAL_Init
 .text.HAL_InitTick
                0x0000000008002a0c       0x6c ./Drivers/STM32H7xx_HAL_Driver/Src/stm32h7xx_hal.o
                0x0000000008002a0c                HAL_InitTick
 .text.HAL_IncTick
                0x0000000008002a78       0x28 ./Drivers/STM32H7xx_HAL_Driver/Src/stm32h7xx_hal.o
                0x0000000008002a78                HAL_IncTick
 .text.HAL_GetTick
                0x0000000008002aa0       0x18 ./Drivers/STM32H7xx_HAL_Driver/Src/stm32h7xx_hal.o
                0x0000000008002aa0                HAL_GetTick
 .text.HAL_Delay
                0x0000000008002ab8       0x48 ./Drivers/STM32H7xx_HAL_Driver/Src/stm32h7xx_hal.o
                0x0000000008002ab8                HAL_Delay
 .text.HAL_SYSCFG_AnalogSwitchConfig
                0x0000000008002b00       0x2c ./Drivers/STM32H7xx_HAL_Driver/Src/stm32h7xx_hal.o
                0x0000000008002b00                HAL_SYSCFG_AnalogSwitchConfig
 .text.LL_ADC_SetCommonClock
                0x0000000008002b2c       0x26 ./Drivers/STM32H7xx_HAL_Driver/Src/stm32h7xx_hal_adc.o
 .text.LL_ADC_SetCommonPathInternalCh
                0x0000000008002b52       0x26 ./Drivers/STM32H7xx_HAL_Driver/Src/stm32h7xx_hal_adc.o
 .text.LL_ADC_GetCommonPathInternalCh
                0x0000000008002b78       0x1c ./Drivers/STM32H7xx_HAL_Driver/Src/stm32h7xx_hal_adc.o
 .text.LL_ADC_SetOffset
                0x0000000008002b94       0x64 ./Drivers/STM32H7xx_HAL_Driver/Src/stm32h7xx_hal_adc.o
 .text.LL_ADC_GetOffsetChannel
                0x0000000008002bf8       0x2c ./Drivers/STM32H7xx_HAL_Driver/Src/stm32h7xx_hal_adc.o
 .text.LL_ADC_SetDataRightShift
                0x0000000008002c24       0x32 ./Drivers/STM32H7xx_HAL_Driver/Src/stm32h7xx_hal_adc.o
 *fill*         0x0000000008002c56        0x2 
 .text.LL_ADC_SetOffsetSignedSaturation
                0x0000000008002c58       0x44 ./Drivers/STM32H7xx_HAL_Driver/Src/stm32h7xx_hal_adc.o
 .text.LL_ADC_SetOffsetSaturation
                0x0000000008002c9c       0x44 ./Drivers/STM32H7xx_HAL_Driver/Src/stm32h7xx_hal_adc.o
 .text.LL_ADC_SetOffsetSign
                0x0000000008002ce0       0x44 ./Drivers/STM32H7xx_HAL_Driver/Src/stm32h7xx_hal_adc.o
 .text.LL_ADC_SetOffsetState
                0x0000000008002d24       0x54 ./Drivers/STM32H7xx_HAL_Driver/Src/stm32h7xx_hal_adc.o
 .text.LL_ADC_REG_IsTriggerSourceSWStart
                0x0000000008002d78       0x26 ./Drivers/STM32H7xx_HAL_Driver/Src/stm32h7xx_hal_adc.o
 .text.LL_ADC_REG_SetSequencerRanks
                0x0000000008002d9e       0x58 ./Drivers/STM32H7xx_HAL_Driver/Src/stm32h7xx_hal_adc.o
 .text.LL_ADC_INJ_IsTriggerSourceSWStart
                0x0000000008002df6       0x26 ./Drivers/STM32H7xx_HAL_Driver/Src/stm32h7xx_hal_adc.o
 .text.LL_ADC_SetChannelSamplingTime
                0x0000000008002e1c       0x56 ./Drivers/STM32H7xx_HAL_Driver/Src/stm32h7xx_hal_adc.o
 *fill*         0x0000000008002e72        0x2 
 .text.LL_ADC_SetChannelSingleDiff
                0x0000000008002e74       0x80 ./Drivers/STM32H7xx_HAL_Driver/Src/stm32h7xx_hal_adc.o
 .text.LL_ADC_GetMultimode
                0x0000000008002ef4       0x1c ./Drivers/STM32H7xx_HAL_Driver/Src/stm32h7xx_hal_adc.o
 .text.LL_ADC_GetMultiDMATransfer
                0x0000000008002f10       0x1c ./Drivers/STM32H7xx_HAL_Driver/Src/stm32h7xx_hal_adc.o
 .text.LL_ADC_DisableDeepPowerDown
                0x0000000008002f2c       0x24 ./Drivers/STM32H7xx_HAL_Driver/Src/stm32h7xx_hal_adc.o
 .text.LL_ADC_IsDeepPowerDownEnabled
                0x0000000008002f50       0x28 ./Drivers/STM32H7xx_HAL_Driver/Src/stm32h7xx_hal_adc.o
 .text.LL_ADC_EnableInternalRegulator
                0x0000000008002f78       0x28 ./Drivers/STM32H7xx_HAL_Driver/Src/stm32h7xx_hal_adc.o
 .text.LL_ADC_IsInternalRegulatorEnabled
                0x0000000008002fa0       0x28 ./Drivers/STM32H7xx_HAL_Driver/Src/stm32h7xx_hal_adc.o
 .text.LL_ADC_IsEnabled
                0x0000000008002fc8       0x26 ./Drivers/STM32H7xx_HAL_Driver/Src/stm32h7xx_hal_adc.o
 .text.LL_ADC_REG_IsConversionOngoing
                0x0000000008002fee       0x26 ./Drivers/STM32H7xx_HAL_Driver/Src/stm32h7xx_hal_adc.o
 .text.LL_ADC_INJ_IsConversionOngoing
                0x0000000008003014       0x26 ./Drivers/STM32H7xx_HAL_Driver/Src/stm32h7xx_hal_adc.o
 *fill*         0x000000000800303a        0x2 
 .text.HAL_ADC_Init
                0x000000000800303c      0x410 ./Drivers/STM32H7xx_HAL_Driver/Src/stm32h7xx_hal_adc.o
                0x000000000800303c                HAL_ADC_Init
 .text.HAL_ADC_IRQHandler
                0x000000000800344c      0x474 ./Drivers/STM32H7xx_HAL_Driver/Src/stm32h7xx_hal_adc.o
                0x000000000800344c                HAL_ADC_IRQHandler
 .text.HAL_ADC_ConvCpltCallback
                0x00000000080038c0       0x14 ./Drivers/STM32H7xx_HAL_Driver/Src/stm32h7xx_hal_adc.o
                0x00000000080038c0                HAL_ADC_ConvCpltCallback
 .text.HAL_ADC_LevelOutOfWindowCallback
                0x00000000080038d4       0x14 ./Drivers/STM32H7xx_HAL_Driver/Src/stm32h7xx_hal_adc.o
                0x00000000080038d4                HAL_ADC_LevelOutOfWindowCallback
 .text.HAL_ADC_ErrorCallback
                0x00000000080038e8       0x14 ./Drivers/STM32H7xx_HAL_Driver/Src/stm32h7xx_hal_adc.o
                0x00000000080038e8                HAL_ADC_ErrorCallback
 .text.HAL_ADC_ConfigChannel
                0x00000000080038fc      0xa58 ./Drivers/STM32H7xx_HAL_Driver/Src/stm32h7xx_hal_adc.o
                0x00000000080038fc                HAL_ADC_ConfigChannel
 .text.ADC_ConfigureBoostMode
                0x0000000008004354      0x1d8 ./Drivers/STM32H7xx_HAL_Driver/Src/stm32h7xx_hal_adc.o
                0x0000000008004354                ADC_ConfigureBoostMode
 .text.HAL_ADCEx_InjectedConvCpltCallback
                0x000000000800452c       0x14 ./Drivers/STM32H7xx_HAL_Driver/Src/stm32h7xx_hal_adc_ex.o
                0x000000000800452c                HAL_ADCEx_InjectedConvCpltCallback
 .text.HAL_ADCEx_InjectedQueueOverflowCallback
                0x0000000008004540       0x14 ./Drivers/STM32H7xx_HAL_Driver/Src/stm32h7xx_hal_adc_ex.o
                0x0000000008004540                HAL_ADCEx_InjectedQueueOverflowCallback
 .text.HAL_ADCEx_LevelOutOfWindow2Callback
                0x0000000008004554       0x14 ./Drivers/STM32H7xx_HAL_Driver/Src/stm32h7xx_hal_adc_ex.o
                0x0000000008004554                HAL_ADCEx_LevelOutOfWindow2Callback
 .text.HAL_ADCEx_LevelOutOfWindow3Callback
                0x0000000008004568       0x14 ./Drivers/STM32H7xx_HAL_Driver/Src/stm32h7xx_hal_adc_ex.o
                0x0000000008004568                HAL_ADCEx_LevelOutOfWindow3Callback
 .text.HAL_ADCEx_EndOfSamplingCallback
                0x000000000800457c       0x14 ./Drivers/STM32H7xx_HAL_Driver/Src/stm32h7xx_hal_adc_ex.o
                0x000000000800457c                HAL_ADCEx_EndOfSamplingCallback
 .text.__NVIC_SetPriorityGrouping
                0x0000000008004590       0x48 ./Drivers/STM32H7xx_HAL_Driver/Src/stm32h7xx_hal_cortex.o
 .text.__NVIC_GetPriorityGrouping
                0x00000000080045d8       0x1c ./Drivers/STM32H7xx_HAL_Driver/Src/stm32h7xx_hal_cortex.o
 .text.__NVIC_EnableIRQ
                0x00000000080045f4       0x3c ./Drivers/STM32H7xx_HAL_Driver/Src/stm32h7xx_hal_cortex.o
 .text.__NVIC_SetPriority
                0x0000000008004630       0x54 ./Drivers/STM32H7xx_HAL_Driver/Src/stm32h7xx_hal_cortex.o
 .text.NVIC_EncodePriority
                0x0000000008004684       0x66 ./Drivers/STM32H7xx_HAL_Driver/Src/stm32h7xx_hal_cortex.o
 *fill*         0x00000000080046ea        0x2 
 .text.SysTick_Config
                0x00000000080046ec       0x44 ./Drivers/STM32H7xx_HAL_Driver/Src/stm32h7xx_hal_cortex.o
 .text.HAL_NVIC_SetPriorityGrouping
                0x0000000008004730       0x16 ./Drivers/STM32H7xx_HAL_Driver/Src/stm32h7xx_hal_cortex.o
                0x0000000008004730                HAL_NVIC_SetPriorityGrouping
 .text.HAL_NVIC_SetPriority
                0x0000000008004746       0x34 ./Drivers/STM32H7xx_HAL_Driver/Src/stm32h7xx_hal_cortex.o
                0x0000000008004746                HAL_NVIC_SetPriority
 .text.HAL_NVIC_EnableIRQ
                0x000000000800477a       0x1c ./Drivers/STM32H7xx_HAL_Driver/Src/stm32h7xx_hal_cortex.o
                0x000000000800477a                HAL_NVIC_EnableIRQ
 .text.HAL_SYSTICK_Config
                0x0000000008004796       0x18 ./Drivers/STM32H7xx_HAL_Driver/Src/stm32h7xx_hal_cortex.o
                0x0000000008004796                HAL_SYSTICK_Config
 *fill*         0x00000000080047ae        0x2 
 .text.HAL_CRC_Init
                0x00000000080047b0       0xc8 ./Drivers/STM32H7xx_HAL_Driver/Src/stm32h7xx_hal_crc.o
                0x00000000080047b0                HAL_CRC_Init
 .text.HAL_CRCEx_Polynomial_Set
                0x0000000008004878      0x10c ./Drivers/STM32H7xx_HAL_Driver/Src/stm32h7xx_hal_crc_ex.o
                0x0000000008004878                HAL_CRCEx_Polynomial_Set
 .text.HAL_DMA_Init
                0x0000000008004984      0x6b4 ./Drivers/STM32H7xx_HAL_Driver/Src/stm32h7xx_hal_dma.o
                0x0000000008004984                HAL_DMA_Init
 .text.HAL_DMA_IRQHandler
                0x0000000008005038      0xe54 ./Drivers/STM32H7xx_HAL_Driver/Src/stm32h7xx_hal_dma.o
                0x0000000008005038                HAL_DMA_IRQHandler
 .text.DMA_CalcBaseAndBitshift
                0x0000000008005e8c      0x164 ./Drivers/STM32H7xx_HAL_Driver/Src/stm32h7xx_hal_dma.o
 .text.DMA_CheckFifoParam
                0x0000000008005ff0       0xf8 ./Drivers/STM32H7xx_HAL_Driver/Src/stm32h7xx_hal_dma.o
 .text.DMA_CalcDMAMUXChannelBaseAndMask
                0x00000000080060e8      0x134 ./Drivers/STM32H7xx_HAL_Driver/Src/stm32h7xx_hal_dma.o
 .text.DMA_CalcDMAMUXRequestGenBaseAndMask
                0x000000000800621c       0xe8 ./Drivers/STM32H7xx_HAL_Driver/Src/stm32h7xx_hal_dma.o
 .text.HAL_GPIO_Init
                0x0000000008006304      0x350 ./Drivers/STM32H7xx_HAL_Driver/Src/stm32h7xx_hal_gpio.o
                0x0000000008006304                HAL_GPIO_Init
 .text.HAL_GPIO_WritePin
                0x0000000008006654       0x32 ./Drivers/STM32H7xx_HAL_Driver/Src/stm32h7xx_hal_gpio.o
                0x0000000008006654                HAL_GPIO_WritePin
 *fill*         0x0000000008006686        0x2 
 .text.HAL_I2C_Init
                0x0000000008006688      0x120 ./Drivers/STM32H7xx_HAL_Driver/Src/stm32h7xx_hal_i2c.o
                0x0000000008006688                HAL_I2C_Init
 .text.HAL_I2CEx_ConfigAnalogFilter
                0x00000000080067a8       0x96 ./Drivers/STM32H7xx_HAL_Driver/Src/stm32h7xx_hal_i2c_ex.o
                0x00000000080067a8                HAL_I2CEx_ConfigAnalogFilter
 .text.HAL_I2CEx_ConfigDigitalFilter
                0x000000000800683e       0x98 ./Drivers/STM32H7xx_HAL_Driver/Src/stm32h7xx_hal_i2c_ex.o
                0x000000000800683e                HAL_I2CEx_ConfigDigitalFilter
 .text.HAL_PCD_Init
                0x00000000080068d6      0x248 ./Drivers/STM32H7xx_HAL_Driver/Src/stm32h7xx_hal_pcd.o
                0x00000000080068d6                HAL_PCD_Init
 .text.HAL_PCD_Start
                0x0000000008006b1e       0x66 ./Drivers/STM32H7xx_HAL_Driver/Src/stm32h7xx_hal_pcd.o
                0x0000000008006b1e                HAL_PCD_Start
 .text.HAL_PCD_IRQHandler
                0x0000000008006b84      0x7a6 ./Drivers/STM32H7xx_HAL_Driver/Src/stm32h7xx_hal_pcd.o
                0x0000000008006b84                HAL_PCD_IRQHandler
 .text.HAL_PCD_SetAddress
                0x000000000800732a       0x4a ./Drivers/STM32H7xx_HAL_Driver/Src/stm32h7xx_hal_pcd.o
                0x000000000800732a                HAL_PCD_SetAddress
 .text.HAL_PCD_EP_Open
                0x0000000008007374       0xd0 ./Drivers/STM32H7xx_HAL_Driver/Src/stm32h7xx_hal_pcd.o
                0x0000000008007374                HAL_PCD_EP_Open
 .text.HAL_PCD_EP_Close
                0x0000000008007444       0x94 ./Drivers/STM32H7xx_HAL_Driver/Src/stm32h7xx_hal_pcd.o
                0x0000000008007444                HAL_PCD_EP_Close
 .text.HAL_PCD_EP_Receive
                0x00000000080074d8       0x96 ./Drivers/STM32H7xx_HAL_Driver/Src/stm32h7xx_hal_pcd.o
                0x00000000080074d8                HAL_PCD_EP_Receive
 .text.HAL_PCD_EP_GetRxCount
                0x000000000800756e       0x30 ./Drivers/STM32H7xx_HAL_Driver/Src/stm32h7xx_hal_pcd.o
                0x000000000800756e                HAL_PCD_EP_GetRxCount
 .text.HAL_PCD_EP_Transmit
                0x000000000800759e       0x94 ./Drivers/STM32H7xx_HAL_Driver/Src/stm32h7xx_hal_pcd.o
                0x000000000800759e                HAL_PCD_EP_Transmit
 .text.HAL_PCD_EP_SetStall
                0x0000000008007632       0xc8 ./Drivers/STM32H7xx_HAL_Driver/Src/stm32h7xx_hal_pcd.o
                0x0000000008007632                HAL_PCD_EP_SetStall
 .text.HAL_PCD_EP_ClrStall
                0x00000000080076fa       0xac ./Drivers/STM32H7xx_HAL_Driver/Src/stm32h7xx_hal_pcd.o
                0x00000000080076fa                HAL_PCD_EP_ClrStall
 .text.PCD_WriteEmptyTxFifo
                0x00000000080077a6      0x11a ./Drivers/STM32H7xx_HAL_Driver/Src/stm32h7xx_hal_pcd.o
 .text.PCD_EP_OutXfrComplete_int
                0x00000000080078c0      0x218 ./Drivers/STM32H7xx_HAL_Driver/Src/stm32h7xx_hal_pcd.o
 .text.PCD_EP_OutSetupPacket_int
                0x0000000008007ad8       0x8c ./Drivers/STM32H7xx_HAL_Driver/Src/stm32h7xx_hal_pcd.o
 .text.HAL_PCDEx_SetTxFiFo
                0x0000000008007b64       0x8e ./Drivers/STM32H7xx_HAL_Driver/Src/stm32h7xx_hal_pcd_ex.o
                0x0000000008007b64                HAL_PCDEx_SetTxFiFo
 .text.HAL_PCDEx_SetRxFiFo
                0x0000000008007bf2       0x22 ./Drivers/STM32H7xx_HAL_Driver/Src/stm32h7xx_hal_pcd_ex.o
                0x0000000008007bf2                HAL_PCDEx_SetRxFiFo
 .text.HAL_PCDEx_ActivateLPM
                0x0000000008007c14       0x48 ./Drivers/STM32H7xx_HAL_Driver/Src/stm32h7xx_hal_pcd_ex.o
                0x0000000008007c14                HAL_PCDEx_ActivateLPM
 .text.HAL_PCDEx_LPM_Callback
                0x0000000008007c5c       0x18 ./Drivers/STM32H7xx_HAL_Driver/Src/stm32h7xx_hal_pcd_ex.o
                0x0000000008007c5c                HAL_PCDEx_LPM_Callback
 .text.HAL_PWREx_ConfigSupply
                0x0000000008007c74       0x74 ./Drivers/STM32H7xx_HAL_Driver/Src/stm32h7xx_hal_pwr_ex.o
                0x0000000008007c74                HAL_PWREx_ConfigSupply
 .text.HAL_PWREx_EnableUSBVoltageDetector
                0x0000000008007ce8       0x20 ./Drivers/STM32H7xx_HAL_Driver/Src/stm32h7xx_hal_pwr_ex.o
                0x0000000008007ce8                HAL_PWREx_EnableUSBVoltageDetector
 .text.HAL_RCC_OscConfig
                0x0000000008007d08      0x758 ./Drivers/STM32H7xx_HAL_Driver/Src/stm32h7xx_hal_rcc.o
                0x0000000008007d08                HAL_RCC_OscConfig
 .text.HAL_RCC_ClockConfig
                0x0000000008008460      0x36c ./Drivers/STM32H7xx_HAL_Driver/Src/stm32h7xx_hal_rcc.o
                0x0000000008008460                HAL_RCC_ClockConfig
 .text.HAL_RCC_GetSysClockFreq
                0x00000000080087cc      0x2f4 ./Drivers/STM32H7xx_HAL_Driver/Src/stm32h7xx_hal_rcc.o
                0x00000000080087cc                HAL_RCC_GetSysClockFreq
 .text.HAL_RCC_GetHCLKFreq
                0x0000000008008ac0       0x60 ./Drivers/STM32H7xx_HAL_Driver/Src/stm32h7xx_hal_rcc.o
                0x0000000008008ac0                HAL_RCC_GetHCLKFreq
 .text.HAL_RCC_GetPCLK1Freq
                0x0000000008008b20       0x2c ./Drivers/STM32H7xx_HAL_Driver/Src/stm32h7xx_hal_rcc.o
                0x0000000008008b20                HAL_RCC_GetPCLK1Freq
 .text.HAL_RCC_GetPCLK2Freq
                0x0000000008008b4c       0x2c ./Drivers/STM32H7xx_HAL_Driver/Src/stm32h7xx_hal_rcc.o
                0x0000000008008b4c                HAL_RCC_GetPCLK2Freq
 .text.HAL_RCCEx_PeriphCLKConfig
                0x0000000008008b78      0xdf4 ./Drivers/STM32H7xx_HAL_Driver/Src/stm32h7xx_hal_rcc_ex.o
                0x0000000008008b78                HAL_RCCEx_PeriphCLKConfig
 .text.HAL_RCCEx_GetPeriphCLKFreq
                0x000000000800996c      0x848 ./Drivers/STM32H7xx_HAL_Driver/Src/stm32h7xx_hal_rcc_ex.o
                0x000000000800996c                HAL_RCCEx_GetPeriphCLKFreq
 .text.HAL_RCCEx_GetD3PCLK1Freq
                0x000000000800a1b4       0x2c ./Drivers/STM32H7xx_HAL_Driver/Src/stm32h7xx_hal_rcc_ex.o
                0x000000000800a1b4                HAL_RCCEx_GetD3PCLK1Freq
 .text.HAL_RCCEx_GetPLL2ClockFreq
                0x000000000800a1e0      0x2a8 ./Drivers/STM32H7xx_HAL_Driver/Src/stm32h7xx_hal_rcc_ex.o
                0x000000000800a1e0                HAL_RCCEx_GetPLL2ClockFreq
 .text.HAL_RCCEx_GetPLL3ClockFreq
                0x000000000800a488      0x2a8 ./Drivers/STM32H7xx_HAL_Driver/Src/stm32h7xx_hal_rcc_ex.o
                0x000000000800a488                HAL_RCCEx_GetPLL3ClockFreq
 .text.HAL_RCCEx_GetPLL1ClockFreq
                0x000000000800a730      0x2a4 ./Drivers/STM32H7xx_HAL_Driver/Src/stm32h7xx_hal_rcc_ex.o
                0x000000000800a730                HAL_RCCEx_GetPLL1ClockFreq
 .text.RCCEx_PLL2_Config
                0x000000000800a9d4      0x164 ./Drivers/STM32H7xx_HAL_Driver/Src/stm32h7xx_hal_rcc_ex.o
 .text.RCCEx_PLL3_Config
                0x000000000800ab38      0x164 ./Drivers/STM32H7xx_HAL_Driver/Src/stm32h7xx_hal_rcc_ex.o
 .text.HAL_SPI_Init
                0x000000000800ac9c      0x20c ./Drivers/STM32H7xx_HAL_Driver/Src/stm32h7xx_hal_spi.o
                0x000000000800ac9c                HAL_SPI_Init
 .text.SPI_GetPacketSize
                0x000000000800aea8       0x36 ./Drivers/STM32H7xx_HAL_Driver/Src/stm32h7xx_hal_spi.o
 .text.HAL_TIM_Base_Init
                0x000000000800aede       0xae ./Drivers/STM32H7xx_HAL_Driver/Src/stm32h7xx_hal_tim.o
                0x000000000800aede                HAL_TIM_Base_Init
 .text.HAL_TIM_PWM_Init
                0x000000000800af8c       0xae ./Drivers/STM32H7xx_HAL_Driver/Src/stm32h7xx_hal_tim.o
                0x000000000800af8c                HAL_TIM_PWM_Init
 *fill*         0x000000000800b03a        0x2 
 .text.HAL_TIM_Encoder_Init
                0x000000000800b03c      0x14c ./Drivers/STM32H7xx_HAL_Driver/Src/stm32h7xx_hal_tim.o
                0x000000000800b03c                HAL_TIM_Encoder_Init
 .text.HAL_TIM_PWM_ConfigChannel
                0x000000000800b188      0x228 ./Drivers/STM32H7xx_HAL_Driver/Src/stm32h7xx_hal_tim.o
                0x000000000800b188                HAL_TIM_PWM_ConfigChannel
 .text.HAL_TIM_ConfigClockSource
                0x000000000800b3b0      0x1f0 ./Drivers/STM32H7xx_HAL_Driver/Src/stm32h7xx_hal_tim.o
                0x000000000800b3b0                HAL_TIM_ConfigClockSource
 .text.TIM_Base_SetConfig
                0x000000000800b5a0      0x14c ./Drivers/STM32H7xx_HAL_Driver/Src/stm32h7xx_hal_tim.o
                0x000000000800b5a0                TIM_Base_SetConfig
 .text.TIM_OC1_SetConfig
                0x000000000800b6ec      0x120 ./Drivers/STM32H7xx_HAL_Driver/Src/stm32h7xx_hal_tim.o
 .text.TIM_OC2_SetConfig
                0x000000000800b80c      0x114 ./Drivers/STM32H7xx_HAL_Driver/Src/stm32h7xx_hal_tim.o
                0x000000000800b80c                TIM_OC2_SetConfig
 .text.TIM_OC3_SetConfig
                0x000000000800b920      0x110 ./Drivers/STM32H7xx_HAL_Driver/Src/stm32h7xx_hal_tim.o
 .text.TIM_OC4_SetConfig
                0x000000000800ba30       0xd4 ./Drivers/STM32H7xx_HAL_Driver/Src/stm32h7xx_hal_tim.o
 .text.TIM_OC5_SetConfig
                0x000000000800bb04       0xc8 ./Drivers/STM32H7xx_HAL_Driver/Src/stm32h7xx_hal_tim.o
 .text.TIM_OC6_SetConfig
                0x000000000800bbcc       0xcc ./Drivers/STM32H7xx_HAL_Driver/Src/stm32h7xx_hal_tim.o
 .text.TIM_TI1_ConfigInputStage
                0x000000000800bc98       0x5e ./Drivers/STM32H7xx_HAL_Driver/Src/stm32h7xx_hal_tim.o
 .text.TIM_TI2_ConfigInputStage
                0x000000000800bcf6       0x60 ./Drivers/STM32H7xx_HAL_Driver/Src/stm32h7xx_hal_tim.o
 *fill*         0x000000000800bd56        0x2 
 .text.TIM_ITRx_SetConfig
                0x000000000800bd58       0x3c ./Drivers/STM32H7xx_HAL_Driver/Src/stm32h7xx_hal_tim.o
 .text.TIM_ETR_SetConfig
                0x000000000800bd94       0x40 ./Drivers/STM32H7xx_HAL_Driver/Src/stm32h7xx_hal_tim.o
                0x000000000800bd94                TIM_ETR_SetConfig
 .text.HAL_TIMEx_MasterConfigSynchronization
                0x000000000800bdd4      0x138 ./Drivers/STM32H7xx_HAL_Driver/Src/stm32h7xx_hal_tim_ex.o
                0x000000000800bdd4                HAL_TIMEx_MasterConfigSynchronization
 .text.HAL_TIMEx_ConfigBreakDeadTime
                0x000000000800bf0c      0x140 ./Drivers/STM32H7xx_HAL_Driver/Src/stm32h7xx_hal_tim_ex.o
                0x000000000800bf0c                HAL_TIMEx_ConfigBreakDeadTime
 .text.HAL_UART_Init
                0x000000000800c04c       0xa0 ./Drivers/STM32H7xx_HAL_Driver/Src/stm32h7xx_hal_uart.o
                0x000000000800c04c                HAL_UART_Init
 .text.UART_SetConfig
                0x000000000800c0ec      0xcbc ./Drivers/STM32H7xx_HAL_Driver/Src/stm32h7xx_hal_uart.o
                0x000000000800c0ec                UART_SetConfig
 .text.UART_AdvFeatureConfig
                0x000000000800cda8      0x144 ./Drivers/STM32H7xx_HAL_Driver/Src/stm32h7xx_hal_uart.o
                0x000000000800cda8                UART_AdvFeatureConfig
 .text.UART_CheckIdleState
                0x000000000800ceec       0x96 ./Drivers/STM32H7xx_HAL_Driver/Src/stm32h7xx_hal_uart.o
                0x000000000800ceec                UART_CheckIdleState
 .text.UART_WaitOnFlagUntilTimeout
                0x000000000800cf82      0x190 ./Drivers/STM32H7xx_HAL_Driver/Src/stm32h7xx_hal_uart.o
                0x000000000800cf82                UART_WaitOnFlagUntilTimeout
 .text.HAL_UARTEx_DisableFifoMode
                0x000000000800d112       0x72 ./Drivers/STM32H7xx_HAL_Driver/Src/stm32h7xx_hal_uart_ex.o
                0x000000000800d112                HAL_UARTEx_DisableFifoMode
 .text.HAL_UARTEx_SetTxFifoThreshold
                0x000000000800d184       0x7c ./Drivers/STM32H7xx_HAL_Driver/Src/stm32h7xx_hal_uart_ex.o
                0x000000000800d184                HAL_UARTEx_SetTxFifoThreshold
 .text.HAL_UARTEx_SetRxFifoThreshold
                0x000000000800d200       0x7c ./Drivers/STM32H7xx_HAL_Driver/Src/stm32h7xx_hal_uart_ex.o
                0x000000000800d200                HAL_UARTEx_SetRxFifoThreshold
 .text.UARTEx_SetNbDataToProcess
                0x000000000800d27c       0x9c ./Drivers/STM32H7xx_HAL_Driver/Src/stm32h7xx_hal_uart_ex.o
 .text.USB_CoreInit
                0x000000000800d318       0xdc ./Drivers/STM32H7xx_HAL_Driver/Src/stm32h7xx_ll_usb.o
                0x000000000800d318                USB_CoreInit
 .text.USB_SetTurnaroundTime
                0x000000000800d3f4      0x144 ./Drivers/STM32H7xx_HAL_Driver/Src/stm32h7xx_ll_usb.o
                0x000000000800d3f4                USB_SetTurnaroundTime
 .text.USB_EnableGlobalInt
                0x000000000800d538       0x22 ./Drivers/STM32H7xx_HAL_Driver/Src/stm32h7xx_ll_usb.o
                0x000000000800d538                USB_EnableGlobalInt
 .text.USB_DisableGlobalInt
                0x000000000800d55a       0x22 ./Drivers/STM32H7xx_HAL_Driver/Src/stm32h7xx_ll_usb.o
                0x000000000800d55a                USB_DisableGlobalInt
 .text.USB_SetCurrentMode
                0x000000000800d57c       0x98 ./Drivers/STM32H7xx_HAL_Driver/Src/stm32h7xx_ll_usb.o
                0x000000000800d57c                USB_SetCurrentMode
 .text.USB_DevInit
                0x000000000800d614      0x2bc ./Drivers/STM32H7xx_HAL_Driver/Src/stm32h7xx_ll_usb.o
                0x000000000800d614                USB_DevInit
 .text.USB_FlushTxFifo
                0x000000000800d8d0       0x64 ./Drivers/STM32H7xx_HAL_Driver/Src/stm32h7xx_ll_usb.o
                0x000000000800d8d0                USB_FlushTxFifo
 .text.USB_FlushRxFifo
                0x000000000800d934       0x5c ./Drivers/STM32H7xx_HAL_Driver/Src/stm32h7xx_ll_usb.o
                0x000000000800d934                USB_FlushRxFifo
 .text.USB_SetDevSpeed
                0x000000000800d990       0x32 ./Drivers/STM32H7xx_HAL_Driver/Src/stm32h7xx_ll_usb.o
                0x000000000800d990                USB_SetDevSpeed
 .text.USB_GetDevSpeed
                0x000000000800d9c2       0x4a ./Drivers/STM32H7xx_HAL_Driver/Src/stm32h7xx_ll_usb.o
                0x000000000800d9c2                USB_GetDevSpeed
 .text.USB_ActivateEndpoint
                0x000000000800da0c      0x110 ./Drivers/STM32H7xx_HAL_Driver/Src/stm32h7xx_ll_usb.o
                0x000000000800da0c                USB_ActivateEndpoint
 .text.USB_DeactivateEndpoint
                0x000000000800db1c      0x1b8 ./Drivers/STM32H7xx_HAL_Driver/Src/stm32h7xx_ll_usb.o
                0x000000000800db1c                USB_DeactivateEndpoint
 .text.USB_EPStartXfer
                0x000000000800dcd4      0x498 ./Drivers/STM32H7xx_HAL_Driver/Src/stm32h7xx_ll_usb.o
                0x000000000800dcd4                USB_EPStartXfer
 .text.USB_EP0StartXfer
                0x000000000800e16c      0x2b0 ./Drivers/STM32H7xx_HAL_Driver/Src/stm32h7xx_ll_usb.o
                0x000000000800e16c                USB_EP0StartXfer
 .text.USB_WritePacket
                0x000000000800e41c       0x7c ./Drivers/STM32H7xx_HAL_Driver/Src/stm32h7xx_ll_usb.o
                0x000000000800e41c                USB_WritePacket
 .text.USB_ReadPacket
                0x000000000800e498       0xb0 ./Drivers/STM32H7xx_HAL_Driver/Src/stm32h7xx_ll_usb.o
                0x000000000800e498                USB_ReadPacket
 .text.USB_EPSetStall
                0x000000000800e548       0xdc ./Drivers/STM32H7xx_HAL_Driver/Src/stm32h7xx_ll_usb.o
                0x000000000800e548                USB_EPSetStall
 .text.USB_EPClearStall
                0x000000000800e624       0xcc ./Drivers/STM32H7xx_HAL_Driver/Src/stm32h7xx_ll_usb.o
                0x000000000800e624                USB_EPClearStall
 .text.USB_SetDevAddress
                0x000000000800e6f0       0x4c ./Drivers/STM32H7xx_HAL_Driver/Src/stm32h7xx_ll_usb.o
                0x000000000800e6f0                USB_SetDevAddress
 .text.USB_DevConnect
                0x000000000800e73c       0x42 ./Drivers/STM32H7xx_HAL_Driver/Src/stm32h7xx_ll_usb.o
                0x000000000800e73c                USB_DevConnect
 .text.USB_DevDisconnect
                0x000000000800e77e       0x42 ./Drivers/STM32H7xx_HAL_Driver/Src/stm32h7xx_ll_usb.o
                0x000000000800e77e                USB_DevDisconnect
 .text.USB_ReadInterrupts
                0x000000000800e7c0       0x26 ./Drivers/STM32H7xx_HAL_Driver/Src/stm32h7xx_ll_usb.o
                0x000000000800e7c0                USB_ReadInterrupts
 .text.USB_ReadDevAllOutEpInterrupt
                0x000000000800e7e6       0x34 ./Drivers/STM32H7xx_HAL_Driver/Src/stm32h7xx_ll_usb.o
                0x000000000800e7e6                USB_ReadDevAllOutEpInterrupt
 .text.USB_ReadDevAllInEpInterrupt
                0x000000000800e81a       0x34 ./Drivers/STM32H7xx_HAL_Driver/Src/stm32h7xx_ll_usb.o
                0x000000000800e81a                USB_ReadDevAllInEpInterrupt
 .text.USB_ReadDevOutEPInterrupt
                0x000000000800e84e       0x3c ./Drivers/STM32H7xx_HAL_Driver/Src/stm32h7xx_ll_usb.o
                0x000000000800e84e                USB_ReadDevOutEPInterrupt
 .text.USB_ReadDevInEPInterrupt
                0x000000000800e88a       0x5c ./Drivers/STM32H7xx_HAL_Driver/Src/stm32h7xx_ll_usb.o
                0x000000000800e88a                USB_ReadDevInEPInterrupt
 .text.USB_GetMode
                0x000000000800e8e6       0x1c ./Drivers/STM32H7xx_HAL_Driver/Src/stm32h7xx_ll_usb.o
                0x000000000800e8e6                USB_GetMode
 *fill*         0x000000000800e902        0x2 
 .text.USB_ActivateSetup
                0x000000000800e904       0x48 ./Drivers/STM32H7xx_HAL_Driver/Src/stm32h7xx_ll_usb.o
                0x000000000800e904                USB_ActivateSetup
 .text.USB_EP0_OutStart
                0x000000000800e94c       0xbc ./Drivers/STM32H7xx_HAL_Driver/Src/stm32h7xx_ll_usb.o
                0x000000000800e94c                USB_EP0_OutStart
 .text.USB_CoreReset
                0x000000000800ea08       0x64 ./Drivers/STM32H7xx_HAL_Driver/Src/stm32h7xx_ll_usb.o
 .text.USBD_CDC_Init
                0x000000000800ea6c       0xfe ./Middlewares/ST/STM32_USB_Device_Library/Class/CDC/Src/usbd_cdc.o
 .text.USBD_CDC_DeInit
                0x000000000800eb6a       0x74 ./Middlewares/ST/STM32_USB_Device_Library/Class/CDC/Src/usbd_cdc.o
 *fill*         0x000000000800ebde        0x2 
 .text.USBD_CDC_Setup
                0x000000000800ebe0      0x190 ./Middlewares/ST/STM32_USB_Device_Library/Class/CDC/Src/usbd_cdc.o
 .text.USBD_CDC_DataIn
                0x000000000800ed70       0xca ./Middlewares/ST/STM32_USB_Device_Library/Class/CDC/Src/usbd_cdc.o
 .text.USBD_CDC_DataOut
                0x000000000800ee3a       0x56 ./Middlewares/ST/STM32_USB_Device_Library/Class/CDC/Src/usbd_cdc.o
 .text.USBD_CDC_EP0_RxReady
                0x000000000800ee90       0x5a ./Middlewares/ST/STM32_USB_Device_Library/Class/CDC/Src/usbd_cdc.o
 *fill*         0x000000000800eeea        0x2 
 .text.USBD_CDC_GetFSCfgDesc
                0x000000000800eeec       0x20 ./Middlewares/ST/STM32_USB_Device_Library/Class/CDC/Src/usbd_cdc.o
 .text.USBD_CDC_GetHSCfgDesc
                0x000000000800ef0c       0x20 ./Middlewares/ST/STM32_USB_Device_Library/Class/CDC/Src/usbd_cdc.o
 .text.USBD_CDC_GetOtherSpeedCfgDesc
                0x000000000800ef2c       0x20 ./Middlewares/ST/STM32_USB_Device_Library/Class/CDC/Src/usbd_cdc.o
 .text.USBD_CDC_GetDeviceQualifierDescriptor
                0x000000000800ef4c       0x20 ./Middlewares/ST/STM32_USB_Device_Library/Class/CDC/Src/usbd_cdc.o
                0x000000000800ef4c                USBD_CDC_GetDeviceQualifierDescriptor
 .text.USBD_CDC_RegisterInterface
                0x000000000800ef6c       0x2a ./Middlewares/ST/STM32_USB_Device_Library/Class/CDC/Src/usbd_cdc.o
                0x000000000800ef6c                USBD_CDC_RegisterInterface
 .text.USBD_CDC_SetTxBuffer
                0x000000000800ef96       0x3c ./Middlewares/ST/STM32_USB_Device_Library/Class/CDC/Src/usbd_cdc.o
                0x000000000800ef96                USBD_CDC_SetTxBuffer
 .text.USBD_CDC_SetRxBuffer
                0x000000000800efd2       0x32 ./Middlewares/ST/STM32_USB_Device_Library/Class/CDC/Src/usbd_cdc.o
                0x000000000800efd2                USBD_CDC_SetRxBuffer
 .text.USBD_CDC_ReceivePacket
                0x000000000800f004       0x54 ./Middlewares/ST/STM32_USB_Device_Library/Class/CDC/Src/usbd_cdc.o
                0x000000000800f004                USBD_CDC_ReceivePacket
 .text.USBD_Init
                0x000000000800f058       0x60 ./Middlewares/ST/STM32_USB_Device_Library/Core/Src/usbd_core.o
                0x000000000800f058                USBD_Init
 .text.USBD_RegisterClass
                0x000000000800f0b8       0x4e ./Middlewares/ST/STM32_USB_Device_Library/Core/Src/usbd_core.o
                0x000000000800f0b8                USBD_RegisterClass
 .text.USBD_Start
                0x000000000800f106       0x18 ./Middlewares/ST/STM32_USB_Device_Library/Core/Src/usbd_core.o
                0x000000000800f106                USBD_Start
 .text.USBD_RunTestMode
                0x000000000800f11e       0x16 ./Middlewares/ST/STM32_USB_Device_Library/Core/Src/usbd_core.o
                0x000000000800f11e                USBD_RunTestMode
 .text.USBD_SetClassConfig
                0x000000000800f134       0x38 ./Middlewares/ST/STM32_USB_Device_Library/Core/Src/usbd_core.o
                0x000000000800f134                USBD_SetClassConfig
 .text.USBD_ClrClassConfig
                0x000000000800f16c       0x30 ./Middlewares/ST/STM32_USB_Device_Library/Core/Src/usbd_core.o
                0x000000000800f16c                USBD_ClrClassConfig
 .text.USBD_LL_SetupStage
                0x000000000800f19c       0xaa ./Middlewares/ST/STM32_USB_Device_Library/Core/Src/usbd_core.o
                0x000000000800f19c                USBD_LL_SetupStage
 .text.USBD_LL_DataOutStage
                0x000000000800f246       0xc6 ./Middlewares/ST/STM32_USB_Device_Library/Core/Src/usbd_core.o
                0x000000000800f246                USBD_LL_DataOutStage
 .text.USBD_LL_DataInStage
                0x000000000800f30c      0x12c ./Middlewares/ST/STM32_USB_Device_Library/Core/Src/usbd_core.o
                0x000000000800f30c                USBD_LL_DataInStage
 .text.USBD_LL_Reset
                0x000000000800f438       0x9c ./Middlewares/ST/STM32_USB_Device_Library/Core/Src/usbd_core.o
                0x000000000800f438                USBD_LL_Reset
 .text.USBD_LL_SetSpeed
                0x000000000800f4d4       0x20 ./Middlewares/ST/STM32_USB_Device_Library/Core/Src/usbd_core.o
                0x000000000800f4d4                USBD_LL_SetSpeed
 .text.USBD_LL_Suspend
                0x000000000800f4f4       0x2c ./Middlewares/ST/STM32_USB_Device_Library/Core/Src/usbd_core.o
                0x000000000800f4f4                USBD_LL_Suspend
 .text.USBD_LL_Resume
                0x000000000800f520       0x30 ./Middlewares/ST/STM32_USB_Device_Library/Core/Src/usbd_core.o
                0x000000000800f520                USBD_LL_Resume
 .text.USBD_LL_SOF
                0x000000000800f550       0x44 ./Middlewares/ST/STM32_USB_Device_Library/Core/Src/usbd_core.o
                0x000000000800f550                USBD_LL_SOF
 .text.USBD_LL_IsoINIncomplete
                0x000000000800f594       0x4c ./Middlewares/ST/STM32_USB_Device_Library/Core/Src/usbd_core.o
                0x000000000800f594                USBD_LL_IsoINIncomplete
 .text.USBD_LL_IsoOUTIncomplete
                0x000000000800f5e0       0x4c ./Middlewares/ST/STM32_USB_Device_Library/Core/Src/usbd_core.o
                0x000000000800f5e0                USBD_LL_IsoOUTIncomplete
 .text.USBD_LL_DevConnected
                0x000000000800f62c       0x16 ./Middlewares/ST/STM32_USB_Device_Library/Core/Src/usbd_core.o
                0x000000000800f62c                USBD_LL_DevConnected
 .text.USBD_LL_DevDisconnected
                0x000000000800f642       0x38 ./Middlewares/ST/STM32_USB_Device_Library/Core/Src/usbd_core.o
                0x000000000800f642                USBD_LL_DevDisconnected
 .text.SWAPBYTE
                0x000000000800f67a       0x3c ./Middlewares/ST/STM32_USB_Device_Library/Core/Src/usbd_ctlreq.o
 *fill*         0x000000000800f6b6        0x2 
 .text.USBD_StdDevReq
                0x000000000800f6b8       0xdc ./Middlewares/ST/STM32_USB_Device_Library/Core/Src/usbd_ctlreq.o
                0x000000000800f6b8                USBD_StdDevReq
 .text.USBD_StdItfReq
                0x000000000800f794       0x92 ./Middlewares/ST/STM32_USB_Device_Library/Core/Src/usbd_ctlreq.o
                0x000000000800f794                USBD_StdItfReq
 .text.USBD_StdEPReq
                0x000000000800f826      0x2c4 ./Middlewares/ST/STM32_USB_Device_Library/Core/Src/usbd_ctlreq.o
                0x000000000800f826                USBD_StdEPReq
 *fill*         0x000000000800faea        0x2 
 .text.USBD_GetDescriptor
                0x000000000800faec      0x2d4 ./Middlewares/ST/STM32_USB_Device_Library/Core/Src/usbd_ctlreq.o
 .text.USBD_SetAddress
                0x000000000800fdc0       0x88 ./Middlewares/ST/STM32_USB_Device_Library/Core/Src/usbd_ctlreq.o
 .text.USBD_SetConfig
                0x000000000800fe48      0x14c ./Middlewares/ST/STM32_USB_Device_Library/Core/Src/usbd_ctlreq.o
 .text.USBD_GetConfig
                0x000000000800ff94       0x6c ./Middlewares/ST/STM32_USB_Device_Library/Core/Src/usbd_ctlreq.o
 .text.USBD_GetStatus
                0x0000000008010000       0x68 ./Middlewares/ST/STM32_USB_Device_Library/Core/Src/usbd_ctlreq.o
 .text.USBD_SetFeature
                0x0000000008010068       0x28 ./Middlewares/ST/STM32_USB_Device_Library/Core/Src/usbd_ctlreq.o
 .text.USBD_ClrFeature
                0x0000000008010090       0x44 ./Middlewares/ST/STM32_USB_Device_Library/Core/Src/usbd_ctlreq.o
 .text.USBD_ParseSetupRequest
                0x00000000080100d4       0x74 ./Middlewares/ST/STM32_USB_Device_Library/Core/Src/usbd_ctlreq.o
                0x00000000080100d4                USBD_ParseSetupRequest
 .text.USBD_CtlError
                0x0000000008010148       0x22 ./Middlewares/ST/STM32_USB_Device_Library/Core/Src/usbd_ctlreq.o
                0x0000000008010148                USBD_CtlError
 .text.USBD_GetString
                0x000000000801016a       0x8c ./Middlewares/ST/STM32_USB_Device_Library/Core/Src/usbd_ctlreq.o
                0x000000000801016a                USBD_GetString
 .text.USBD_GetLen
                0x00000000080101f6       0x34 ./Middlewares/ST/STM32_USB_Device_Library/Core/Src/usbd_ctlreq.o
 .text.USBD_CtlSendData
                0x000000000801022a       0x36 ./Middlewares/ST/STM32_USB_Device_Library/Core/Src/usbd_ioreq.o
                0x000000000801022a                USBD_CtlSendData
 .text.USBD_CtlContinueSendData
                0x0000000008010260       0x22 ./Middlewares/ST/STM32_USB_Device_Library/Core/Src/usbd_ioreq.o
                0x0000000008010260                USBD_CtlContinueSendData
 .text.USBD_CtlPrepareRx
                0x0000000008010282       0x3a ./Middlewares/ST/STM32_USB_Device_Library/Core/Src/usbd_ioreq.o
                0x0000000008010282                USBD_CtlPrepareRx
 .text.USBD_CtlContinueRx
                0x00000000080102bc       0x22 ./Middlewares/ST/STM32_USB_Device_Library/Core/Src/usbd_ioreq.o
                0x00000000080102bc                USBD_CtlContinueRx
 .text.USBD_CtlSendStatus
                0x00000000080102de       0x26 ./Middlewares/ST/STM32_USB_Device_Library/Core/Src/usbd_ioreq.o
                0x00000000080102de                USBD_CtlSendStatus
 .text.USBD_CtlReceiveStatus
                0x0000000008010304       0x26 ./Middlewares/ST/STM32_USB_Device_Library/Core/Src/usbd_ioreq.o
                0x0000000008010304                USBD_CtlReceiveStatus
 *fill*         0x000000000801032a        0x2 
 .text.MX_USB_DEVICE_Init
                0x000000000801032c       0x64 ./USB_DEVICE/App/usb_device.o
                0x000000000801032c                MX_USB_DEVICE_Init
 .text.CDC_Init_HS
                0x0000000008010390       0x28 ./USB_DEVICE/App/usbd_cdc_if.o
 .text.CDC_DeInit_HS
                0x00000000080103b8       0x10 ./USB_DEVICE/App/usbd_cdc_if.o
 .text.CDC_Control_HS
                0x00000000080103c8       0xbc ./USB_DEVICE/App/usbd_cdc_if.o
 .text.CDC_Receive_HS
                0x0000000008010484       0x28 ./USB_DEVICE/App/usbd_cdc_if.o
 .text.CDC_TransmitCplt_HS
                0x00000000080104ac       0x22 ./USB_DEVICE/App/usbd_cdc_if.o
 *fill*         0x00000000080104ce        0x2 
 .text.USBD_HS_DeviceDescriptor
                0x00000000080104d0       0x24 ./USB_DEVICE/App/usbd_desc.o
                0x00000000080104d0                USBD_HS_DeviceDescriptor
 .text.USBD_HS_LangIDStrDescriptor
                0x00000000080104f4       0x24 ./USB_DEVICE/App/usbd_desc.o
                0x00000000080104f4                USBD_HS_LangIDStrDescriptor
 .text.USBD_HS_ProductStrDescriptor
                0x0000000008010518       0x3c ./USB_DEVICE/App/usbd_desc.o
                0x0000000008010518                USBD_HS_ProductStrDescriptor
 .text.USBD_HS_ManufacturerStrDescriptor
                0x0000000008010554       0x28 ./USB_DEVICE/App/usbd_desc.o
                0x0000000008010554                USBD_HS_ManufacturerStrDescriptor
 .text.USBD_HS_SerialStrDescriptor
                0x000000000801057c       0x24 ./USB_DEVICE/App/usbd_desc.o
                0x000000000801057c                USBD_HS_SerialStrDescriptor
 .text.USBD_HS_ConfigStrDescriptor
                0x00000000080105a0       0x3c ./USB_DEVICE/App/usbd_desc.o
                0x00000000080105a0                USBD_HS_ConfigStrDescriptor
 .text.USBD_HS_InterfaceStrDescriptor
                0x00000000080105dc       0x3c ./USB_DEVICE/App/usbd_desc.o
                0x00000000080105dc                USBD_HS_InterfaceStrDescriptor
 .text.Get_SerialNum
                0x0000000008010618       0x58 ./USB_DEVICE/App/usbd_desc.o
 .text.IntToUnicode
                0x0000000008010670       0x7e ./USB_DEVICE/App/usbd_desc.o
 *fill*         0x00000000080106ee        0x2 
 .text.HAL_PCD_MspInit
                0x00000000080106f0       0x84 ./USB_DEVICE/Target/usbd_conf.o
                0x00000000080106f0                HAL_PCD_MspInit
 .text.HAL_PCD_SetupStageCallback
                0x0000000008010774       0x24 ./USB_DEVICE/Target/usbd_conf.o
                0x0000000008010774                HAL_PCD_SetupStageCallback
 .text.HAL_PCD_DataOutStageCallback
                0x0000000008010798       0x36 ./USB_DEVICE/Target/usbd_conf.o
                0x0000000008010798                HAL_PCD_DataOutStageCallback
 .text.HAL_PCD_DataInStageCallback
                0x00000000080107ce       0x34 ./USB_DEVICE/Target/usbd_conf.o
                0x00000000080107ce                HAL_PCD_DataInStageCallback
 .text.HAL_PCD_SOFCallback
                0x0000000008010802       0x1c ./USB_DEVICE/Target/usbd_conf.o
                0x0000000008010802                HAL_PCD_SOFCallback
 .text.HAL_PCD_ResetCallback
                0x000000000801081e       0x50 ./USB_DEVICE/Target/usbd_conf.o
                0x000000000801081e                HAL_PCD_ResetCallback
 *fill*         0x000000000801086e        0x2 
 .text.HAL_PCD_SuspendCallback
                0x0000000008010870       0x4c ./USB_DEVICE/Target/usbd_conf.o
                0x0000000008010870                HAL_PCD_SuspendCallback
 .text.HAL_PCD_ResumeCallback
                0x00000000080108bc       0x1c ./USB_DEVICE/Target/usbd_conf.o
                0x00000000080108bc                HAL_PCD_ResumeCallback
 .text.HAL_PCD_ISOOUTIncompleteCallback
                0x00000000080108d8       0x24 ./USB_DEVICE/Target/usbd_conf.o
                0x00000000080108d8                HAL_PCD_ISOOUTIncompleteCallback
 .text.HAL_PCD_ISOINIncompleteCallback
                0x00000000080108fc       0x24 ./USB_DEVICE/Target/usbd_conf.o
                0x00000000080108fc                HAL_PCD_ISOINIncompleteCallback
 .text.HAL_PCD_ConnectCallback
                0x0000000008010920       0x1c ./USB_DEVICE/Target/usbd_conf.o
                0x0000000008010920                HAL_PCD_ConnectCallback
 .text.HAL_PCD_DisconnectCallback
                0x000000000801093c       0x1c ./USB_DEVICE/Target/usbd_conf.o
                0x000000000801093c                HAL_PCD_DisconnectCallback
 .text.USBD_LL_Init
                0x0000000008010958       0xac ./USB_DEVICE/Target/usbd_conf.o
                0x0000000008010958                USBD_LL_Init
 .text.USBD_LL_Start
                0x0000000008010a04       0x36 ./USB_DEVICE/Target/usbd_conf.o
                0x0000000008010a04                USBD_LL_Start
 .text.USBD_LL_OpenEP
                0x0000000008010a3a       0x4c ./USB_DEVICE/Target/usbd_conf.o
                0x0000000008010a3a                USBD_LL_OpenEP
 .text.USBD_LL_CloseEP
                0x0000000008010a86       0x3e ./USB_DEVICE/Target/usbd_conf.o
                0x0000000008010a86                USBD_LL_CloseEP
 .text.USBD_LL_StallEP
                0x0000000008010ac4       0x3e ./USB_DEVICE/Target/usbd_conf.o
                0x0000000008010ac4                USBD_LL_StallEP
 .text.USBD_LL_ClearStallEP
                0x0000000008010b02       0x3e ./USB_DEVICE/Target/usbd_conf.o
                0x0000000008010b02                USBD_LL_ClearStallEP
 .text.USBD_LL_IsStallEP
                0x0000000008010b40       0x58 ./USB_DEVICE/Target/usbd_conf.o
                0x0000000008010b40                USBD_LL_IsStallEP
 .text.USBD_LL_SetUSBAddress
                0x0000000008010b98       0x3e ./USB_DEVICE/Target/usbd_conf.o
                0x0000000008010b98                USBD_LL_SetUSBAddress
 .text.USBD_LL_Transmit
                0x0000000008010bd6       0x42 ./USB_DEVICE/Target/usbd_conf.o
                0x0000000008010bd6                USBD_LL_Transmit
 .text.USBD_LL_PrepareReceive
                0x0000000008010c18       0x42 ./USB_DEVICE/Target/usbd_conf.o
                0x0000000008010c18                USBD_LL_PrepareReceive
 .text.USBD_LL_GetRxDataSize
                0x0000000008010c5a       0x26 ./USB_DEVICE/Target/usbd_conf.o
                0x0000000008010c5a                USBD_LL_GetRxDataSize
 .text.USBD_static_malloc
                0x0000000008010c80       0x1c ./USB_DEVICE/Target/usbd_conf.o
                0x0000000008010c80                USBD_static_malloc
 .text.USBD_static_free
                0x0000000008010c9c       0x14 ./USB_DEVICE/Target/usbd_conf.o
                0x0000000008010c9c                USBD_static_free
 .text.USBD_Get_USB_Status
                0x0000000008010cb0       0x58 ./USB_DEVICE/Target/usbd_conf.o
                0x0000000008010cb0                USBD_Get_USB_Status
 .text.__libc_init_array
                0x0000000008010d08       0x48 c:/st/stm32cubeide_1.8.0/stm32cubeide/plugins/com.st.stm32cube.ide.mcu.externaltools.gnu-tools-for-stm32.9-2020-q2-update.win32_2.0.0.202105311346/tools/bin/../lib/gcc/arm-none-eabi/9.3.1/../../../../arm-none-eabi/lib/thumb/v7e-m+dp/hard\libc_nano.a(lib_a-init.o)
                0x0000000008010d08                __libc_init_array
 .text.memset   0x0000000008010d50       0x10 c:/st/stm32cubeide_1.8.0/stm32cubeide/plugins/com.st.stm32cube.ide.mcu.externaltools.gnu-tools-for-stm32.9-2020-q2-update.win32_2.0.0.202105311346/tools/bin/../lib/gcc/arm-none-eabi/9.3.1/../../../../arm-none-eabi/lib/thumb/v7e-m+dp/hard\libc_nano.a(lib_a-memset.o)
                0x0000000008010d50                memset
 .text.cos      0x0000000008010d60       0x90 c:/st/stm32cubeide_1.8.0/stm32cubeide/plugins/com.st.stm32cube.ide.mcu.externaltools.gnu-tools-for-stm32.9-2020-q2-update.win32_2.0.0.202105311346/tools/bin/../lib/gcc/arm-none-eabi/9.3.1/../../../../arm-none-eabi/lib/thumb/v7e-m+dp/hard\libm.a(lib_a-s_cos.o)
                0x0000000008010d60                cos
 .text.sin      0x0000000008010df0       0x90 c:/st/stm32cubeide_1.8.0/stm32cubeide/plugins/com.st.stm32cube.ide.mcu.externaltools.gnu-tools-for-stm32.9-2020-q2-update.win32_2.0.0.202105311346/tools/bin/../lib/gcc/arm-none-eabi/9.3.1/../../../../arm-none-eabi/lib/thumb/v7e-m+dp/hard\libm.a(lib_a-s_sin.o)
                0x0000000008010df0                sin
 .text.__ieee754_rem_pio2
                0x0000000008010e80      0x280 c:/st/stm32cubeide_1.8.0/stm32cubeide/plugins/com.st.stm32cube.ide.mcu.externaltools.gnu-tools-for-stm32.9-2020-q2-update.win32_2.0.0.202105311346/tools/bin/../lib/gcc/arm-none-eabi/9.3.1/../../../../arm-none-eabi/lib/thumb/v7e-m+dp/hard\libm.a(lib_a-e_rem_pio2.o)
                0x0000000008010e80                __ieee754_rem_pio2
 .text.__kernel_cos
                0x0000000008011100       0xd8 c:/st/stm32cubeide_1.8.0/stm32cubeide/plugins/com.st.stm32cube.ide.mcu.externaltools.gnu-tools-for-stm32.9-2020-q2-update.win32_2.0.0.202105311346/tools/bin/../lib/gcc/arm-none-eabi/9.3.1/../../../../arm-none-eabi/lib/thumb/v7e-m+dp/hard\libm.a(lib_a-k_cos.o)
                0x0000000008011100                __kernel_cos
 .text.__kernel_rem_pio2
                0x00000000080111d8      0x500 c:/st/stm32cubeide_1.8.0/stm32cubeide/plugins/com.st.stm32cube.ide.mcu.externaltools.gnu-tools-for-stm32.9-2020-q2-update.win32_2.0.0.202105311346/tools/bin/../lib/gcc/arm-none-eabi/9.3.1/../../../../arm-none-eabi/lib/thumb/v7e-m+dp/hard\libm.a(lib_a-k_rem_pio2.o)
                0x00000000080111d8                __kernel_rem_pio2
 .text.__kernel_sin
                0x00000000080116d8       0xb0 c:/st/stm32cubeide_1.8.0/stm32cubeide/plugins/com.st.stm32cube.ide.mcu.externaltools.gnu-tools-for-stm32.9-2020-q2-update.win32_2.0.0.202105311346/tools/bin/../lib/gcc/arm-none-eabi/9.3.1/../../../../arm-none-eabi/lib/thumb/v7e-m+dp/hard\libm.a(lib_a-k_sin.o)
                0x00000000080116d8                __kernel_sin
 .text.fabs     0x0000000008011788       0x12 c:/st/stm32cubeide_1.8.0/stm32cubeide/plugins/com.st.stm32cube.ide.mcu.externaltools.gnu-tools-for-stm32.9-2020-q2-update.win32_2.0.0.202105311346/tools/bin/../lib/gcc/arm-none-eabi/9.3.1/../../../../arm-none-eabi/lib/thumb/v7e-m+dp/hard\libm.a(lib_a-s_fabs.o)
                0x0000000008011788                fabs
 *fill*         0x000000000801179a        0x6 
 .text.floor    0x00000000080117a0       0xe8 c:/st/stm32cubeide_1.8.0/stm32cubeide/plugins/com.st.stm32cube.ide.mcu.externaltools.gnu-tools-for-stm32.9-2020-q2-update.win32_2.0.0.202105311346/tools/bin/../lib/gcc/arm-none-eabi/9.3.1/../../../../arm-none-eabi/lib/thumb/v7e-m+dp/hard\libm.a(lib_a-s_floor.o)
                0x00000000080117a0                floor
 .text.scalbn   0x0000000008011888      0x124 c:/st/stm32cubeide_1.8.0/stm32cubeide/plugins/com.st.stm32cube.ide.mcu.externaltools.gnu-tools-for-stm32.9-2020-q2-update.win32_2.0.0.202105311346/tools/bin/../lib/gcc/arm-none-eabi/9.3.1/../../../../arm-none-eabi/lib/thumb/v7e-m+dp/hard\libm.a(lib_a-s_scalbn.o)
                0x0000000008011888                scalbn
 *(.glue_7)
 .glue_7        0x00000000080119ac        0x0 linker stubs
 *(.glue_7t)
 .glue_7t       0x00000000080119ac        0x0 linker stubs
 *(.eh_frame)
 .eh_frame      0x00000000080119ac        0x0 c:/st/stm32cubeide_1.8.0/stm32cubeide/plugins/com.st.stm32cube.ide.mcu.externaltools.gnu-tools-for-stm32.9-2020-q2-update.win32_2.0.0.202105311346/tools/bin/../lib/gcc/arm-none-eabi/9.3.1/thumb/v7e-m+dp/hard/crtbegin.o
 *(.init)
 .init          0x00000000080119ac        0x4 c:/st/stm32cubeide_1.8.0/stm32cubeide/plugins/com.st.stm32cube.ide.mcu.externaltools.gnu-tools-for-stm32.9-2020-q2-update.win32_2.0.0.202105311346/tools/bin/../lib/gcc/arm-none-eabi/9.3.1/thumb/v7e-m+dp/hard/crti.o
                0x00000000080119ac                _init
 .init          0x00000000080119b0        0x8 c:/st/stm32cubeide_1.8.0/stm32cubeide/plugins/com.st.stm32cube.ide.mcu.externaltools.gnu-tools-for-stm32.9-2020-q2-update.win32_2.0.0.202105311346/tools/bin/../lib/gcc/arm-none-eabi/9.3.1/thumb/v7e-m+dp/hard/crtn.o
 *(.fini)
 .fini          0x00000000080119b8        0x4 c:/st/stm32cubeide_1.8.0/stm32cubeide/plugins/com.st.stm32cube.ide.mcu.externaltools.gnu-tools-for-stm32.9-2020-q2-update.win32_2.0.0.202105311346/tools/bin/../lib/gcc/arm-none-eabi/9.3.1/thumb/v7e-m+dp/hard/crti.o
                0x00000000080119b8                _fini
 .fini          0x00000000080119bc        0x8 c:/st/stm32cubeide_1.8.0/stm32cubeide/plugins/com.st.stm32cube.ide.mcu.externaltools.gnu-tools-for-stm32.9-2020-q2-update.win32_2.0.0.202105311346/tools/bin/../lib/gcc/arm-none-eabi/9.3.1/thumb/v7e-m+dp/hard/crtn.o
                0x00000000080119c4                . = ALIGN (0x4)
                0x00000000080119c4                _etext = .

.vfp11_veneer   0x00000000080119c4        0x0
 .vfp11_veneer  0x00000000080119c4        0x0 linker stubs

.v4_bx          0x00000000080119c4        0x0
 .v4_bx         0x00000000080119c4        0x0 linker stubs

.iplt           0x00000000080119c4        0x0
 .iplt          0x00000000080119c4        0x0 c:/st/stm32cubeide_1.8.0/stm32cubeide/plugins/com.st.stm32cube.ide.mcu.externaltools.gnu-tools-for-stm32.9-2020-q2-update.win32_2.0.0.202105311346/tools/bin/../lib/gcc/arm-none-eabi/9.3.1/thumb/v7e-m+dp/hard/crtbegin.o

.rodata         0x00000000080119c8      0x260
                0x00000000080119c8                . = ALIGN (0x4)
 *(.rodata)
 .rodata        0x00000000080119c8       0x46 ./USB_DEVICE/App/usbd_desc.o
 *(.rodata*)
 *fill*         0x0000000008011a0e        0x2 
 .rodata.D1CorePrescTable
                0x0000000008011a10       0x10 ./Core/Src/system_stm32h7xx.o
                0x0000000008011a10                D1CorePrescTable
 .rodata.flagBitshiftOffset.12632
                0x0000000008011a20        0x8 ./Drivers/STM32H7xx_HAL_Driver/Src/stm32h7xx_hal_dma.o
 .rodata.UARTPrescTable
                0x0000000008011a28       0x18 ./Drivers/STM32H7xx_HAL_Driver/Src/stm32h7xx_hal_uart.o
                0x0000000008011a28                UARTPrescTable
 .rodata.numerator.12599
                0x0000000008011a40        0x8 ./Drivers/STM32H7xx_HAL_Driver/Src/stm32h7xx_hal_uart_ex.o
 .rodata.denominator.12600
                0x0000000008011a48        0x8 ./Drivers/STM32H7xx_HAL_Driver/Src/stm32h7xx_hal_uart_ex.o
 .rodata.npio2_hw
                0x0000000008011a50       0x80 c:/st/stm32cubeide_1.8.0/stm32cubeide/plugins/com.st.stm32cube.ide.mcu.externaltools.gnu-tools-for-stm32.9-2020-q2-update.win32_2.0.0.202105311346/tools/bin/../lib/gcc/arm-none-eabi/9.3.1/../../../../arm-none-eabi/lib/thumb/v7e-m+dp/hard\libm.a(lib_a-e_rem_pio2.o)
 .rodata.two_over_pi
                0x0000000008011ad0      0x108 c:/st/stm32cubeide_1.8.0/stm32cubeide/plugins/com.st.stm32cube.ide.mcu.externaltools.gnu-tools-for-stm32.9-2020-q2-update.win32_2.0.0.202105311346/tools/bin/../lib/gcc/arm-none-eabi/9.3.1/../../../../arm-none-eabi/lib/thumb/v7e-m+dp/hard\libm.a(lib_a-e_rem_pio2.o)
 .rodata.PIo2   0x0000000008011bd8       0x40 c:/st/stm32cubeide_1.8.0/stm32cubeide/plugins/com.st.stm32cube.ide.mcu.externaltools.gnu-tools-for-stm32.9-2020-q2-update.win32_2.0.0.202105311346/tools/bin/../lib/gcc/arm-none-eabi/9.3.1/../../../../arm-none-eabi/lib/thumb/v7e-m+dp/hard\libm.a(lib_a-k_rem_pio2.o)
 .rodata.init_jk
                0x0000000008011c18       0x10 c:/st/stm32cubeide_1.8.0/stm32cubeide/plugins/com.st.stm32cube.ide.mcu.externaltools.gnu-tools-for-stm32.9-2020-q2-update.win32_2.0.0.202105311346/tools/bin/../lib/gcc/arm-none-eabi/9.3.1/../../../../arm-none-eabi/lib/thumb/v7e-m+dp/hard\libm.a(lib_a-k_rem_pio2.o)
                0x0000000008011c28                . = ALIGN (0x4)

.ARM.extab
 *(.ARM.extab* .gnu.linkonce.armextab.*)

.ARM            0x0000000008011c28        0x8
                0x0000000008011c28                __exidx_start = .
 *(.ARM.exidx*)
 .ARM.exidx     0x0000000008011c28        0x8 c:/st/stm32cubeide_1.8.0/stm32cubeide/plugins/com.st.stm32cube.ide.mcu.externaltools.gnu-tools-for-stm32.9-2020-q2-update.win32_2.0.0.202105311346/tools/bin/../lib/gcc/arm-none-eabi/9.3.1/thumb/v7e-m+dp/hard\libgcc.a(_udivmoddi4.o)
                0x0000000008011c30                __exidx_end = .

.rel.dyn        0x0000000008011c30        0x0
 .rel.iplt      0x0000000008011c30        0x0 c:/st/stm32cubeide_1.8.0/stm32cubeide/plugins/com.st.stm32cube.ide.mcu.externaltools.gnu-tools-for-stm32.9-2020-q2-update.win32_2.0.0.202105311346/tools/bin/../lib/gcc/arm-none-eabi/9.3.1/thumb/v7e-m+dp/hard/crtbegin.o

.preinit_array  0x0000000008011c30        0x0
                0x0000000008011c30                PROVIDE (__preinit_array_start = .)
 *(.preinit_array*)
                0x0000000008011c30                PROVIDE (__preinit_array_end = .)

.init_array     0x0000000008011c30        0x4
                0x0000000008011c30                PROVIDE (__init_array_start = .)
 *(SORT_BY_NAME(.init_array.*))
 *(.init_array*)
 .init_array    0x0000000008011c30        0x4 c:/st/stm32cubeide_1.8.0/stm32cubeide/plugins/com.st.stm32cube.ide.mcu.externaltools.gnu-tools-for-stm32.9-2020-q2-update.win32_2.0.0.202105311346/tools/bin/../lib/gcc/arm-none-eabi/9.3.1/thumb/v7e-m+dp/hard/crtbegin.o
                0x0000000008011c34                PROVIDE (__init_array_end = .)

.fini_array     0x0000000008011c34        0x4
                [!provide]                        PROVIDE (__fini_array_start = .)
 *(SORT_BY_NAME(.fini_array.*))
 *(.fini_array*)
 .fini_array    0x0000000008011c34        0x4 c:/st/stm32cubeide_1.8.0/stm32cubeide/plugins/com.st.stm32cube.ide.mcu.externaltools.gnu-tools-for-stm32.9-2020-q2-update.win32_2.0.0.202105311346/tools/bin/../lib/gcc/arm-none-eabi/9.3.1/thumb/v7e-m+dp/hard/crtbegin.o
                [!provide]                        PROVIDE (__fini_array_end = .)
                0x0000000008011c38                _sidata = LOADADDR (.data)

.data           0x0000000024000000      0x198 load address 0x0000000008011c38
                0x0000000024000000                . = ALIGN (0x4)
                0x0000000024000000                _sdata = .
 *(.data)
 *(.data*)
 .data.q        0x0000000024000000       0x14 ./Core/Src/main.o
                0x0000000024000000                q
 .data.SystemCoreClock
                0x0000000024000014        0x4 ./Core/Src/system_stm32h7xx.o
                0x0000000024000014                SystemCoreClock
 .data.SystemD2Clock
                0x0000000024000018        0x4 ./Core/Src/system_stm32h7xx.o
                0x0000000024000018                SystemD2Clock
 .data.uwTickPrio
                0x000000002400001c        0x4 ./Drivers/STM32H7xx_HAL_Driver/Src/stm32h7xx_hal.o
                0x000000002400001c                uwTickPrio
 .data.uwTickFreq
                0x0000000024000020        0x1 ./Drivers/STM32H7xx_HAL_Driver/Src/stm32h7xx_hal.o
                0x0000000024000020                uwTickFreq
 *fill*         0x0000000024000021        0x3 
 .data.USBD_CDC_DeviceQualifierDesc
                0x0000000024000024        0xa ./Middlewares/ST/STM32_USB_Device_Library/Class/CDC/Src/usbd_cdc.o
 *fill*         0x000000002400002e        0x2 
 .data.USBD_CDC
                0x0000000024000030       0x38 ./Middlewares/ST/STM32_USB_Device_Library/Class/CDC/Src/usbd_cdc.o
                0x0000000024000030                USBD_CDC
 .data.USBD_CDC_CfgHSDesc
                0x0000000024000068       0x43 ./Middlewares/ST/STM32_USB_Device_Library/Class/CDC/Src/usbd_cdc.o
 *fill*         0x00000000240000ab        0x1 
 .data.USBD_CDC_CfgFSDesc
                0x00000000240000ac       0x43 ./Middlewares/ST/STM32_USB_Device_Library/Class/CDC/Src/usbd_cdc.o
 *fill*         0x00000000240000ef        0x1 
 .data.USBD_CDC_OtherSpeedCfgDesc
                0x00000000240000f0       0x43 ./Middlewares/ST/STM32_USB_Device_Library/Class/CDC/Src/usbd_cdc.o
 *fill*         0x0000000024000133        0x1 
 .data.USBD_Interface_fops_HS
                0x0000000024000134       0x14 ./USB_DEVICE/App/usbd_cdc_if.o
                0x0000000024000134                USBD_Interface_fops_HS
 .data.HS_Desc  0x0000000024000148       0x1c ./USB_DEVICE/App/usbd_desc.o
                0x0000000024000148                HS_Desc
 .data.USBD_HS_DeviceDesc
                0x0000000024000164       0x12 ./USB_DEVICE/App/usbd_desc.o
                0x0000000024000164                USBD_HS_DeviceDesc
 *fill*         0x0000000024000176        0x2 
 .data.USBD_LangIDDesc
                0x0000000024000178        0x4 ./USB_DEVICE/App/usbd_desc.o
                0x0000000024000178                USBD_LangIDDesc
 .data.USBD_StringSerial
                0x000000002400017c       0x1a ./USB_DEVICE/App/usbd_desc.o
                0x000000002400017c                USBD_StringSerial
 *(.RamFunc)
 *(.RamFunc*)
                0x0000000024000198                . = ALIGN (0x4)
 *fill*         0x0000000024000196        0x2 
                0x0000000024000198                _edata = .

.igot.plt       0x0000000024000198        0x0 load address 0x0000000008011dd0
 .igot.plt      0x0000000024000198        0x0 c:/st/stm32cubeide_1.8.0/stm32cubeide/plugins/com.st.stm32cube.ide.mcu.externaltools.gnu-tools-for-stm32.9-2020-q2-update.win32_2.0.0.202105311346/tools/bin/../lib/gcc/arm-none-eabi/9.3.1/thumb/v7e-m+dp/hard/crtbegin.o
                0x0000000024000198                . = ALIGN (0x4)

.bss            0x0000000024000198     0x22f4 load address 0x0000000008011dd0
                0x0000000024000198                _sbss = .
                0x0000000024000198                __bss_start__ = _sbss
 *(.bss)
 .bss           0x0000000024000198       0x1c c:/st/stm32cubeide_1.8.0/stm32cubeide/plugins/com.st.stm32cube.ide.mcu.externaltools.gnu-tools-for-stm32.9-2020-q2-update.win32_2.0.0.202105311346/tools/bin/../lib/gcc/arm-none-eabi/9.3.1/thumb/v7e-m+dp/hard/crtbegin.o
 *(.bss*)
 .bss.cfgidx.14339
                0x00000000240001b4        0x1 ./Middlewares/ST/STM32_USB_Device_Library/Core/Src/usbd_ctlreq.o
 *fill*         0x00000000240001b5        0x3 
 .bss.mem.14405
                0x00000000240001b8      0x220 ./USB_DEVICE/Target/usbd_conf.o
 *(COMMON)
 COMMON         0x00000000240003d8      0x7d8 ./Core/Src/main.o
                0x00000000240003d8                htim24
                0x0000000024000424                v_z
                0x0000000024000428                qv
                0x000000002400043c                htim8
                0x0000000024000488                htim4
                0x00000000240004d4                huart3
                0x0000000024000564                htim15
                0x00000000240005b0                hcrc
                0x00000000240005d4                hi2c2
                0x0000000024000620                v_x
                0x0000000024000624                htim17
                0x0000000024000670                v_pitch
                0x0000000024000674                htim5
                0x00000000240006c0                htim3
                0x000000002400070c                hspi3
                0x0000000024000794                hadc3
                0x0000000024000804                hdma_usart1_rx
                0x000000002400087c                htim13
                0x00000000240008c8                huart1
                0x0000000024000958                hspi4
                0x00000000240009e0                v_y
                0x00000000240009e4                v_yaw
                0x00000000240009e8                htim6
                0x0000000024000a34                htim1
                0x0000000024000a80                htim2
                0x0000000024000acc                htim23
                0x0000000024000b18                htim14
                0x0000000024000b64                htim16
 COMMON         0x0000000024000bb0        0x4 ./Drivers/STM32H7xx_HAL_Driver/Src/stm32h7xx_hal.o
                0x0000000024000bb0                uwTick
 COMMON         0x0000000024000bb4      0x2d0 ./USB_DEVICE/App/usb_device.o
                0x0000000024000bb4                hUsbDeviceHS
 COMMON         0x0000000024000e84     0x1000 ./USB_DEVICE/App/usbd_cdc_if.o
                0x0000000024000e84                UserRxBufferHS
                0x0000000024001684                UserTxBufferHS
 COMMON         0x0000000024001e84      0x200 ./USB_DEVICE/App/usbd_desc.o
                0x0000000024001e84                USBD_StrDesc
 COMMON         0x0000000024002084      0x408 ./USB_DEVICE/Target/usbd_conf.o
                0x0000000024002084                hpcd_USB_OTG_HS
                0x000000002400248c                . = ALIGN (0x4)
                0x000000002400248c                _ebss = .
                0x000000002400248c                __bss_end__ = _ebss

._user_heap_stack
                0x000000002400248c      0x604 load address 0x0000000008011dd0
                0x0000000024002490                . = ALIGN (0x8)
 *fill*         0x000000002400248c        0x4 
                [!provide]                        PROVIDE (end = .)
                0x0000000024002490                PROVIDE (_end = .)
                0x0000000024002690                . = (. + _Min_Heap_Size)
 *fill*         0x0000000024002490      0x200 
                0x0000000024002a90                . = (. + _Min_Stack_Size)
 *fill*         0x0000000024002690      0x400 
                0x0000000024002a90                . = ALIGN (0x8)

/DISCARD/
 libc.a(*)
 libm.a(*)
 libgcc.a(*)

.ARM.attributes
                0x0000000000000000       0x2e
 *(.ARM.attributes)
 .ARM.attributes
                0x0000000000000000       0x1e c:/st/stm32cubeide_1.8.0/stm32cubeide/plugins/com.st.stm32cube.ide.mcu.externaltools.gnu-tools-for-stm32.9-2020-q2-update.win32_2.0.0.202105311346/tools/bin/../lib/gcc/arm-none-eabi/9.3.1/thumb/v7e-m+dp/hard/crti.o
 .ARM.attributes
                0x000000000000001e       0x32 c:/st/stm32cubeide_1.8.0/stm32cubeide/plugins/com.st.stm32cube.ide.mcu.externaltools.gnu-tools-for-stm32.9-2020-q2-update.win32_2.0.0.202105311346/tools/bin/../lib/gcc/arm-none-eabi/9.3.1/thumb/v7e-m+dp/hard/crtbegin.o
 .ARM.attributes
                0x0000000000000050       0x32 ./Core/Src/kinematics.o
 .ARM.attributes
                0x0000000000000082       0x32 ./Core/Src/main.o
 .ARM.attributes
                0x00000000000000b4       0x32 ./Core/Src/stm32h7xx_hal_msp.o
 .ARM.attributes
                0x00000000000000e6       0x32 ./Core/Src/stm32h7xx_it.o
 .ARM.attributes
                0x0000000000000118       0x32 ./Core/Src/system_stm32h7xx.o
 .ARM.attributes
                0x000000000000014a       0x21 ./Core/Startup/startup_stm32h733vgtx.o
 .ARM.attributes
                0x000000000000016b       0x32 ./Drivers/STM32H7xx_HAL_Driver/Src/stm32h7xx_hal.o
 .ARM.attributes
                0x000000000000019d       0x32 ./Drivers/STM32H7xx_HAL_Driver/Src/stm32h7xx_hal_adc.o
 .ARM.attributes
                0x00000000000001cf       0x32 ./Drivers/STM32H7xx_HAL_Driver/Src/stm32h7xx_hal_adc_ex.o
 .ARM.attributes
                0x0000000000000201       0x32 ./Drivers/STM32H7xx_HAL_Driver/Src/stm32h7xx_hal_cortex.o
 .ARM.attributes
                0x0000000000000233       0x32 ./Drivers/STM32H7xx_HAL_Driver/Src/stm32h7xx_hal_crc.o
 .ARM.attributes
                0x0000000000000265       0x32 ./Drivers/STM32H7xx_HAL_Driver/Src/stm32h7xx_hal_crc_ex.o
 .ARM.attributes
                0x0000000000000297       0x32 ./Drivers/STM32H7xx_HAL_Driver/Src/stm32h7xx_hal_dma.o
 .ARM.attributes
                0x00000000000002c9       0x32 ./Drivers/STM32H7xx_HAL_Driver/Src/stm32h7xx_hal_gpio.o
 .ARM.attributes
                0x00000000000002fb       0x32 ./Drivers/STM32H7xx_HAL_Driver/Src/stm32h7xx_hal_i2c.o
 .ARM.attributes
                0x000000000000032d       0x32 ./Drivers/STM32H7xx_HAL_Driver/Src/stm32h7xx_hal_i2c_ex.o
 .ARM.attributes
                0x000000000000035f       0x32 ./Drivers/STM32H7xx_HAL_Driver/Src/stm32h7xx_hal_pcd.o
 .ARM.attributes
                0x0000000000000391       0x32 ./Drivers/STM32H7xx_HAL_Driver/Src/stm32h7xx_hal_pcd_ex.o
 .ARM.attributes
                0x00000000000003c3       0x32 ./Drivers/STM32H7xx_HAL_Driver/Src/stm32h7xx_hal_pwr_ex.o
 .ARM.attributes
                0x00000000000003f5       0x32 ./Drivers/STM32H7xx_HAL_Driver/Src/stm32h7xx_hal_rcc.o
 .ARM.attributes
                0x0000000000000427       0x32 ./Drivers/STM32H7xx_HAL_Driver/Src/stm32h7xx_hal_rcc_ex.o
 .ARM.attributes
                0x0000000000000459       0x32 ./Drivers/STM32H7xx_HAL_Driver/Src/stm32h7xx_hal_spi.o
 .ARM.attributes
                0x000000000000048b       0x32 ./Drivers/STM32H7xx_HAL_Driver/Src/stm32h7xx_hal_tim.o
 .ARM.attributes
                0x00000000000004bd       0x32 ./Drivers/STM32H7xx_HAL_Driver/Src/stm32h7xx_hal_tim_ex.o
 .ARM.attributes
                0x00000000000004ef       0x32 ./Drivers/STM32H7xx_HAL_Driver/Src/stm32h7xx_hal_uart.o
 .ARM.attributes
                0x0000000000000521       0x32 ./Drivers/STM32H7xx_HAL_Driver/Src/stm32h7xx_hal_uart_ex.o
 .ARM.attributes
                0x0000000000000553       0x32 ./Drivers/STM32H7xx_HAL_Driver/Src/stm32h7xx_ll_usb.o
 .ARM.attributes
                0x0000000000000585       0x32 ./Middlewares/ST/STM32_USB_Device_Library/Class/CDC/Src/usbd_cdc.o
 .ARM.attributes
                0x00000000000005b7       0x32 ./Middlewares/ST/STM32_USB_Device_Library/Core/Src/usbd_core.o
 .ARM.attributes
                0x00000000000005e9       0x32 ./Middlewares/ST/STM32_USB_Device_Library/Core/Src/usbd_ctlreq.o
 .ARM.attributes
                0x000000000000061b       0x32 ./Middlewares/ST/STM32_USB_Device_Library/Core/Src/usbd_ioreq.o
 .ARM.attributes
                0x000000000000064d       0x32 ./USB_DEVICE/App/usb_device.o
 .ARM.attributes
                0x000000000000067f       0x32 ./USB_DEVICE/App/usbd_cdc_if.o
 .ARM.attributes
                0x00000000000006b1       0x32 ./USB_DEVICE/App/usbd_desc.o
 .ARM.attributes
                0x00000000000006e3       0x32 ./USB_DEVICE/Target/usbd_conf.o
 .ARM.attributes
                0x0000000000000715       0x32 c:/st/stm32cubeide_1.8.0/stm32cubeide/plugins/com.st.stm32cube.ide.mcu.externaltools.gnu-tools-for-stm32.9-2020-q2-update.win32_2.0.0.202105311346/tools/bin/../lib/gcc/arm-none-eabi/9.3.1/../../../../arm-none-eabi/lib/thumb/v7e-m+dp/hard\libc_nano.a(lib_a-init.o)
 .ARM.attributes
                0x0000000000000747       0x32 c:/st/stm32cubeide_1.8.0/stm32cubeide/plugins/com.st.stm32cube.ide.mcu.externaltools.gnu-tools-for-stm32.9-2020-q2-update.win32_2.0.0.202105311346/tools/bin/../lib/gcc/arm-none-eabi/9.3.1/../../../../arm-none-eabi/lib/thumb/v7e-m+dp/hard\libc_nano.a(lib_a-memset.o)
 .ARM.attributes
                0x0000000000000779       0x32 c:/st/stm32cubeide_1.8.0/stm32cubeide/plugins/com.st.stm32cube.ide.mcu.externaltools.gnu-tools-for-stm32.9-2020-q2-update.win32_2.0.0.202105311346/tools/bin/../lib/gcc/arm-none-eabi/9.3.1/../../../../arm-none-eabi/lib/thumb/v7e-m+dp/hard\libm.a(lib_a-s_cos.o)
 .ARM.attributes