Archive member included to satisfy reference by file (symbol)

c:/st/stm32cubeide_1.8.0/stm32cubeide/plugins/com.st.stm32cube.ide.mcu.externaltools.gnu-tools-for-stm32.9-2020-q2-update.win32_2.0.0.202105311346/tools/bin/../lib/gcc/arm-none-eabi/9.3.1/../../../../arm-none-eabi/lib/thumb/v7e-m+dp/hard\libc_nano.a(lib_a-errno.o)
                              ./Core/Src/syscalls.o (__errno)
c:/st/stm32cubeide_1.8.0/stm32cubeide/plugins/com.st.stm32cube.ide.mcu.externaltools.gnu-tools-for-stm32.9-2020-q2-update.win32_2.0.0.202105311346/tools/bin/../lib/gcc/arm-none-eabi/9.3.1/../../../../arm-none-eabi/lib/thumb/v7e-m+dp/hard\libc_nano.a(lib_a-exit.o)
                              c:/st/stm32cubeide_1.8.0/stm32cubeide/plugins/com.st.stm32cube.ide.mcu.externaltools.gnu-tools-for-stm32.9-2020-q2-update.win32_2.0.0.202105311346/tools/bin/../lib/gcc/arm-none-eabi/9.3.1/../../../../arm-none-eabi/lib/thumb/v7e-m+dp/hard/crt0.o (exit)
c:/st/stm32cubeide_1.8.0/stm32cubeide/plugins/com.st.stm32cube.ide.mcu.externaltools.gnu-tools-for-stm32.9-2020-q2-update.win32_2.0.0.202105311346/tools/bin/../lib/gcc/arm-none-eabi/9.3.1/../../../../arm-none-eabi/lib/thumb/v7e-m+dp/hard\libc_nano.a(lib_a-impure.o)
                              c:/st/stm32cubeide_1.8.0/stm32cubeide/plugins/com.st.stm32cube.ide.mcu.externaltools.gnu-tools-for-stm32.9-2020-q2-update.win32_2.0.0.202105311346/tools/bin/../lib/gcc/arm-none-eabi/9.3.1/../../../../arm-none-eabi/lib/thumb/v7e-m+dp/hard\libc_nano.a(lib_a-exit.o) (_global_impure_ptr)
c:/st/stm32cubeide_1.8.0/stm32cubeide/plugins/com.st.stm32cube.ide.mcu.externaltools.gnu-tools-for-stm32.9-2020-q2-update.win32_2.0.0.202105311346/tools/bin/../lib/gcc/arm-none-eabi/9.3.1/../../../../arm-none-eabi/lib/thumb/v7e-m+dp/hard\libc_nano.a(lib_a-init.o)
                              c:/st/stm32cubeide_1.8.0/stm32cubeide/plugins/com.st.stm32cube.ide.mcu.externaltools.gnu-tools-for-stm32.9-2020-q2-update.win32_2.0.0.202105311346/tools/bin/../lib/gcc/arm-none-eabi/9.3.1/../../../../arm-none-eabi/lib/thumb/v7e-m+dp/hard/crt0.o (__libc_init_array)
c:/st/stm32cubeide_1.8.0/stm32cubeide/plugins/com.st.stm32cube.ide.mcu.externaltools.gnu-tools-for-stm32.9-2020-q2-update.win32_2.0.0.202105311346/tools/bin/../lib/gcc/arm-none-eabi/9.3.1/../../../../arm-none-eabi/lib/thumb/v7e-m+dp/hard\libc_nano.a(lib_a-memset.o)
                              c:/st/stm32cubeide_1.8.0/stm32cubeide/plugins/com.st.stm32cube.ide.mcu.externaltools.gnu-tools-for-stm32.9-2020-q2-update.win32_2.0.0.202105311346/tools/bin/../lib/gcc/arm-none-eabi/9.3.1/../../../../arm-none-eabi/lib/thumb/v7e-m+dp/hard/crt0.o (memset)
c:/st/stm32cubeide_1.8.0/stm32cubeide/plugins/com.st.stm32cube.ide.mcu.externaltools.gnu-tools-for-stm32.9-2020-q2-update.win32_2.0.0.202105311346/tools/bin/../lib/gcc/arm-none-eabi/9.3.1/../../../../arm-none-eabi/lib/thumb/v7e-m+dp/hard\libm.a(lib_a-s_cos.o)
                              ./Core/Src/kinematics.o (cos)
c:/st/stm32cubeide_1.8.0/stm32cubeide/plugins/com.st.stm32cube.ide.mcu.externaltools.gnu-tools-for-stm32.9-2020-q2-update.win32_2.0.0.202105311346/tools/bin/../lib/gcc/arm-none-eabi/9.3.1/../../../../arm-none-eabi/lib/thumb/v7e-m+dp/hard\libm.a(lib_a-s_sin.o)
                              ./Core/Src/kinematics.o (sin)
c:/st/stm32cubeide_1.8.0/stm32cubeide/plugins/com.st.stm32cube.ide.mcu.externaltools.gnu-tools-for-stm32.9-2020-q2-update.win32_2.0.0.202105311346/tools/bin/../lib/gcc/arm-none-eabi/9.3.1/../../../../arm-none-eabi/lib/thumb/v7e-m+dp/hard\libm.a(lib_a-w_atan2.o)
                              ./Core/Src/kinematics.o (atan2)
c:/st/stm32cubeide_1.8.0/stm32cubeide/plugins/com.st.stm32cube.ide.mcu.externaltools.gnu-tools-for-stm32.9-2020-q2-update.win32_2.0.0.202105311346/tools/bin/../lib/gcc/arm-none-eabi/9.3.1/../../../../arm-none-eabi/lib/thumb/v7e-m+dp/hard\libm.a(lib_a-w_sqrt.o)
                              ./Core/Src/kinematics.o (sqrt)
c:/st/stm32cubeide_1.8.0/stm32cubeide/plugins/com.st.stm32cube.ide.mcu.externaltools.gnu-tools-for-stm32.9-2020-q2-update.win32_2.0.0.202105311346/tools/bin/../lib/gcc/arm-none-eabi/9.3.1/../../../../arm-none-eabi/lib/thumb/v7e-m+dp/hard\libm.a(lib_a-e_atan2.o)
                              c:/st/stm32cubeide_1.8.0/stm32cubeide/plugins/com.st.stm32cube.ide.mcu.externaltools.gnu-tools-for-stm32.9-2020-q2-update.win32_2.0.0.202105311346/tools/bin/../lib/gcc/arm-none-eabi/9.3.1/../../../../arm-none-eabi/lib/thumb/v7e-m+dp/hard\libm.a(lib_a-w_atan2.o) (__ieee754_atan2)
c:/st/stm32cubeide_1.8.0/stm32cubeide/plugins/com.st.stm32cube.ide.mcu.externaltools.gnu-tools-for-stm32.9-2020-q2-update.win32_2.0.0.202105311346/tools/bin/../lib/gcc/arm-none-eabi/9.3.1/../../../../arm-none-eabi/lib/thumb/v7e-m+dp/hard\libm.a(lib_a-e_rem_pio2.o)
[...]
Memory Configuration

Name             Origin             Length             Attributes
ITCMRAM          0x0000000000000000 0x0000000000010000 xrw
RAM              0x0000000020000000 0x0000000000020000 xrw
FLASH            0x0000000008000000 0x0000000000100000 xr
RAM_D1           0x0000000024000000 0x0000000000050000 xrw
RAM_D2           0x0000000030000000 0x0000000000008000 xrw
RAM_D3           0x0000000038000000 0x0000000000004000 xrw
*default*        0x0000000000000000 0xffffffffffffffff

Linker script and memory map

LOAD c:/st/stm32cubeide_1.8.0/stm32cubeide/plugins/com.st.stm32cube.ide.mcu.externaltools.gnu-tools-for-stm32.9-2020-q2-update.win32_2.0.0.202105311346/tools/bin/../lib/gcc/arm-none-eabi/9.3.1/thumb/v7e-m+dp/hard/crti.o
LOAD c:/st/stm32cubeide_1.8.0/stm32cubeide/plugins/com.st.stm32cube.ide.mcu.externaltools.gnu-tools-for-stm32.9-2020-q2-update.win32_2.0.0.202105311346/tools/bin/../lib/gcc/arm-none-eabi/9.3.1/thumb/v7e-m+dp/hard/crtbegin.o
LOAD c:/st/stm32cubeide_1.8.0/stm32cubeide/plugins/com.st.stm32cube.ide.mcu.externaltools.gnu-tools-for-stm32.9-2020-q2-update.win32_2.0.0.202105311346/tools/bin/../lib/gcc/arm-none-eabi/9.3.1/../../../../arm-none-eabi/lib/thumb/v7e-m+dp/hard/crt0.o
LOAD ./Core/Src/AS5047U.o
LOAD ./Core/Src/adc.o
LOAD ./Core/Src/control.o
LOAD ./Core/Src/crc.o
LOAD ./Core/Src/dma.o
LOAD ./Core/Src/gpio.o
LOAD ./Core/Src/i2c.o
LOAD ./Core/Src/kinematics.o
LOAD ./Core/Src/main.o
LOAD ./Core/Src/spi.o
LOAD ./Core/Src/stm32h7xx_hal_msp.o
LOAD ./Core/Src/stm32h7xx_it.o
LOAD ./Core/Src/syscalls.o
LOAD ./Core/Src/sysmem.o
LOAD ./Core/Src/system_stm32h7xx.o
LOAD ./Core/Src/tim.o
LOAD ./Core/Src/usart.o
LOAD ./Core/Startup/startup_stm32h733vgtx.o
LOAD ./Drivers/STM32H7xx_HAL_Driver/Src/stm32h7xx_hal.o
LOAD ./Drivers/STM32H7xx_HAL_Driver/Src/stm32h7xx_hal_adc.o
LOAD ./Drivers/STM32H7xx_HAL_Driver/Src/stm32h7xx_hal_adc_ex.o
LOAD ./Drivers/STM32H7xx_HAL_Driver/Src/stm32h7xx_hal_cortex.o
LOAD ./Drivers/STM32H7xx_HAL_Driver/Src/stm32h7xx_hal_crc.o
LOAD ./Drivers/STM32H7xx_HAL_Driver/Src/stm32h7xx_hal_crc_ex.o
LOAD ./Drivers/STM32H7xx_HAL_Driver/Src/stm32h7xx_hal_dma.o
LOAD ./Drivers/STM32H7xx_HAL_Driver/Src/stm32h7xx_hal_dma_ex.o
LOAD ./Drivers/STM32H7xx_HAL_Driver/Src/stm32h7xx_hal_exti.o
LOAD ./Drivers/STM32H7xx_HAL_Driver/Src/stm32h7xx_hal_flash.o
LOAD ./Drivers/STM32H7xx_HAL_Driver/Src/stm32h7xx_hal_flash_ex.o
LOAD ./Drivers/STM32H7xx_HAL_Driver/Src/stm32h7xx_hal_gpio.o
LOAD ./Drivers/STM32H7xx_HAL_Driver/Src/stm32h7xx_hal_hsem.o
LOAD ./Drivers/STM32H7xx_HAL_Driver/Src/stm32h7xx_hal_i2c.o
LOAD ./Drivers/STM32H7xx_HAL_Driver/Src/stm32h7xx_hal_i2c_ex.o
LOAD ./Drivers/STM32H7xx_HAL_Driver/Src/stm32h7xx_hal_mdma.o
LOAD ./Drivers/STM32H7xx_HAL_Driver/Src/stm32h7xx_hal_pwr.o
LOAD ./Drivers/STM32H7xx_HAL_Driver/Src/stm32h7xx_hal_pwr_ex.o
LOAD ./Drivers/STM32H7xx_HAL_Driver/Src/stm32h7xx_hal_rcc.o
LOAD ./Drivers/STM32H7xx_HAL_Driver/Src/stm32h7xx_hal_rcc_ex.o
LOAD ./Drivers/STM32H7xx_HAL_Driver/Src/stm32h7xx_hal_spi.o
LOAD ./Drivers/STM32H7xx_HAL_Driver/Src/stm32h7xx_hal_spi_ex.o
LOAD ./Drivers/STM32H7xx_HAL_Driver/Src/stm32h7xx_hal_tim.o
LOAD ./Drivers/STM32H7xx_HAL_Driver/Src/stm32h7xx_hal_tim_ex.o
LOAD ./Drivers/STM32H7xx_HAL_Driver/Src/stm32h7xx_hal_uart.o
LOAD ./Drivers/STM32H7xx_HAL_Driver/Src/stm32h7xx_hal_uart_ex.o
START GROUP
LOAD c:/st/stm32cubeide_1.8.0/stm32cubeide/plugins/com.st.stm32cube.ide.mcu.externaltools.gnu-tools-for-stm32.9-2020-q2-update.win32_2.0.0.202105311346/tools/bin/../lib/gcc/arm-none-eabi/9.3.1/../../../../arm-none-eabi/lib/thumb/v7e-m+dp/hard\libc_nano.a
LOAD c:/st/stm32cubeide_1.8.0/stm32cubeide/plugins/com.st.stm32cube.ide.mcu.externaltools.gnu-tools-for-stm32.9-2020-q2-update.win32_2.0.0.202105311346/tools/bin/../lib/gcc/arm-none-eabi/9.3.1/../../../../arm-none-eabi/lib/thumb/v7e-m+dp/hard\libm.a
END GROUP
START GROUP
LOAD c:/st/stm32cubeide_1.8.0/stm32cubeide/plugins/com.st.stm32cube.ide.mcu.externaltools.gnu-tools-for-stm32.9-2020-q2-update.win32_2.0.0.202105311346/tools/bin/../lib/gcc/arm-none-eabi/9.3.1/thumb/v7e-m+dp/hard\libgcc.a
LOAD c:/st/stm32cubeide_1.8.0/stm32cubeide/plugins/com.st.stm32cube.ide.mcu.externaltools.gnu-tools-for-stm32.9-2020-q2-update.win32_2.0.0.202105311346/tools/bin/../lib/gcc/arm-none-eabi/9.3.1/../../../../arm-none-eabi/lib/thumb/v7e-m+dp/hard\libc_nano.a
END GROUP
START GROUP
LOAD c:/st/stm32cubeide_1.8.0/stm32cubeide/plugins/com.st.stm32cube.ide.mcu.externaltools.gnu-tools-for-stm32.9-2020-q2-update.win32_2.0.0.202105311346/tools/bin/../lib/gcc/arm-none-eabi/9.3.1/thumb/v7e-m+dp/hard\libgcc.a
LOAD c:/st/stm32cubeide_1.8.0/stm32cubeide/plugins/com.st.stm32cube.ide.mcu.externaltools.gnu-tools-for-stm32.9-2020-q2-update.win32_2.0.0.202105311346/tools/bin/../lib/gcc/arm-none-eabi/9.3.1/../../../../arm-none-eabi/lib/thumb/v7e-m+dp/hard\libc_nano.a
LOAD c:/st/stm32cubeide_1.8.0/stm32cubeide/plugins/com.st.stm32cube.ide.mcu.externaltools.gnu-tools-for-stm32.9-2020-q2-update.win32_2.0.0.202105311346/tools/bin/../lib/gcc/arm-none-eabi/9.3.1/../../../../arm-none-eabi/lib/thumb/v7e-m+dp/hard\libnosys.a
END GROUP
START GROUP
LOAD c:/st/stm32cubeide_1.8.0/stm32cubeide/plugins/com.st.stm32cube.ide.mcu.externaltools.gnu-tools-for-stm32.9-2020-q2-update.win32_2.0.0.202105311346/tools/bin/../lib/gcc/arm-none-eabi/9.3.1/thumb/v7e-m+dp/hard\libgcc.a
LOAD c:/st/stm32cubeide_1.8.0/stm32cubeide/plugins/com.st.stm32cube.ide.mcu.externaltools.gnu-tools-for-stm32.9-2020-q2-update.win32_2.0.0.202105311346/tools/bin/../lib/gcc/arm-none-eabi/9.3.1/../../../../arm-none-eabi/lib/thumb/v7e-m+dp/hard\libc_nano.a
LOAD c:/st/stm32cubeide_1.8.0/stm32cubeide/plugins/com.st.stm32cube.ide.mcu.externaltools.gnu-tools-for-stm32.9-2020-q2-update.win32_2.0.0.202105311346/tools/bin/../lib/gcc/arm-none-eabi/9.3.1/../../../../arm-none-eabi/lib/thumb/v7e-m+dp/hard\libnosys.a
END GROUP
LOAD c:/st/stm32cubeide_1.8.0/stm32cubeide/plugins/com.st.stm32cube.ide.mcu.externaltools.gnu-tools-for-stm32.9-2020-q2-update.win32_2.0.0.202105311346/tools/bin/../lib/gcc/arm-none-eabi/9.3.1/thumb/v7e-m+dp/hard/crtend.o
LOAD c:/st/stm32cubeide_1.8.0/stm32cubeide/plugins/com.st.stm32cube.ide.mcu.externaltools.gnu-tools-for-stm32.9-2020-q2-update.win32_2.0.0.202105311346/tools/bin/../lib/gcc/arm-none-eabi/9.3.1/thumb/v7e-m+dp/hard/crtn.o
                0x0000000020020000                _estack = 0x20020000
                0x0000000000000200                _Min_Heap_Size = 0x200
                0x0000000000000400                _Min_Stack_Size = 0x400

.isr_vector     0x0000000008000000      0x2cc
                0x0000000008000000                . = ALIGN (0x4)
 *(.isr_vector)
 .isr_vector    0x0000000008000000      0x2cc ./Core/Startup/startup_stm32h733vgtx.o
                0x0000000008000000                g_pfnVectors
                0x00000000080002cc                . = ALIGN (0x4)

.text           0x00000000080002d0     0xf3f4
                0x00000000080002d0                . = ALIGN (0x4)
 *(.text)
 .text          0x00000000080002d0       0x40 c:/st/stm32cubeide_1.8.0/stm32cubeide/plugins/com.st.stm32cube.ide.mcu.externaltools.gnu-tools-for-stm32.9-2020-q2-update.win32_2.0.0.202105311346/tools/bin/../lib/gcc/arm-none-eabi/9.3.1/thumb/v7e-m+dp/hard/crtbegin.o
 .text          0x0000000008000310       0x30 c:/st/stm32cubeide_1.8.0/stm32cubeide/plugins/com.st.stm32cube.ide.mcu.externaltools.gnu-tools-for-stm32.9-2020-q2-update.win32_2.0.0.202105311346/tools/bin/../lib/gcc/arm-none-eabi/9.3.1/thumb/v7e-m+dp/hard\libgcc.a(_aeabi_uldivmod.o)
                0x0000000008000310                __aeabi_uldivmod
 .text          0x0000000008000340      0x2c4 c:/st/stm32cubeide_1.8.0/stm32cubeide/plugins/com.st.stm32cube.ide.mcu.externaltools.gnu-tools-for-stm32.9-2020-q2-update.win32_2.0.0.202105311346/tools/bin/../lib/gcc/arm-none-eabi/9.3.1/thumb/v7e-m+dp/hard\libgcc.a(_udivmoddi4.o)
                0x0000000008000340                __udivmoddi4
 .text          0x0000000008000604        0x4 c:/st/stm32cubeide_1.8.0/stm32cubeide/plugins/com.st.stm32cube.ide.mcu.externaltools.gnu-tools-for-stm32.9-2020-q2-update.win32_2.0.0.202105311346/tools/bin/../lib/gcc/arm-none-eabi/9.3.1/thumb/v7e-m+dp/hard\libgcc.a(_dvmd_tls.o)
                0x0000000008000604                __aeabi_idiv0
                0x0000000008000604                __aeabi_ldiv0
 *(.text*)
 .text.AS5047U_init
                0x0000000008000608       0x6e ./Core/Src/AS5047U.o
                0x0000000008000608                AS5047U_init
 .text.AS5047U_Position_Highspeed_Read
                0x0000000008000676       0xae ./Core/Src/AS5047U.o
                0x0000000008000676                AS5047U_Position_Highspeed_Read
 .text.MX_ADC3_Init
                0x0000000008000724       0xe4 ./Core/Src/adc.o
                0x0000000008000724                MX_ADC3_Init
 .text.HAL_ADC_MspInit
                0x0000000008000808       0x50 ./Core/Src/adc.o
                0x0000000008000808                HAL_ADC_MspInit
 .text.Step_Driver_init
                0x0000000008000858       0x4e ./Core/Src/control.o
                0x0000000008000858                Step_Driver_init
 *fill*         0x00000000080008a6        0x2 
 .text.Step_Driver
                0x00000000080008a8       0xf4 ./Core/Src/control.o
                0x00000000080008a8                Step_Driver
 .text.TrajFollow
                0x000000000800099c       0xe2 ./Core/Src/control.o
                0x000000000800099c                TrajFollow
 *fill*         0x0000000008000a7e        0x2 
 .text.Kalman_init
                0x0000000008000a80       0x64 ./Core/Src/control.o
                0x0000000008000a80                Kalman_init
 *fill*         0x0000000008000ae4        0x4 
 .text.KalmanFilter
                0x0000000008000ae8      0x428 ./Core/Src/control.o
                0x0000000008000ae8                KalmanFilter
 .text.PID_init
                0x0000000008000f10       0x62 ./Core/Src/control.o
                0x0000000008000f10                PID_init
 .text.PID_Control
                0x0000000008000f72       0xae ./Core/Src/control.o
                0x0000000008000f72                PID_Control
 .text.CascadeControl_init
                0x0000000008001020       0x78 ./Core/Src/control.o
                0x0000000008001020                CascadeControl_init
 .text.CascadeControl
                0x0000000008001098       0xd2 ./Core/Src/control.o
                0x0000000008001098                CascadeControl
 *fill*         0x000000000800116a        0x2 
 .text.MX_CRC_Init
                0x000000000800116c       0x58 ./Core/Src/crc.o
                0x000000000800116c                MX_CRC_Init
 .text.HAL_CRC_MspInit
                0x00000000080011c4       0x44 ./Core/Src/crc.o
                0x00000000080011c4                HAL_CRC_MspInit
 .text.MX_DMA_Init
                0x0000000008001208       0x40 ./Core/Src/dma.o
                0x0000000008001208                MX_DMA_Init
 .text.MX_GPIO_Init
                0x0000000008001248      0x274 ./Core/Src/gpio.o
                0x0000000008001248                MX_GPIO_Init
 .text.MX_I2C2_Init
                0x00000000080014bc       0x80 ./Core/Src/i2c.o
                0x00000000080014bc                MX_I2C2_Init
 .text.HAL_I2C_MspInit
                0x000000000800153c       0xcc ./Core/Src/i2c.o
                0x000000000800153c                HAL_I2C_MspInit
 .text.main     0x0000000008001608      0x28c ./Core/Src/main.o
                0x0000000008001608                main
 .text.SystemClock_Config
                0x0000000008001894       0xf0 ./Core/Src/main.o
                0x0000000008001894                SystemClock_Config
 .text.PeriphCommonClock_Config
                0x0000000008001984       0x68 ./Core/Src/main.o
                0x0000000008001984                PeriphCommonClock_Config
 .text.HAL_ADC_ConvCpltCallback
                0x00000000080019ec       0x64 ./Core/Src/main.o
                0x00000000080019ec                HAL_ADC_ConvCpltCallback
 .text.HAL_TIM_PeriodElapsedCallback
                0x0000000008001a50       0x2c ./Core/Src/main.o
                0x0000000008001a50                HAL_TIM_PeriodElapsedCallback
 *fill*         0x0000000008001a7c        0x4 
 .text.Joint_Traj
                0x0000000008001a80       0xd8 ./Core/Src/main.o
                0x0000000008001a80                Joint_Traj
 .text.Error_Handler
                0x0000000008001b58        0xa ./Core/Src/main.o
                0x0000000008001b58                Error_Handler
 *fill*         0x0000000008001b62        0x2 
 .text.MX_SPI3_Init
                0x0000000008001b64       0xb0 ./Core/Src/spi.o
                0x0000000008001b64                MX_SPI3_Init
 .text.MX_SPI4_Init
                0x0000000008001c14       0xac ./Core/Src/spi.o
                0x0000000008001c14                MX_SPI4_Init
 .text.HAL_SPI_MspInit
                0x0000000008001cc0      0x16c ./Core/Src/spi.o
                0x0000000008001cc0                HAL_SPI_MspInit
 .text.HAL_MspInit
                0x0000000008001e2c       0x34 ./Core/Src/stm32h7xx_hal_msp.o
                0x0000000008001e2c                HAL_MspInit
 .text.NMI_Handler
                0x0000000008001e60        0x6 ./Core/Src/stm32h7xx_it.o
                0x0000000008001e60                NMI_Handler
 .text.HardFault_Handler
                0x0000000008001e66        0x6 ./Core/Src/stm32h7xx_it.o
                0x0000000008001e66                HardFault_Handler
 .text.MemManage_Handler
                0x0000000008001e6c        0x6 ./Core/Src/stm32h7xx_it.o
                0x0000000008001e6c                MemManage_Handler
 .text.BusFault_Handler
                0x0000000008001e72        0x6 ./Core/Src/stm32h7xx_it.o
                0x0000000008001e72                BusFault_Handler
 .text.UsageFault_Handler
                0x0000000008001e78        0x6 ./Core/Src/stm32h7xx_it.o
                0x0000000008001e78                UsageFault_Handler
 .text.SVC_Handler
                0x0000000008001e7e        0xe ./Core/Src/stm32h7xx_it.o
                0x0000000008001e7e                SVC_Handler
 .text.DebugMon_Handler
                0x0000000008001e8c        0xe ./Core/Src/stm32h7xx_it.o
                0x0000000008001e8c                DebugMon_Handler
 .text.PendSV_Handler
                0x0000000008001e9a        0xe ./Core/Src/stm32h7xx_it.o
                0x0000000008001e9a                PendSV_Handler
 .text.SysTick_Handler
                0x0000000008001ea8        0xc ./Core/Src/stm32h7xx_it.o
                0x0000000008001ea8                SysTick_Handler
 .text.DMA1_Stream0_IRQHandler
                0x0000000008001eb4       0x14 ./Core/Src/stm32h7xx_it.o
                0x0000000008001eb4                DMA1_Stream0_IRQHandler
 .text.ADC3_IRQHandler
                0x0000000008001ec8       0x14 ./Core/Src/stm32h7xx_it.o
                0x0000000008001ec8                ADC3_IRQHandler
 .text.TIM23_IRQHandler
                0x0000000008001edc       0x14 ./Core/Src/stm32h7xx_it.o
                0x0000000008001edc                TIM23_IRQHandler
 .text.SystemInit
                0x0000000008001ef0       0xf8 ./Core/Src/system_stm32h7xx.o
                0x0000000008001ef0                SystemInit
 .text.MX_TIM1_Init
                0x0000000008001fe8      0x120 ./Core/Src/tim.o
                0x0000000008001fe8                MX_TIM1_Init
 .text.MX_TIM2_Init
                0x0000000008002108       0xa8 ./Core/Src/tim.o
                0x0000000008002108                MX_TIM2_Init
 .text.MX_TIM3_Init
                0x00000000080021b0       0xf0 ./Core/Src/tim.o
                0x00000000080021b0                MX_TIM3_Init
 .text.MX_TIM4_Init
                0x00000000080022a0       0xac ./Core/Src/tim.o
                0x00000000080022a0                MX_TIM4_Init
 .text.MX_TIM5_Init
                0x000000000800234c       0xac ./Core/Src/tim.o
                0x000000000800234c                MX_TIM5_Init
 .text.MX_TIM6_Init
                0x00000000080023f8       0x70 ./Core/Src/tim.o
                0x00000000080023f8                MX_TIM6_Init
 .text.MX_TIM8_Init
                0x0000000008002468       0xb4 ./Core/Src/tim.o
                0x0000000008002468                MX_TIM8_Init
 .text.MX_TIM13_Init
                0x000000000800251c       0xa0 ./Core/Src/tim.o
                0x000000000800251c                MX_TIM13_Init
 .text.MX_TIM14_Init
                0x00000000080025bc       0xa0 ./Core/Src/tim.o
                0x00000000080025bc                MX_TIM14_Init
 .text.MX_TIM15_Init
                0x000000000800265c      0x110 ./Core/Src/tim.o
                0x000000000800265c                MX_TIM15_Init
 .text.MX_TIM16_Init
                0x000000000800276c       0xf8 ./Core/Src/tim.o
                0x000000000800276c                MX_TIM16_Init
 .text.MX_TIM17_Init
                0x0000000008002864       0xf8 ./Core/Src/tim.o
                0x0000000008002864                MX_TIM17_Init
 .text.MX_TIM23_Init
                0x000000000800295c       0xa0 ./Core/Src/tim.o
                0x000000000800295c                MX_TIM23_Init
 .text.MX_TIM24_Init
                0x00000000080029fc       0xa0 ./Core/Src/tim.o
                0x00000000080029fc                MX_TIM24_Init
 .text.HAL_TIM_OC_MspInit
                0x0000000008002a9c       0x94 ./Core/Src/tim.o
                0x0000000008002a9c                HAL_TIM_OC_MspInit
 .text.HAL_TIM_Encoder_MspInit
                0x0000000008002b30      0x220 ./Core/Src/tim.o
                0x0000000008002b30                HAL_TIM_Encoder_MspInit
 .text.HAL_TIM_Base_MspInit
                0x0000000008002d50      0x1e4 ./Core/Src/tim.o
                0x0000000008002d50                HAL_TIM_Base_MspInit
 .text.HAL_TIM_PWM_MspInit
                0x0000000008002f34       0x44 ./Core/Src/tim.o
                0x0000000008002f34                HAL_TIM_PWM_MspInit
 .text.HAL_TIM_MspPostInit
                0x0000000008002f78      0x258 ./Core/Src/tim.o
                0x0000000008002f78                HAL_TIM_MspPostInit
 .text.MX_UART5_Init
                0x00000000080031d0       0x98 ./Core/Src/usart.o
                0x00000000080031d0                MX_UART5_Init
 .text.MX_USART1_UART_Init
                0x0000000008003268       0x9c ./Core/Src/usart.o
                0x0000000008003268                MX_USART1_UART_Init
 .text.MX_USART3_UART_Init
                0x0000000008003304       0x98 ./Core/Src/usart.o
                0x0000000008003304                MX_USART3_UART_Init
 .text.HAL_UART_MspInit
                0x000000000800339c      0x1d8 ./Core/Src/usart.o
                0x000000000800339c                HAL_UART_MspInit
 .text.Reset_Handler
                0x0000000008003574       0x50 ./Core/Startup/startup_stm32h733vgtx.o
                0x0000000008003574                Reset_Handler
 .text.Default_Handler
                0x00000000080035c4        0x2 ./Core/Startup/startup_stm32h733vgtx.o
                0x00000000080035c4                RTC_Alarm_IRQHandler
                0x00000000080035c4                HASH_RNG_IRQHandler
                0x00000000080035c4                EXTI2_IRQHandler
                0x00000000080035c4                TIM8_CC_IRQHandler
                0x00000000080035c4                UART8_IRQHandler
                0x00000000080035c4                SPI4_IRQHandler
                0x00000000080035c4                FDCAN3_IT0_IRQHandler
                0x00000000080035c4                TIM1_CC_IRQHandler
                0x00000000080035c4                BDMA_Channel6_IRQHandler
                0x00000000080035c4                DMA2_Stream5_IRQHandler
                0x00000000080035c4                DMA1_Stream5_IRQHandler
                0x00000000080035c4                CORDIC_IRQHandler
                0x00000000080035c4                BDMA_Channel1_IRQHandler
                0x00000000080035c4                TAMP_STAMP_IRQHandler
                0x00000000080035c4                EXTI3_IRQHandler
                0x00000000080035c4                LPTIM4_IRQHandler
                0x00000000080035c4                TIM8_TRG_COM_TIM14_IRQHandler
                0x00000000080035c4                LPTIM2_IRQHandler
                0x00000000080035c4                DFSDM1_FLT1_IRQHandler
                0x00000000080035c4                DMAMUX2_OVR_IRQHandler
                0x00000000080035c4                TIM8_UP_TIM13_IRQHandler
                0x00000000080035c4                I2C3_ER_IRQHandler
                0x00000000080035c4                DFSDM1_FLT2_IRQHandler
                0x00000000080035c4                I2C5_EV_IRQHandler
                0x00000000080035c4                USART10_IRQHandler
                0x00000000080035c4                MDMA_IRQHandler
                0x00000000080035c4                LPTIM3_IRQHandler
                0x00000000080035c4                HSEM1_IRQHandler
                0x00000000080035c4                EXTI0_IRQHandler
                0x00000000080035c4                I2C2_EV_IRQHandler
                0x00000000080035c4                DMA1_Stream2_IRQHandler
                0x00000000080035c4                FPU_IRQHandler
                0x00000000080035c4                OTG_HS_WKUP_IRQHandler
                0x00000000080035c4                FDCAN1_IT1_IRQHandler
                0x00000000080035c4                LTDC_ER_IRQHandler
                0x00000000080035c4                DMA2_Stream2_IRQHandler
                0x00000000080035c4                SPI1_IRQHandler
                0x00000000080035c4                OCTOSPI1_IRQHandler
                0x00000000080035c4                TIM6_DAC_IRQHandler
                0x00000000080035c4                DMA2_Stream3_IRQHandler
                0x00000000080035c4                OCTOSPI2_IRQHandler
                0x00000000080035c4                DFSDM1_FLT3_IRQHandler
                0x00000000080035c4                USART6_IRQHandler
                0x00000000080035c4                TIM17_IRQHandler
                0x00000000080035c4                USART3_IRQHandler
                0x00000000080035c4                BDMA_Channel7_IRQHandler
                0x00000000080035c4                CRYP_IRQHandler
                0x00000000080035c4                LPTIM5_IRQHandler
                0x00000000080035c4                UART5_IRQHandler
                0x00000000080035c4                DMA2_Stream0_IRQHandler
                0x00000000080035c4                TIM4_IRQHandler
                0x00000000080035c4                BDMA_Channel2_IRQHandler
                0x00000000080035c4                I2C1_EV_IRQHandler
                0x00000000080035c4                DMA1_Stream6_IRQHandler
                0x00000000080035c4                DMAMUX1_OVR_IRQHandler
                0x00000000080035c4                DMA1_Stream1_IRQHandler
                0x00000000080035c4                TIM16_IRQHandler
                0x00000000080035c4                UART4_IRQHandler
                0x00000000080035c4                BDMA_Channel5_IRQHandler
                0x00000000080035c4                TIM3_IRQHandler
                0x00000000080035c4                RCC_IRQHandler
                0x00000000080035c4                UART9_IRQHandler
                0x00000000080035c4                TIM8_BRK_TIM12_IRQHandler
                0x00000000080035c4                TIM1_TRG_COM_IRQHandler
                0x00000000080035c4                Default_Handler
                0x00000000080035c4                ECC_IRQHandler
                0x00000000080035c4                FMAC_IRQHandler
                0x00000000080035c4                CEC_IRQHandler
                0x00000000080035c4                EXTI15_10_IRQHandler
                0x00000000080035c4                BDMA_Channel0_IRQHandler
                0x00000000080035c4                ADC_IRQHandler
                0x00000000080035c4                I2C5_ER_IRQHandler
                0x00000000080035c4                OTFDEC1_IRQHandler
                0x00000000080035c4                DMA1_Stream7_IRQHandler
                0x00000000080035c4                SPI5_IRQHandler
                0x00000000080035c4                TIM7_IRQHandler
                0x00000000080035c4                FDCAN3_IT1_IRQHandler
                0x00000000080035c4                SDMMC1_IRQHandler
                0x00000000080035c4                TIM5_IRQHandler
                0x00000000080035c4                DMA2_Stream7_IRQHandler
                0x00000000080035c4                TIM15_IRQHandler
                0x00000000080035c4                PVD_AVD_IRQHandler
                0x00000000080035c4                I2C3_EV_IRQHandler
                0x00000000080035c4                EXTI9_5_IRQHandler
                0x00000000080035c4                RTC_WKUP_IRQHandler
                0x00000000080035c4                LTDC_IRQHandler
                0x00000000080035c4                ETH_WKUP_IRQHandler
                0x00000000080035c4                SPDIF_RX_IRQHandler
                0x00000000080035c4                SPI2_IRQHandler
                0x00000000080035c4                OTG_HS_EP1_IN_IRQHandler
                0x00000000080035c4                OTFDEC2_IRQHandler
                0x00000000080035c4                TIM24_IRQHandler
                0x00000000080035c4                CRS_IRQHandler
                0x00000000080035c4                EXTI4_IRQHandler
                0x00000000080035c4                FDCAN2_IT1_IRQHandler
                0x00000000080035c4                ETH_IRQHandler
                0x00000000080035c4                TIM1_UP_IRQHandler
                0x00000000080035c4                BDMA_Channel4_IRQHandler
                0x00000000080035c4                OTG_HS_EP1_OUT_IRQHandler
                0x00000000080035c4                WWDG_IRQHandler
                0x00000000080035c4                SPI6_IRQHandler
                0x00000000080035c4                MDIOS_IRQHandler
                0x00000000080035c4                I2C4_EV_IRQHandler
                0x00000000080035c4                FDCAN2_IT0_IRQHandler
                0x00000000080035c4                LPUART1_IRQHandler
                0x00000000080035c4                FDCAN1_IT0_IRQHandler
                0x00000000080035c4                TIM2_IRQHandler
                0x00000000080035c4                OTG_HS_IRQHandler
                0x00000000080035c4                DMA2D_IRQHandler
                0x00000000080035c4                TIM1_BRK_IRQHandler
                0x00000000080035c4                EXTI1_IRQHandler
                0x00000000080035c4                SDMMC2_IRQHandler
                0x00000000080035c4                BDMA_Channel3_IRQHandler
                0x00000000080035c4                DTS_IRQHandler
                0x00000000080035c4                UART7_IRQHandler
                0x00000000080035c4                MDIOS_WKUP_IRQHandler
                0x00000000080035c4                USART2_IRQHandler
                0x00000000080035c4                DFSDM1_FLT0_IRQHandler
                0x00000000080035c4                SAI4_IRQHandler
                0x00000000080035c4                I2C2_ER_IRQHandler
                0x00000000080035c4                DMA2_Stream1_IRQHandler
                0x00000000080035c4                FLASH_IRQHandler
                0x00000000080035c4                DMA2_Stream4_IRQHandler
                0x00000000080035c4                USART1_IRQHandler
                0x00000000080035c4                SPI3_IRQHandler
                0x00000000080035c4                WAKEUP_PIN_IRQHandler
                0x00000000080035c4                DMA1_Stream4_IRQHandler
                0x00000000080035c4                I2C1_ER_IRQHandler
                0x00000000080035c4                FMC_IRQHandler
                0x00000000080035c4                FDCAN_CAL_IRQHandler
                0x00000000080035c4                SWPMI1_IRQHandler
                0x00000000080035c4                COMP1_IRQHandler
                0x00000000080035c4                LPTIM1_IRQHandler
                0x00000000080035c4                DCMI_PSSI_IRQHandler
                0x00000000080035c4                I2C4_ER_IRQHandler
                0x00000000080035c4                DMA2_Stream6_IRQHandler
                0x00000000080035c4                SAI1_IRQHandler
                0x00000000080035c4                DMA1_Stream3_IRQHandler
 *fill*         0x00000000080035c6        0x2 
 .text.HAL_Init
                0x00000000080035c8       0x78 ./Drivers/STM32H7xx_HAL_Driver/Src/stm32h7xx_hal.o
                0x00000000080035c8                HAL_Init
 .text.HAL_InitTick
                0x0000000008003640       0x6c ./Drivers/STM32H7xx_HAL_Driver/Src/stm32h7xx_hal.o
                0x0000000008003640                HAL_InitTick
 .text.HAL_IncTick
                0x00000000080036ac       0x28 ./Drivers/STM32H7xx_HAL_Driver/Src/stm32h7xx_hal.o
                0x00000000080036ac                HAL_IncTick
 .text.HAL_GetTick
                0x00000000080036d4       0x18 ./Drivers/STM32H7xx_HAL_Driver/Src/stm32h7xx_hal.o
                0x00000000080036d4                HAL_GetTick
 .text.LL_ADC_SetCommonClock
                0x00000000080036ec       0x26 ./Drivers/STM32H7xx_HAL_Driver/Src/stm32h7xx_hal_adc.o
 .text.LL_ADC_SetCommonPathInternalCh
                0x0000000008003712       0x26 ./Drivers/STM32H7xx_HAL_Driver/Src/stm32h7xx_hal_adc.o
 .text.LL_ADC_GetCommonPathInternalCh
                0x0000000008003738       0x1c ./Drivers/STM32H7xx_HAL_Driver/Src/stm32h7xx_hal_adc.o
 .text.LL_ADC_SetOffset
                0x0000000008003754       0x64 ./Drivers/STM32H7xx_HAL_Driver/Src/stm32h7xx_hal_adc.o
 .text.LL_ADC_GetOffsetChannel
                0x00000000080037b8       0x2c ./Drivers/STM32H7xx_HAL_Driver/Src/stm32h7xx_hal_adc.o
 .text.LL_ADC_SetDataRightShift
                0x00000000080037e4       0x32 ./Drivers/STM32H7xx_HAL_Driver/Src/stm32h7xx_hal_adc.o
 *fill*         0x0000000008003816        0x2 
 .text.LL_ADC_SetOffsetSignedSaturation
                0x0000000008003818       0x44 ./Drivers/STM32H7xx_HAL_Driver/Src/stm32h7xx_hal_adc.o
 .text.LL_ADC_SetOffsetSaturation
                0x000000000800385c       0x44 ./Drivers/STM32H7xx_HAL_Driver/Src/stm32h7xx_hal_adc.o
 .text.LL_ADC_SetOffsetSign
                0x00000000080038a0       0x44 ./Drivers/STM32H7xx_HAL_Driver/Src/stm32h7xx_hal_adc.o
 .text.LL_ADC_SetOffsetState
                0x00000000080038e4       0x54 ./Drivers/STM32H7xx_HAL_Driver/Src/stm32h7xx_hal_adc.o
 .text.LL_ADC_REG_IsTriggerSourceSWStart
                0x0000000008003938       0x26 ./Drivers/STM32H7xx_HAL_Driver/Src/stm32h7xx_hal_adc.o
 .text.LL_ADC_REG_SetSequencerRanks
                0x000000000800395e       0x58 ./Drivers/STM32H7xx_HAL_Driver/Src/stm32h7xx_hal_adc.o
 .text.LL_ADC_INJ_IsTriggerSourceSWStart
                0x00000000080039b6       0x26 ./Drivers/STM32H7xx_HAL_Driver/Src/stm32h7xx_hal_adc.o
 .text.LL_ADC_SetChannelSamplingTime
                0x00000000080039dc       0x56 ./Drivers/STM32H7xx_HAL_Driver/Src/stm32h7xx_hal_adc.o
 *fill*         0x0000000008003a32        0x2 
 .text.LL_ADC_SetChannelSingleDiff
                0x0000000008003a34       0x80 ./Drivers/STM32H7xx_HAL_Driver/Src/stm32h7xx_hal_adc.o
 .text.LL_ADC_GetMultimode
                0x0000000008003ab4       0x1c ./Drivers/STM32H7xx_HAL_Driver/Src/stm32h7xx_hal_adc.o
 .text.LL_ADC_GetMultiDMATransfer
                0x0000000008003ad0       0x1c ./Drivers/STM32H7xx_HAL_Driver/Src/stm32h7xx_hal_adc.o
 .text.LL_ADC_DisableDeepPowerDown
                0x0000000008003aec       0x24 ./Drivers/STM32H7xx_HAL_Driver/Src/stm32h7xx_hal_adc.o
 .text.LL_ADC_IsDeepPowerDownEnabled
                0x0000000008003b10       0x28 ./Drivers/STM32H7xx_HAL_Driver/Src/stm32h7xx_hal_adc.o
 .text.LL_ADC_EnableInternalRegulator
                0x0000000008003b38       0x28 ./Drivers/STM32H7xx_HAL_Driver/Src/stm32h7xx_hal_adc.o
 .text.LL_ADC_IsInternalRegulatorEnabled
                0x0000000008003b60       0x28 ./Drivers/STM32H7xx_HAL_Driver/Src/stm32h7xx_hal_adc.o
 .text.LL_ADC_Enable
                0x0000000008003b88       0x28 ./Drivers/STM32H7xx_HAL_Driver/Src/stm32h7xx_hal_adc.o
 .text.LL_ADC_Disable
                0x0000000008003bb0       0x28 ./Drivers/STM32H7xx_HAL_Driver/Src/stm32h7xx_hal_adc.o
 .text.LL_ADC_IsEnabled
                0x0000000008003bd8       0x26 ./Drivers/STM32H7xx_HAL_Driver/Src/stm32h7xx_hal_adc.o
 .text.LL_ADC_IsDisableOngoing
                0x0000000008003bfe       0x26 ./Drivers/STM32H7xx_HAL_Driver/Src/stm32h7xx_hal_adc.o
 .text.LL_ADC_REG_StartConversion
                0x0000000008003c24       0x28 ./Drivers/STM32H7xx_HAL_Driver/Src/stm32h7xx_hal_adc.o
 .text.LL_ADC_REG_IsConversionOngoing
                0x0000000008003c4c       0x26 ./Drivers/STM32H7xx_HAL_Driver/Src/stm32h7xx_hal_adc.o
 .text.LL_ADC_INJ_IsConversionOngoing
                0x0000000008003c72       0x26 ./Drivers/STM32H7xx_HAL_Driver/Src/stm32h7xx_hal_adc.o
 .text.HAL_ADC_Init
                0x0000000008003c98      0x410 ./Drivers/STM32H7xx_HAL_Driver/Src/stm32h7xx_hal_adc.o
                0x0000000008003c98                HAL_ADC_Init
 .text.HAL_ADC_Start_IT
                0x00000000080040a8      0x280 ./Drivers/STM32H7xx_HAL_Driver/Src/stm32h7xx_hal_adc.o
                0x00000000080040a8                HAL_ADC_Start_IT
 .text.HAL_ADC_GetValue
                0x0000000008004328       0x1a ./Drivers/STM32H7xx_HAL_Driver/Src/stm32h7xx_hal_adc.o
                0x0000000008004328                HAL_ADC_GetValue
 *fill*         0x0000000008004342        0x2 
 .text.HAL_ADC_IRQHandler
                0x0000000008004344      0x474 ./Drivers/STM32H7xx_HAL_Driver/Src/stm32h7xx_hal_adc.o
                0x0000000008004344                HAL_ADC_IRQHandler
 .text.HAL_ADC_LevelOutOfWindowCallback
                0x00000000080047b8       0x14 ./Drivers/STM32H7xx_HAL_Driver/Src/stm32h7xx_hal_adc.o
                0x00000000080047b8                HAL_ADC_LevelOutOfWindowCallback
 .text.HAL_ADC_ErrorCallback
                0x00000000080047cc       0x14 ./Drivers/STM32H7xx_HAL_Driver/Src/stm32h7xx_hal_adc.o
                0x00000000080047cc                HAL_ADC_ErrorCallback
 .text.HAL_ADC_ConfigChannel
                0x00000000080047e0      0xa58 ./Drivers/STM32H7xx_HAL_Driver/Src/stm32h7xx_hal_adc.o
                0x00000000080047e0                HAL_ADC_ConfigChannel
 .text.ADC_Enable
                0x0000000008005238      0x114 ./Drivers/STM32H7xx_HAL_Driver/Src/stm32h7xx_hal_adc.o
                0x0000000008005238                ADC_Enable
 .text.ADC_Disable
                0x000000000800534c       0xbe ./Drivers/STM32H7xx_HAL_Driver/Src/stm32h7xx_hal_adc.o
                0x000000000800534c                ADC_Disable
 *fill*         0x000000000800540a        0x2 
 .text.ADC_ConfigureBoostMode
                0x000000000800540c      0x1d8 ./Drivers/STM32H7xx_HAL_Driver/Src/stm32h7xx_hal_adc.o
                0x000000000800540c                ADC_ConfigureBoostMode
 .text.LL_ADC_StartCalibration
                0x00000000080055e4       0x3c ./Drivers/STM32H7xx_HAL_Driver/Src/stm32h7xx_hal_adc_ex.o
 .text.LL_ADC_IsCalibrationOnGoing
                0x0000000008005620       0x28 ./Drivers/STM32H7xx_HAL_Driver/Src/stm32h7xx_hal_adc_ex.o
 .text.HAL_ADCEx_Calibration_Start
                0x0000000008005648       0xc8 ./Drivers/STM32H7xx_HAL_Driver/Src/stm32h7xx_hal_adc_ex.o
                0x0000000008005648                HAL_ADCEx_Calibration_Start
 .text.HAL_ADCEx_InjectedConvCpltCallback
                0x0000000008005710       0x14 ./Drivers/STM32H7xx_HAL_Driver/Src/stm32h7xx_hal_adc_ex.o
                0x0000000008005710                HAL_ADCEx_InjectedConvCpltCallback
 .text.HAL_ADCEx_InjectedQueueOverflowCallback
                0x0000000008005724       0x14 ./Drivers/STM32H7xx_HAL_Driver/Src/stm32h7xx_hal_adc_ex.o
                0x0000000008005724                HAL_ADCEx_InjectedQueueOverflowCallback
 .text.HAL_ADCEx_LevelOutOfWindow2Callback
                0x0000000008005738       0x14 ./Drivers/STM32H7xx_HAL_Driver/Src/stm32h7xx_hal_adc_ex.o
                0x0000000008005738                HAL_ADCEx_LevelOutOfWindow2Callback
 .text.HAL_ADCEx_LevelOutOfWindow3Callback
                0x000000000800574c       0x14 ./Drivers/STM32H7xx_HAL_Driver/Src/stm32h7xx_hal_adc_ex.o
                0x000000000800574c                HAL_ADCEx_LevelOutOfWindow3Callback
 .text.HAL_ADCEx_EndOfSamplingCallback
                0x0000000008005760       0x14 ./Drivers/STM32H7xx_HAL_Driver/Src/stm32h7xx_hal_adc_ex.o
                0x0000000008005760                HAL_ADCEx_EndOfSamplingCallback
 .text.__NVIC_SetPriorityGrouping
                0x0000000008005774       0x48 ./Drivers/STM32H7xx_HAL_Driver/Src/stm32h7xx_hal_cortex.o
 .text.__NVIC_GetPriorityGrouping
                0x00000000080057bc       0x1c ./Drivers/STM32H7xx_HAL_Driver/Src/stm32h7xx_hal_cortex.o
 .text.__NVIC_EnableIRQ
                0x00000000080057d8       0x3c ./Drivers/STM32H7xx_HAL_Driver/Src/stm32h7xx_hal_cortex.o
 .text.__NVIC_SetPriority
                0x0000000008005814       0x54 ./Drivers/STM32H7xx_HAL_Driver/Src/stm32h7xx_hal_cortex.o
 .text.NVIC_EncodePriority
                0x0000000008005868       0x66 ./Drivers/STM32H7xx_HAL_Driver/Src/stm32h7xx_hal_cortex.o
 *fill*         0x00000000080058ce        0x2 
 .text.SysTick_Config
                0x00000000080058d0       0x44 ./Drivers/STM32H7xx_HAL_Driver/Src/stm32h7xx_hal_cortex.o
 .text.HAL_NVIC_SetPriorityGrouping
                0x0000000008005914       0x16 ./Drivers/STM32H7xx_HAL_Driver/Src/stm32h7xx_hal_cortex.o
                0x0000000008005914                HAL_NVIC_SetPriorityGrouping
 .text.HAL_NVIC_SetPriority
                0x000000000800592a       0x34 ./Drivers/STM32H7xx_HAL_Driver/Src/stm32h7xx_hal_cortex.o
                0x000000000800592a                HAL_NVIC_SetPriority
 .text.HAL_NVIC_EnableIRQ
                0x000000000800595e       0x1c ./Drivers/STM32H7xx_HAL_Driver/Src/stm32h7xx_hal_cortex.o
                0x000000000800595e                HAL_NVIC_EnableIRQ
 .text.HAL_SYSTICK_Config
                0x000000000800597a       0x18 ./Drivers/STM32H7xx_HAL_Driver/Src/stm32h7xx_hal_cortex.o
                0x000000000800597a                HAL_SYSTICK_Config
 *fill*         0x0000000008005992        0x2 
 .text.HAL_CRC_Init
                0x0000000008005994       0xc8 ./Drivers/STM32H7xx_HAL_Driver/Src/stm32h7xx_hal_crc.o
                0x0000000008005994                HAL_CRC_Init
 .text.HAL_CRCEx_Polynomial_Set
                0x0000000008005a5c      0x10c ./Drivers/STM32H7xx_HAL_Driver/Src/stm32h7xx_hal_crc_ex.o
                0x0000000008005a5c                HAL_CRCEx_Polynomial_Set
 .text.HAL_DMA_Init
                0x0000000008005b68      0x6b4 ./Drivers/STM32H7xx_HAL_Driver/Src/stm32h7xx_hal_dma.o
                0x0000000008005b68                HAL_DMA_Init
 .text.HAL_DMA_Start_IT
                0x000000000800621c      0x4d4 ./Drivers/STM32H7xx_HAL_Driver/Src/stm32h7xx_hal_dma.o
                0x000000000800621c                HAL_DMA_Start_IT
 .text.HAL_DMA_IRQHandler
                0x00000000080066f0      0xe54 ./Drivers/STM32H7xx_HAL_Driver/Src/stm32h7xx_hal_dma.o
                0x00000000080066f0                HAL_DMA_IRQHandler
 .text.DMA_SetConfig
                0x0000000008007544      0x358 ./Drivers/STM32H7xx_HAL_Driver/Src/stm32h7xx_hal_dma.o
 .text.DMA_CalcBaseAndBitshift
                0x000000000800789c      0x164 ./Drivers/STM32H7xx_HAL_Driver/Src/stm32h7xx_hal_dma.o
 .text.DMA_CheckFifoParam
                0x0000000008007a00       0xf8 ./Drivers/STM32H7xx_HAL_Driver/Src/stm32h7xx_hal_dma.o
 .text.DMA_CalcDMAMUXChannelBaseAndMask
                0x0000000008007af8      0x134 ./Drivers/STM32H7xx_HAL_Driver/Src/stm32h7xx_hal_dma.o
 .text.DMA_CalcDMAMUXRequestGenBaseAndMask
                0x0000000008007c2c       0xe8 ./Drivers/STM32H7xx_HAL_Driver/Src/stm32h7xx_hal_dma.o
 .text.HAL_GPIO_Init
                0x0000000008007d14      0x350 ./Drivers/STM32H7xx_HAL_Driver/Src/stm32h7xx_hal_gpio.o
                0x0000000008007d14                HAL_GPIO_Init
 .text.HAL_GPIO_WritePin
                0x0000000008008064       0x32 ./Drivers/STM32H7xx_HAL_Driver/Src/stm32h7xx_hal_gpio.o
                0x0000000008008064                HAL_GPIO_WritePin
 .text.HAL_GPIO_TogglePin
                0x0000000008008096       0x34 ./Drivers/STM32H7xx_HAL_Driver/Src/stm32h7xx_hal_gpio.o
                0x0000000008008096                HAL_GPIO_TogglePin
 *fill*         0x00000000080080ca        0x2 
 .text.HAL_I2C_Init
                0x00000000080080cc      0x120 ./Drivers/STM32H7xx_HAL_Driver/Src/stm32h7xx_hal_i2c.o
                0x00000000080080cc                HAL_I2C_Init
 .text.HAL_I2CEx_ConfigAnalogFilter
                0x00000000080081ec       0x96 ./Drivers/STM32H7xx_HAL_Driver/Src/stm32h7xx_hal_i2c_ex.o
                0x00000000080081ec                HAL_I2CEx_ConfigAnalogFilter
 .text.HAL_I2CEx_ConfigDigitalFilter
                0x0000000008008282       0x98 ./Drivers/STM32H7xx_HAL_Driver/Src/stm32h7xx_hal_i2c_ex.o
                0x0000000008008282                HAL_I2CEx_ConfigDigitalFilter
 *fill*         0x000000000800831a        0x2 
 .text.HAL_PWREx_ConfigSupply
                0x000000000800831c       0x74 ./Drivers/STM32H7xx_HAL_Driver/Src/stm32h7xx_hal_pwr_ex.o
                0x000000000800831c                HAL_PWREx_ConfigSupply
 .text.HAL_RCC_OscConfig
                0x0000000008008390      0x758 ./Drivers/STM32H7xx_HAL_Driver/Src/stm32h7xx_hal_rcc.o
                0x0000000008008390                HAL_RCC_OscConfig
 .text.HAL_RCC_ClockConfig
                0x0000000008008ae8      0x36c ./Drivers/STM32H7xx_HAL_Driver/Src/stm32h7xx_hal_rcc.o
                0x0000000008008ae8                HAL_RCC_ClockConfig
 .text.HAL_RCC_GetSysClockFreq
                0x0000000008008e54      0x2f4 ./Drivers/STM32H7xx_HAL_Driver/Src/stm32h7xx_hal_rcc.o
                0x0000000008008e54                HAL_RCC_GetSysClockFreq
 .text.HAL_RCC_GetHCLKFreq
                0x0000000008009148       0x60 ./Drivers/STM32H7xx_HAL_Driver/Src/stm32h7xx_hal_rcc.o
                0x0000000008009148                HAL_RCC_GetHCLKFreq
 .text.HAL_RCC_GetPCLK1Freq
                0x00000000080091a8       0x2c ./Drivers/STM32H7xx_HAL_Driver/Src/stm32h7xx_hal_rcc.o
                0x00000000080091a8                HAL_RCC_GetPCLK1Freq
 .text.HAL_RCC_GetPCLK2Freq
                0x00000000080091d4       0x2c ./Drivers/STM32H7xx_HAL_Driver/Src/stm32h7xx_hal_rcc.o
                0x00000000080091d4                HAL_RCC_GetPCLK2Freq
 .text.HAL_RCCEx_PeriphCLKConfig
                0x0000000008009200      0xdf4 ./Drivers/STM32H7xx_HAL_Driver/Src/stm32h7xx_hal_rcc_ex.o
                0x0000000008009200                HAL_RCCEx_PeriphCLKConfig
 .text.HAL_RCCEx_GetPeriphCLKFreq
                0x0000000008009ff4      0x848 ./Drivers/STM32H7xx_HAL_Driver/Src/stm32h7xx_hal_rcc_ex.o
                0x0000000008009ff4                HAL_RCCEx_GetPeriphCLKFreq
 .text.HAL_RCCEx_GetD3PCLK1Freq
                0x000000000800a83c       0x2c ./Drivers/STM32H7xx_HAL_Driver/Src/stm32h7xx_hal_rcc_ex.o
                0x000000000800a83c                HAL_RCCEx_GetD3PCLK1Freq
 .text.HAL_RCCEx_GetPLL2ClockFreq
                0x000000000800a868      0x2a8 ./Drivers/STM32H7xx_HAL_Driver/Src/stm32h7xx_hal_rcc_ex.o
                0x000000000800a868                HAL_RCCEx_GetPLL2ClockFreq
 .text.HAL_RCCEx_GetPLL3ClockFreq
                0x000000000800ab10      0x2a8 ./Drivers/STM32H7xx_HAL_Driver/Src/stm32h7xx_hal_rcc_ex.o
                0x000000000800ab10                HAL_RCCEx_GetPLL3ClockFreq
 .text.HAL_RCCEx_GetPLL1ClockFreq
                0x000000000800adb8      0x2a4 ./Drivers/STM32H7xx_HAL_Driver/Src/stm32h7xx_hal_rcc_ex.o
                0x000000000800adb8                HAL_RCCEx_GetPLL1ClockFreq
 .text.RCCEx_PLL2_Config
                0x000000000800b05c      0x164 ./Drivers/STM32H7xx_HAL_Driver/Src/stm32h7xx_hal_rcc_ex.o
 .text.RCCEx_PLL3_Config
                0x000000000800b1c0      0x164 ./Drivers/STM32H7xx_HAL_Driver/Src/stm32h7xx_hal_rcc_ex.o
 .text.HAL_SPI_Init
                0x000000000800b324      0x20c ./Drivers/STM32H7xx_HAL_Driver/Src/stm32h7xx_hal_spi.o
                0x000000000800b324                HAL_SPI_Init
 .text.HAL_SPI_Transmit
                0x000000000800b530      0x3e4 ./Drivers/STM32H7xx_HAL_Driver/Src/stm32h7xx_hal_spi.o
                0x000000000800b530                HAL_SPI_Transmit
 .text.HAL_SPI_Receive
                0x000000000800b914      0x3e4 ./Drivers/STM32H7xx_HAL_Driver/Src/stm32h7xx_hal_spi.o
                0x000000000800b914                HAL_SPI_Receive
 .text.HAL_SPI_TransmitReceive
                0x000000000800bcf8      0x5d8 ./Drivers/STM32H7xx_HAL_Driver/Src/stm32h7xx_hal_spi.o
                0x000000000800bcf8                HAL_SPI_TransmitReceive
 .text.SPI_CloseTransfer
                0x000000000800c2d0      0x140 ./Drivers/STM32H7xx_HAL_Driver/Src/stm32h7xx_hal_spi.o
 .text.SPI_WaitOnFlagUntilTimeout
                0x000000000800c410       0x5c ./Drivers/STM32H7xx_HAL_Driver/Src/stm32h7xx_hal_spi.o
 .text.SPI_GetPacketSize
                0x000000000800c46c       0x36 ./Drivers/STM32H7xx_HAL_Driver/Src/stm32h7xx_hal_spi.o
 .text.HAL_TIM_Base_Init
                0x000000000800c4a2       0xae ./Drivers/STM32H7xx_HAL_Driver/Src/stm32h7xx_hal_tim.o
                0x000000000800c4a2                HAL_TIM_Base_Init
 .text.HAL_TIM_Base_Start_IT
                0x000000000800c550      0x10c ./Drivers/STM32H7xx_HAL_Driver/Src/stm32h7xx_hal_tim.o
                0x000000000800c550                HAL_TIM_Base_Start_IT
 .text.HAL_TIM_OC_Init
                0x000000000800c65c       0xae ./Drivers/STM32H7xx_HAL_Driver/Src/stm32h7xx_hal_tim.o
                0x000000000800c65c                HAL_TIM_OC_Init
 .text.HAL_TIM_PWM_Init
                0x000000000800c70a       0xae ./Drivers/STM32H7xx_HAL_Driver/Src/stm32h7xx_hal_tim.o
                0x000000000800c70a                HAL_TIM_PWM_Init
 .text.HAL_TIM_PWM_Start
                0x000000000800c7b8      0x238 ./Drivers/STM32H7xx_HAL_Driver/Src/stm32h7xx_hal_tim.o
                0x000000000800c7b8                HAL_TIM_PWM_Start
 .text.HAL_TIM_Encoder_Init
                0x000000000800c9f0      0x14c ./Drivers/STM32H7xx_HAL_Driver/Src/stm32h7xx_hal_tim.o
                0x000000000800c9f0                HAL_TIM_Encoder_Init
 .text.HAL_TIM_IRQHandler
                0x000000000800cb3c      0x23e ./Drivers/STM32H7xx_HAL_Driver/Src/stm32h7xx_hal_tim.o
                0x000000000800cb3c                HAL_TIM_IRQHandler
 *fill*         0x000000000800cd7a        0x2 
 .text.HAL_TIM_OC_ConfigChannel
                0x000000000800cd7c       0xf4 ./Drivers/STM32H7xx_HAL_Driver/Src/stm32h7xx_hal_tim.o
                0x000000000800cd7c                HAL_TIM_OC_ConfigChannel
 .text.HAL_TIM_PWM_ConfigChannel
                0x000000000800ce70      0x228 ./Drivers/STM32H7xx_HAL_Driver/Src/stm32h7xx_hal_tim.o
                0x000000000800ce70                HAL_TIM_PWM_ConfigChannel
 .text.HAL_TIM_ConfigClockSource
                0x000000000800d098      0x1f0 ./Drivers/STM32H7xx_HAL_Driver/Src/stm32h7xx_hal_tim.o
                0x000000000800d098                HAL_TIM_ConfigClockSource
 .text.HAL_TIM_OC_DelayElapsedCallback
                0x000000000800d288       0x14 ./Drivers/STM32H7xx_HAL_Driver/Src/stm32h7xx_hal_tim.o
                0x000000000800d288                HAL_TIM_OC_DelayElapsedCallback
 .text.HAL_TIM_IC_CaptureCallback
                0x000000000800d29c       0x14 ./Drivers/STM32H7xx_HAL_Driver/Src/stm32h7xx_hal_tim.o
                0x000000000800d29c                HAL_TIM_IC_CaptureCallback
 .text.HAL_TIM_PWM_PulseFinishedCallback
                0x000000000800d2b0       0x14 ./Drivers/STM32H7xx_HAL_Driver/Src/stm32h7xx_hal_tim.o
                0x000000000800d2b0                HAL_TIM_PWM_PulseFinishedCallback
 .text.HAL_TIM_TriggerCallback
                0x000000000800d2c4       0x14 ./Drivers/STM32H7xx_HAL_Driver/Src/stm32h7xx_hal_tim.o
                0x000000000800d2c4                HAL_TIM_TriggerCallback
 .text.TIM_Base_SetConfig
                0x000000000800d2d8      0x14c ./Drivers/STM32H7xx_HAL_Driver/Src/stm32h7xx_hal_tim.o
                0x000000000800d2d8                TIM_Base_SetConfig
 .text.TIM_OC1_SetConfig
                0x000000000800d424      0x120 ./Drivers/STM32H7xx_HAL_Driver/Src/stm32h7xx_hal_tim.o
 .text.TIM_OC2_SetConfig
                0x000000000800d544      0x114 ./Drivers/STM32H7xx_HAL_Driver/Src/stm32h7xx_hal_tim.o
                0x000000000800d544                TIM_OC2_SetConfig
 .text.TIM_OC3_SetConfig
                0x000000000800d658      0x110 ./Drivers/STM32H7xx_HAL_Driver/Src/stm32h7xx_hal_tim.o
 .text.TIM_OC4_SetConfig
                0x000000000800d768       0xd4 ./Drivers/STM32H7xx_HAL_Driver/Src/stm32h7xx_hal_tim.o
 .text.TIM_OC5_SetConfig
                0x000000000800d83c       0xc8 ./Drivers/STM32H7xx_HAL_Driver/Src/stm32h7xx_hal_tim.o
 .text.TIM_OC6_SetConfig
                0x000000000800d904       0xcc ./Drivers/STM32H7xx_HAL_Driver/Src/stm32h7xx_hal_tim.o
 .text.TIM_TI1_ConfigInputStage
                0x000000000800d9d0       0x5e ./Drivers/STM32H7xx_HAL_Driver/Src/stm32h7xx_hal_tim.o
 .text.TIM_TI2_ConfigInputStage
                0x000000000800da2e       0x60 ./Drivers/STM32H7xx_HAL_Driver/Src/stm32h7xx_hal_tim.o
 *fill*         0x000000000800da8e        0x2 
 .text.TIM_ITRx_SetConfig
                0x000000000800da90       0x3c ./Drivers/STM32H7xx_HAL_Driver/Src/stm32h7xx_hal_tim.o
 .text.TIM_ETR_SetConfig
                0x000000000800dacc       0x40 ./Drivers/STM32H7xx_HAL_Driver/Src/stm32h7xx_hal_tim.o
                0x000000000800dacc                TIM_ETR_SetConfig
 .text.TIM_CCxChannelCmd
                0x000000000800db0c       0x4a ./Drivers/STM32H7xx_HAL_Driver/Src/stm32h7xx_hal_tim.o
                0x000000000800db0c                TIM_CCxChannelCmd
 *fill*         0x000000000800db56        0x2 
 .text.HAL_TIMEx_MasterConfigSynchronization
                0x000000000800db58      0x138 ./Drivers/STM32H7xx_HAL_Driver/Src/stm32h7xx_hal_tim_ex.o
                0x000000000800db58                HAL_TIMEx_MasterConfigSynchronization
 .text.HAL_TIMEx_ConfigBreakDeadTime
                0x000000000800dc90      0x140 ./Drivers/STM32H7xx_HAL_Driver/Src/stm32h7xx_hal_tim_ex.o
                0x000000000800dc90                HAL_TIMEx_ConfigBreakDeadTime
 .text.HAL_TIMEx_CommutCallback
                0x000000000800ddd0       0x14 ./Drivers/STM32H7xx_HAL_Driver/Src/stm32h7xx_hal_tim_ex.o
                0x000000000800ddd0                HAL_TIMEx_CommutCallback
 .text.HAL_TIMEx_BreakCallback
                0x000000000800dde4       0x14 ./Drivers/STM32H7xx_HAL_Driver/Src/stm32h7xx_hal_tim_ex.o
                0x000000000800dde4                HAL_TIMEx_BreakCallback
 .text.HAL_TIMEx_Break2Callback
                0x000000000800ddf8       0x14 ./Drivers/STM32H7xx_HAL_Driver/Src/stm32h7xx_hal_tim_ex.o
                0x000000000800ddf8                HAL_TIMEx_Break2Callback
 .text.HAL_UART_Init
                0x000000000800de0c       0xa0 ./Drivers/STM32H7xx_HAL_Driver/Src/stm32h7xx_hal_uart.o
                0x000000000800de0c                HAL_UART_Init
 .text.HAL_UART_Receive_DMA
                0x000000000800deac       0xac ./Drivers/STM32H7xx_HAL_Driver/Src/stm32h7xx_hal_uart.o
                0x000000000800deac                HAL_UART_Receive_DMA
 .text.HAL_UART_RxCpltCallback
                0x000000000800df58       0x14 ./Drivers/STM32H7xx_HAL_Driver/Src/stm32h7xx_hal_uart.o
                0x000000000800df58                HAL_UART_RxCpltCallback
 .text.HAL_UART_RxHalfCpltCallback
                0x000000000800df6c       0x14 ./Drivers/STM32H7xx_HAL_Driver/Src/stm32h7xx_hal_uart.o
                0x000000000800df6c                HAL_UART_RxHalfCpltCallback
 .text.HAL_UART_ErrorCallback
                0x000000000800df80       0x14 ./Drivers/STM32H7xx_HAL_Driver/Src/stm32h7xx_hal_uart.o
                0x000000000800df80                HAL_UART_ErrorCallback
 .text.HAL_UARTEx_RxEventCallback
                0x000000000800df94       0x18 ./Drivers/STM32H7xx_HAL_Driver/Src/stm32h7xx_hal_uart.o
                0x000000000800df94                HAL_UARTEx_RxEventCallback
 .text.UART_SetConfig
                0x000000000800dfac      0xcbc ./Drivers/STM32H7xx_HAL_Driver/Src/stm32h7xx_hal_uart.o
                0x000000000800dfac                UART_SetConfig
 .text.UART_AdvFeatureConfig
                0x000000000800ec68      0x144 ./Drivers/STM32H7xx_HAL_Driver/Src/stm32h7xx_hal_uart.o
                0x000000000800ec68                UART_AdvFeatureConfig
 .text.UART_CheckIdleState
                0x000000000800edac       0x96 ./Drivers/STM32H7xx_HAL_Driver/Src/stm32h7xx_hal_uart.o
                0x000000000800edac                UART_CheckIdleState
 .text.UART_WaitOnFlagUntilTimeout
                0x000000000800ee42      0x190 ./Drivers/STM32H7xx_HAL_Driver/Src/stm32h7xx_hal_uart.o
                0x000000000800ee42                UART_WaitOnFlagUntilTimeout
 *fill*         0x000000000800efd2        0x2 
 .text.UART_Start_Receive_DMA
                0x000000000800efd4      0x150 ./Drivers/STM32H7xx_HAL_Driver/Src/stm32h7xx_hal_uart.o
                0x000000000800efd4                UART_Start_Receive_DMA
 .text.UART_EndTxTransfer
                0x000000000800f124       0x82 ./Drivers/STM32H7xx_HAL_Driver/Src/stm32h7xx_hal_uart.o
 *fill*         0x000000000800f1a6        0x2 
 .text.UART_EndRxTransfer
                0x000000000800f1a8       0xcc ./Drivers/STM32H7xx_HAL_Driver/Src/stm32h7xx_hal_uart.o
 .text.UART_DMAReceiveCplt
                0x000000000800f274      0x122 ./Drivers/STM32H7xx_HAL_Driver/Src/stm32h7xx_hal_uart.o
 .text.UART_DMARxHalfCplt
                0x000000000800f396       0x38 ./Drivers/STM32H7xx_HAL_Driver/Src/stm32h7xx_hal_uart.o
 .text.UART_DMAError
                0x000000000800f3ce       0x80 ./Drivers/STM32H7xx_HAL_Driver/Src/stm32h7xx_hal_uart.o
 .text.HAL_UARTEx_DisableFifoMode
                0x000000000800f44e       0x72 ./Drivers/STM32H7xx_HAL_Driver/Src/stm32h7xx_hal_uart_ex.o
                0x000000000800f44e                HAL_UARTEx_DisableFifoMode
 .text.HAL_UARTEx_SetTxFifoThreshold
                0x000000000800f4c0       0x7c ./Drivers/STM32H7xx_HAL_Driver/Src/stm32h7xx_hal_uart_ex.o
                0x000000000800f4c0                HAL_UARTEx_SetTxFifoThreshold
 .text.HAL_UARTEx_SetRxFifoThreshold
                0x000000000800f53c       0x7c ./Drivers/STM32H7xx_HAL_Driver/Src/stm32h7xx_hal_uart_ex.o
                0x000000000800f53c                HAL_UARTEx_SetRxFifoThreshold
 .text.UARTEx_SetNbDataToProcess
                0x000000000800f5b8       0x9c ./Drivers/STM32H7xx_HAL_Driver/Src/stm32h7xx_hal_uart_ex.o
 .text.__libc_init_array
                0x000000000800f654       0x48 c:/st/stm32cubeide_1.8.0/stm32cubeide/plugins/com.st.stm32cube.ide.mcu.externaltools.gnu-tools-for-stm32.9-2020-q2-update.win32_2.0.0.202105311346/tools/bin/../lib/gcc/arm-none-eabi/9.3.1/../../../../arm-none-eabi/lib/thumb/v7e-m+dp/hard\libc_nano.a(lib_a-init.o)
                0x000000000800f654                __libc_init_array
 .text.memset   0x000000000800f69c       0x10 c:/st/stm32cubeide_1.8.0/stm32cubeide/plugins/com.st.stm32cube.ide.mcu.externaltools.gnu-tools-for-stm32.9-2020-q2-update.win32_2.0.0.202105311346/tools/bin/../lib/gcc/arm-none-eabi/9.3.1/../../../../arm-none-eabi/lib/thumb/v7e-m+dp/hard\libc_nano.a(lib_a-memset.o)
                0x000000000800f69c                memset
 *(.glue_7)
 .glue_7        0x000000000800f6ac        0x0 linker stubs
 *(.glue_7t)
 .glue_7t       0x000000000800f6ac        0x0 linker stubs
 *(.eh_frame)
 .eh_frame      0x000000000800f6ac        0x0 c:/st/stm32cubeide_1.8.0/stm32cubeide/plugins/com.st.stm32cube.ide.mcu.externaltools.gnu-tools-for-stm32.9-2020-q2-update.win32_2.0.0.202105311346/tools/bin/../lib/gcc/arm-none-eabi/9.3.1/thumb/v7e-m+dp/hard/crtbegin.o
 *(.init)
 .init          0x000000000800f6ac        0x4 c:/st/stm32cubeide_1.8.0/stm32cubeide/plugins/com.st.stm32cube.ide.mcu.externaltools.gnu-tools-for-stm32.9-2020-q2-update.win32_2.0.0.202105311346/tools/bin/../lib/gcc/arm-none-eabi/9.3.1/thumb/v7e-m+dp/hard/crti.o
                0x000000000800f6ac                _init
 .init          0x000000000800f6b0        0x8 c:/st/stm32cubeide_1.8.0/stm32cubeide/plugins/com.st.stm32cube.ide.mcu.externaltools.gnu-tools-for-stm32.9-2020-q2-update.win32_2.0.0.202105311346/tools/bin/../lib/gcc/arm-none-eabi/9.3.1/thumb/v7e-m+dp/hard/crtn.o
 *(.fini)
 .fini          0x000000000800f6b8        0x4 c:/st/stm32cubeide_1.8.0/stm32cubeide/plugins/com.st.stm32cube.ide.mcu.externaltools.gnu-tools-for-stm32.9-2020-q2-update.win32_2.0.0.202105311346/tools/bin/../lib/gcc/arm-none-eabi/9.3.1/thumb/v7e-m+dp/hard/crti.o
                0x000000000800f6b8                _fini
 .fini          0x000000000800f6bc        0x8 c:/st/stm32cubeide_1.8.0/stm32cubeide/plugins/com.st.stm32cube.ide.mcu.externaltools.gnu-tools-for-stm32.9-2020-q2-update.win32_2.0.0.202105311346/tools/bin/../lib/gcc/arm-none-eabi/9.3.1/thumb/v7e-m+dp/hard/crtn.o
                0x000000000800f6c4                . = ALIGN (0x4)
                0x000000000800f6c4                _etext = .

.vfp11_veneer   0x000000000800f6c4        0x0
 .vfp11_veneer  0x000000000800f6c4        0x0 linker stubs

.v4_bx          0x000000000800f6c4        0x0
 .v4_bx         0x000000000800f6c4        0x0 linker stubs

.iplt           0x000000000800f6c4        0x0
 .iplt          0x000000000800f6c4        0x0 c:/st/stm32cubeide_1.8.0/stm32cubeide/plugins/com.st.stm32cube.ide.mcu.externaltools.gnu-tools-for-stm32.9-2020-q2-update.win32_2.0.0.202105311346/tools/bin/../lib/gcc/arm-none-eabi/9.3.1/thumb/v7e-m+dp/hard/crtbegin.o

.rodata         0x000000000800f6c4       0x40
                0x000000000800f6c4                . = ALIGN (0x4)
 *(.rodata)
 *(.rodata*)
 .rodata.D1CorePrescTable
                0x000000000800f6c4       0x10 ./Core/Src/system_stm32h7xx.o
                0x000000000800f6c4                D1CorePrescTable
 .rodata.flagBitshiftOffset.12262
                0x000000000800f6d4        0x8 ./Drivers/STM32H7xx_HAL_Driver/Src/stm32h7xx_hal_dma.o
 .rodata.UARTPrescTable
                0x000000000800f6dc       0x18 ./Drivers/STM32H7xx_HAL_Driver/Src/stm32h7xx_hal_uart.o
                0x000000000800f6dc                UARTPrescTable
 .rodata.numerator.12229
                0x000000000800f6f4        0x8 ./Drivers/STM32H7xx_HAL_Driver/Src/stm32h7xx_hal_uart_ex.o
 .rodata.denominator.12230
                0x000000000800f6fc        0x8 ./Drivers/STM32H7xx_HAL_Driver/Src/stm32h7xx_hal_uart_ex.o
                0x000000000800f704                . = ALIGN (0x4)

.ARM.extab
 *(.ARM.extab* .gnu.linkonce.armextab.*)

.ARM            0x000000000800f704        0x8
                0x000000000800f704                __exidx_start = .
 *(.ARM.exidx*)
 .ARM.exidx     0x000000000800f704        0x8 c:/st/stm32cubeide_1.8.0/stm32cubeide/plugins/com.st.stm32cube.ide.mcu.externaltools.gnu-tools-for-stm32.9-2020-q2-update.win32_2.0.0.202105311346/tools/bin/../lib/gcc/arm-none-eabi/9.3.1/thumb/v7e-m+dp/hard\libgcc.a(_udivmoddi4.o)
                0x000000000800f70c                __exidx_end = .

.rel.dyn        0x000000000800f70c        0x0
 .rel.iplt      0x000000000800f70c        0x0 c:/st/stm32cubeide_1.8.0/stm32cubeide/plugins/com.st.stm32cube.ide.mcu.externaltools.gnu-tools-for-stm32.9-2020-q2-update.win32_2.0.0.202105311346/tools/bin/../lib/gcc/arm-none-eabi/9.3.1/thumb/v7e-m+dp/hard/crtbegin.o

.preinit_array  0x000000000800f70c        0x0
                0x000000000800f70c                PROVIDE (__preinit_array_start = .)
 *(.preinit_array*)
                0x000000000800f70c                PROVIDE (__preinit_array_end = .)

.init_array     0x000000000800f70c        0x4
                0x000000000800f70c                PROVIDE (__init_array_start = .)
 *(SORT_BY_NAME(.init_array.*))
 *(.init_array*)
 .init_array    0x000000000800f70c        0x4 c:/st/stm32cubeide_1.8.0/stm32cubeide/plugins/com.st.stm32cube.ide.mcu.externaltools.gnu-tools-for-stm32.9-2020-q2-update.win32_2.0.0.202105311346/tools/bin/../lib/gcc/arm-none-eabi/9.3.1/thumb/v7e-m+dp/hard/crtbegin.o
                0x000000000800f710                PROVIDE (__init_array_end = .)

.fini_array     0x000000000800f710        0x4
                [!provide]                        PROVIDE (__fini_array_start = .)
 *(SORT_BY_NAME(.fini_array.*))
 *(.fini_array*)
 .fini_array    0x000000000800f710        0x4 c:/st/stm32cubeide_1.8.0/stm32cubeide/plugins/com.st.stm32cube.ide.mcu.externaltools.gnu-tools-for-stm32.9-2020-q2-update.win32_2.0.0.202105311346/tools/bin/../lib/gcc/arm-none-eabi/9.3.1/thumb/v7e-m+dp/hard/crtbegin.o
                [!provide]                        PROVIDE (__fini_array_end = .)
                0x000000000800f714                _sidata = LOADADDR (.data)

.data           0x0000000020000000       0x10 load address 0x000000000800f714
                0x0000000020000000                . = ALIGN (0x4)
                0x0000000020000000                _sdata = .
 *(.data)
 *(.data*)
 .data.SystemCoreClock
                0x0000000020000000        0x4 ./Core/Src/system_stm32h7xx.o
                0x0000000020000000                SystemCoreClock
 .data.SystemD2Clock
                0x0000000020000004        0x4 ./Core/Src/system_stm32h7xx.o
                0x0000000020000004                SystemD2Clock
 .data.uwTickPrio
                0x0000000020000008        0x4 ./Drivers/STM32H7xx_HAL_Driver/Src/stm32h7xx_hal.o
                0x0000000020000008                uwTickPrio
 .data.uwTickFreq
                0x000000002000000c        0x1 ./Drivers/STM32H7xx_HAL_Driver/Src/stm32h7xx_hal.o
                0x000000002000000c                uwTickFreq
 *(.RamFunc)
 *(.RamFunc*)
                0x0000000020000010                . = ALIGN (0x4)
 *fill*         0x000000002000000d        0x3 
                0x0000000020000010                _edata = .

.igot.plt       0x0000000020000010        0x0 load address 0x000000000800f724
 .igot.plt      0x0000000020000010        0x0 c:/st/stm32cubeide_1.8.0/stm32cubeide/plugins/com.st.stm32cube.ide.mcu.externaltools.gnu-tools-for-stm32.9-2020-q2-update.win32_2.0.0.202105311346/tools/bin/../lib/gcc/arm-none-eabi/9.3.1/thumb/v7e-m+dp/hard/crtbegin.o
                0x0000000020000010                . = ALIGN (0x4)

.bss            0x0000000020000010      0xc14 load address 0x000000000800f724
                0x0000000020000010                _sbss = .
                0x0000000020000010                __bss_start__ = _sbss
 *(.bss)
 .bss           0x0000000020000010       0x1c c:/st/stm32cubeide_1.8.0/stm32cubeide/plugins/com.st.stm32cube.ide.mcu.externaltools.gnu-tools-for-stm32.9-2020-q2-update.win32_2.0.0.202105311346/tools/bin/../lib/gcc/arm-none-eabi/9.3.1/thumb/v7e-m+dp/hard/crtbegin.o
 *(.bss*)
 .bss.traj_finish
                0x000000002000002c        0x1 ./Core/Src/main.o
                0x000000002000002c                traj_finish
 *fill*         0x000000002000002d        0x3 
 .bss.UART1_rxBuffer
                0x0000000020000030        0xe ./Core/Src/main.o
                0x0000000020000030                UART1_rxBuffer
 *(COMMON)
 *fill*         0x000000002000003e        0x2 
 COMMON         0x0000000020000040       0x70 ./Core/Src/adc.o
                0x0000000020000040                hadc3
 COMMON         0x00000000200000b0       0x24 ./Core/Src/crc.o
                0x00000000200000b0                hcrc
 COMMON         0x00000000200000d4       0x4c ./Core/Src/i2c.o
                0x00000000200000d4                hi2c2
 COMMON         0x0000000020000120      0x3a0 ./Core/Src/main.o
                0x0000000020000120                t
                0x0000000020000124                position_test
                0x0000000020000128                Contorl_Flag
                0x000000002000012c                Control
                0x00000000200002cc                Temperature
                0x00000000200002d0                pos
                0x00000000200002d4                reg_out
                0x00000000200002d8                traj_t_set
                0x00000000200002e8                Kalman
                0x0000000020000368                vel
                0x000000002000036c                Traj
                0x00000000200003ec                Last_Update_Time_MS
                0x00000000200003f0                Encoder
                0x0000000020000460                Stepper
                0x00000000200004b0                Temp_Calibration
                0x00000000200004b4                T_Traj
                0x00000000200004b8                dt_test
                0x00000000200004bc                f_out
 COMMON         0x00000000200004c0      0x110 ./Core/Src/spi.o
                0x00000000200004c0                hspi3
                0x0000000020000548                hspi4
 COMMON         0x00000000200005d0      0x428 ./Core/Src/tim.o
                0x00000000200005d0                htim24
                0x000000002000061c                htim8
                0x0000000020000668                htim4
                0x00000000200006b4                htim15
                0x0000000020000700                htim17
                0x000000002000074c                htim5
                0x0000000020000798                htim3
                0x00000000200007e4                htim13
                0x0000000020000830                htim6
                0x000000002000087c                htim1
                0x00000000200008c8                htim2
                0x0000000020000914                htim23
                0x0000000020000960                htim14
                0x00000000200009ac                htim16
 COMMON         0x00000000200009f8      0x228 ./Core/Src/usart.o
                0x00000000200009f8                huart3
                0x0000000020000a88                huart5
                0x0000000020000b18                hdma_usart1_rx
                0x0000000020000b90                huart1
 COMMON         0x0000000020000c20        0x4 ./Drivers/STM32H7xx_HAL_Driver/Src/stm32h7xx_hal.o
                0x0000000020000c20                uwTick
                0x0000000020000c24                . = ALIGN (0x4)
                0x0000000020000c24                _ebss = .
                0x0000000020000c24                __bss_end__ = _ebss

._user_heap_stack
                0x0000000020000c24      0x604 load address 0x000000000800f724
                0x0000000020000c28                . = ALIGN (0x8)
 *fill*         0x0000000020000c24        0x4 
                [!provide]                        PROVIDE (end = .)
                0x0000000020000c28                PROVIDE (_end = .)
                0x0000000020000e28                . = (. + _Min_Heap_Size)
 *fill*         0x0000000020000c28      0x200 
                0x0000000020001228                . = (. + _Min_Stack_Size)
 *fill*         0x0000000020000e28      0x400 
                0x0000000020001228                . = ALIGN (0x8)

/DISCARD/
 libc.a(*)
 libm.a(*)
 libgcc.a(*)

.ARM.attributes
                0x0000000000000000       0x2e
 *(.ARM.attributes)
 .ARM.attributes
                0x0000000000000000       0x1e c:/st/stm32cubeide_1.8.0/stm32cubeide/plugins/com.st.stm32cube.ide.mcu.externaltools.gnu-tools-for-stm32.9-2020-q2-update.win32_2.0.0.202105311346/tools/bin/../lib/gcc/arm-none-eabi/9.3.1/thumb/v7e-m+dp/hard/crti.o
 .ARM.attributes
                0x000000000000001e       0x32 c:/st/stm32cubeide_1.8.0/stm32cubeide/plugins/com.st.stm32cube.ide.mcu.externaltools.gnu-tools-for-stm32.9-2020-q2-update.win32_2.0.0.202105311346/tools/bin/../lib/gcc/arm-none-eabi/9.3.1/thumb/v7e-m+dp/hard/crtbegin.o
 .ARM.attributes
                0x0000000000000050       0x32 ./Core/Src/AS5047U.o
 .ARM.attributes
                0x0000000000000082       0x32 ./Core/Src/adc.o
 .ARM.attributes
                0x00000000000000b4       0x32 ./Core/Src/control.o
 .ARM.attributes
                0x00000000000000e6       0x32 ./Core/Src/crc.o
 .ARM.attributes
                0x0000000000000118       0x32 ./Core/Src/dma.o
 .ARM.attributes
                0x000000000000014a       0x32 ./Core/Src/gpio.o
 .ARM.attributes
                0x000000000000017c       0x32 ./Core/Src/i2c.o
 .ARM.attributes
                0x00000000000001ae       0x32 ./Core/Src/main.o
 .ARM.attributes
                0x00000000000001e0       0x32 ./Core/Src/spi.o
 .ARM.attributes
                0x0000000000000212       0x32 ./Core/Src/stm32h7xx_hal_msp.o
 .ARM.attributes
                0x0000000000000244       0x32 ./Core/Src/stm32h7xx_it.o
 .ARM.attributes
                0x0000000000000276       0x32 ./Core/Src/system_stm32h7xx.o
 .ARM.attributes
                0x00000000000002a8       0x32 ./Core/Src/tim.o
 .ARM.attributes
                0x00000000000002da       0x32 ./Core/Src/usart.o
 .ARM.attributes
                0x000000000000030c       0x21 ./Core/Startup/startup_stm32h733vgtx.o
 .ARM.attributes
                0x000000000000032d       0x32 ./Drivers/STM32H7xx_HAL_Driver/Src/stm32h7xx_hal.o
 .ARM.attributes
                0x000000000000035f       0x32 ./Drivers/STM32H7xx_HAL_Driver/Src/stm32h7xx_hal_adc.o
 .ARM.attributes
                0x0000000000000391       0x32 ./Drivers/STM32H7xx_HAL_Driver/Src/stm32h7xx_hal_adc_ex.o
 .ARM.attributes
                0x00000000000003c3       0x32 ./Drivers/STM32H7xx_HAL_Driver/Src/stm32h7xx_hal_cortex.o
 .ARM.attributes
                0x00000000000003f5       0x32 ./Drivers/STM32H7xx_HAL_Driver/Src/stm32h7xx_hal_crc.o
 .ARM.attributes
                0x0000000000000427       0x32 ./Drivers/STM32H7xx_HAL_Driver/Src/stm32h7xx_hal_crc_ex.o
 .ARM.attributes
                0x0000000000000459       0x32 ./Drivers/STM32H7xx_HAL_Driver/Src/stm32h7xx_hal_dma.o
 .ARM.attributes
                0x000000000000048b       0x32 ./Drivers/STM32H7xx_HAL_Driver/Src/stm32h7xx_hal_gpio.o
 .ARM.attributes
                0x00000000000004bd       0x32 ./Drivers/STM32H7xx_HAL_Driver/Src/stm32h7xx_hal_i2c.o
 .ARM.attributes
                0x00000000000004ef       0x32 ./Drivers/STM32H7xx_HAL_Driver/Src/stm32h7xx_hal_i2c_ex.o
 .ARM.attributes
                0x0000000000000521       0x32 ./Drivers/STM32H7xx_HAL_Driver/Src/stm32h7xx_hal_pwr_ex.o
 .ARM.attributes
                0x0000000000000553       0x32 ./Drivers/STM32H7xx_HAL_Driver/Src/stm32h7xx_hal_rcc.o
 .ARM.attributes
                0x0000000000000585       0x32 ./Drivers/STM32H7xx_HAL_Driver/Src/stm32h7xx_hal_rcc_ex.o
 .ARM.attributes
                0x00000000000005b7       0x32 ./Drivers/STM32H7xx_HAL_Driver/Src/stm32h7xx_hal_spi.o
 .ARM.attributes
                0x00000000000005e9       0x32 ./Drivers/STM32H7xx_HAL_Driver/Src/stm32h7xx_hal_tim.o
 .ARM.attributes
                0x000000000000061b       0x32 ./Drivers/STM32H7xx_HAL_Driver/Src/stm32h7xx_hal_tim_ex.o
 .ARM.attributes
                0x000000000000064d       0x32 ./Drivers/STM32H7xx_HAL_Driver/Src/stm32h7xx_hal_uart.o
 .ARM.attributes
                0x000000000000067f       0x32 ./Drivers/STM32H7xx_HAL_Driver/Src/stm32h7xx_hal_uart_ex.o
 .ARM.attributes
                0x00000000000006b1       0x32 c:/st/stm32cubeide_1.8.0/stm32cubeide/plugins/com.st.stm32cube.ide.mcu.externaltools.gnu-tools-for-stm32.9-2020-q2-update.win32_2.0.0.202105311346/tools/bin/../lib/gcc/arm-none-eabi/9.3.1/../../../../arm-none-eabi/lib/thumb/v7e-m+dp/hard\libc_nano.a(lib_a-init.o)
 .ARM.attributes
                0x00000000000006e3       0x32 c:/st/stm32cubeide_1.8.0/stm32cubeide/plugins/com.st.stm32cube.ide.mcu.externaltools.gnu-tools-for-stm32.9-2020-q2-update.win32_2.0.0.202105311346/tools/bin/../lib/gcc/arm-none-eabi/9.3.1/../../../../arm-none-eabi/lib/thumb/v7e-m+dp/hard\libc_nano.a(lib_a-memset.o)
 .ARM.attributes
                0x0000000000000715       0x1e c:/st/stm32cubeide_1.8.0/stm32cubeide/plugins/com.st.stm32cube.ide.mcu.externaltools.gnu-tools-for-stm32.9-2020-q2-update.win32_2.0.0.202105311346/tools/bin/../lib/gcc/arm-none-eabi/9.3.1/thumb/v7e-m+dp/hard\libgcc.a(_aeabi_uldivmod.o)
 .ARM.attributes
                0x0000000000000733       0x32 c:/st/stm32cubeide_1.8.0/stm32cubeide/plugins/com.st.stm32cube.ide.mcu.externaltools.gnu-tools-for-stm32.9-2020-q2-update.win32_2.0.0.202105311346/tools/bin/../lib/gcc/arm-none-eabi/9.3.1/thumb/v7e-m+dp/hard\libgcc.a(_udivmoddi4.o)
 .ARM.attributes
                0x0000000000000765       0x1e c:/st/stm32cubeide_1.8.0/stm32cubeide/plugins/com.st.stm32cube.ide.mcu.externaltools.gnu-tools-for-stm32.9-2020-q2-update.win32_2.0.0.202105311346/tools/bin/../lib/gcc/arm-none-eabi/9.3.1/thumb/v7e-m+dp/hard\libgcc.a(_dvmd_tls.o)
 .ARM.attributes
                0x0000000000000783       0x1e c:/st/stm32cubeide_1.8.0/stm32cubeide/plugins/com.st.stm32cube.ide.mcu.externaltools.gnu-tools-for-stm32.9-2020-q2-update.win32_2.0.0.202105311346/tools/bin/../lib/gcc/arm-none-eabi/9.3.1/thumb/v7e-m+dp/hard/crtn.o
OUTPUT(Master_Config_STM32H733.elf elf32-littlearm)
LOAD linker stubs
LOAD c:/st/stm32cubeide_1.8.0/stm32cubeide/plugins/com.st.stm32cube.ide.mcu.externaltools.gnu-tools-for-stm32.9-2020-q2-update.win32_2.0.0.202105311346/tools/bin/../lib/gcc/arm-none-eabi/9.3.1/../../../../arm-none-eabi/lib/thumb/v7e-m+dp/hard\libc.a
LOAD c:/st/stm32cubeide_1.8.0/stm32cubeide/plugins/com.st.stm32cube.ide.mcu.externaltools.gnu-tools-for-stm32.9-2020-q2-update.win32_2.0.0.202105311346/tools/bin/../lib/gcc/arm-none-eabi/9.3.1/../../../../arm-none-eabi/lib/thumb/v7e-m+dp/hard\libm.a
LOAD c:/st/stm32cubeide_1.8.0/stm32cubeide/plugins/com.st.stm32cube.ide.mcu.externaltools.gnu-tools-for-stm32.9-2020-q2-update.win32_2.0.0.202105311346/tools/bin/../lib/gcc/arm-none-eabi/9.3.1/thumb/v7e-m+dp/hard\libgcc.a

.debug_info     0x0000000000000000    0x3cf96
 .debug_info    0x0000000000000000     0x1843 ./Core/Src/AS5047U.o
 .debug_info    0x0000000000001843     0x1bc7 ./Core/Src/adc.o
 .debug_info    0x000000000000340a     0x1a3a ./Core/Src/control.o
 .debug_info    0x0000000000004e44     0x1182 ./Core/Src/crc.o
 .debug_info    0x0000000000005fc6     0x1307 ./Core/Src/dma.o
 .debug_info    0x00000000000072cd     0x1137 ./Core/Src/gpio.o
 .debug_info    0x0000000000008404     0x19d9 ./Core/Src/i2c.o
 .debug_info    0x0000000000009ddd     0x33f2 ./Core/Src/main.o
 .debug_info    0x000000000000d1cf     0x1b03 ./Core/Src/spi.o
 .debug_info    0x000000000000ecd2      0xf7a ./Core/Src/stm32h7xx_hal_msp.o
 .debug_info    0x000000000000fc4c     0x17c5 ./Core/Src/stm32h7xx_it.o
 .debug_info    0x0000000000011411     0x15c5 ./Core/Src/system_stm32h7xx.o
 .debug_info    0x00000000000129d6     0x2657 ./Core/Src/tim.o
 .debug_info    0x000000000001502d     0x18ea ./Core/Src/usart.o
 .debug_info    0x0000000000016917       0x22 ./Core/Startup/startup_stm32h733vgtx.o
 .debug_info    0x0000000000016939     0x211e ./Drivers/STM32H7xx_HAL_Driver/Src/stm32h7xx_hal.o
 .debug_info    0x0000000000018a57     0x2f18 ./Drivers/STM32H7xx_HAL_Driver/Src/stm32h7xx_hal_adc.o
 .debug_info    0x000000000001b96f     0x2efb ./Drivers/STM32H7xx_HAL_Driver/Src/stm32h7xx_hal_adc_ex.o
 .debug_info    0x000000000001e86a     0x1c19 ./Drivers/STM32H7xx_HAL_Driver/Src/stm32h7xx_hal_cortex.o
 .debug_info    0x0000000000020483      0xfcf ./Drivers/STM32H7xx_HAL_Driver/Src/stm32h7xx_hal_crc.o
 .debug_info    0x0000000000021452      0xe02 ./Drivers/STM32H7xx_HAL_Driver/Src/stm32h7xx_hal_crc_ex.o
 .debug_info    0x0000000000022254     0x167d ./Drivers/STM32H7xx_HAL_Driver/Src/stm32h7xx_hal_dma.o
 .debug_info    0x00000000000238d1     0x17f5 ./Drivers/STM32H7xx_HAL_Driver/Src/stm32h7xx_hal_gpio.o
 .debug_info    0x00000000000250c6     0x2db8 ./Drivers/STM32H7xx_HAL_Driver/Src/stm32h7xx_hal_i2c.o
 .debug_info    0x0000000000027e7e     0x18c5 ./Drivers/STM32H7xx_HAL_Driver/Src/stm32h7xx_hal_i2c_ex.o
 .debug_info    0x0000000000029743     0x1919 ./Drivers/STM32H7xx_HAL_Driver/Src/stm32h7xx_hal_pwr_ex.o
 .debug_info    0x000000000002b05c     0x185e ./Drivers/STM32H7xx_HAL_Driver/Src/stm32h7xx_hal_rcc.o
 .debug_info    0x000000000002c8ba     0x1ce5 ./Drivers/STM32H7xx_HAL_Driver/Src/stm32h7xx_hal_rcc_ex.o
 .debug_info    0x000000000002e59f     0x1fc7 ./Drivers/STM32H7xx_HAL_Driver/Src/stm32h7xx_hal_spi.o
 .debug_info    0x0000000000030566     0x37ca ./Drivers/STM32H7xx_HAL_Driver/Src/stm32h7xx_hal_tim.o
 .debug_info    0x0000000000033d30     0x2333 ./Drivers/STM32H7xx_HAL_Driver/Src/stm32h7xx_hal_tim_ex.o
 .debug_info    0x0000000000036063     0x558a ./Drivers/STM32H7xx_HAL_Driver/Src/stm32h7xx_hal_uart.o
 .debug_info    0x000000000003b5ed     0x19a9 ./Drivers/STM32H7xx_HAL_Driver/Src/stm32h7xx_hal_uart_ex.o

.debug_abbrev   0x0000000000000000     0x58f4
 .debug_abbrev  0x0000000000000000      0x26b ./Core/Src/AS5047U.o
 .debug_abbrev  0x000000000000026b      0x25a ./Core/Src/adc.o
 .debug_abbrev  0x00000000000004c5      0x291 ./Core/Src/control.o
 .debug_abbrev  0x0000000000000756      0x25a ./Core/Src/crc.o
 .debug_abbrev  0x00000000000009b0      0x20f ./Core/Src/dma.o
 .debug_abbrev  0x0000000000000bbf      0x229 ./Core/Src/gpio.o
 .debug_abbrev  0x0000000000000de8      0x265 ./Core/Src/i2c.o
 .debug_abbrev  0x000000000000104d      0x30b ./Core/Src/main.o
 .debug_abbrev  0x0000000000001358      0x265 ./Core/Src/spi.o
 .debug_abbrev  0x00000000000015bd      0x20f ./Core/Src/stm32h7xx_hal_msp.o
 .debug_abbrev  0x00000000000017cc      0x211 ./Core/Src/stm32h7xx_it.o
 .debug_abbrev  0x00000000000019dd      0x251 ./Core/Src/system_stm32h7xx.o
 .debug_abbrev  0x0000000000001c2e      0x2c1 ./Core/Src/tim.o
 .debug_abbrev  0x0000000000001eef      0x2a5 ./Core/Src/usart.o
 .debug_abbrev  0x0000000000002194       0x12 ./Core/Startup/startup_stm32h733vgtx.o
 .debug_abbrev  0x00000000000021a6      0x324 ./Drivers/STM32H7xx_HAL_Driver/Src/stm32h7xx_hal.o
 .debug_abbrev  0x00000000000024ca      0x34f ./Drivers/STM32H7xx_HAL_Driver/Src/stm32h7xx_hal_adc.o
 .debug_abbrev  0x0000000000002819      0x38a ./Drivers/STM32H7xx_HAL_Driver/Src/stm32h7xx_hal_adc_ex.o
 .debug_abbrev  0x0000000000002ba3      0x409 ./Drivers/STM32H7xx_HAL_Driver/Src/stm32h7xx_hal_cortex.o
 .debug_abbrev  0x0000000000002fac      0x2bc ./Drivers/STM32H7xx_HAL_Driver/Src/stm32h7xx_hal_crc.o
 .debug_abbrev  0x0000000000003268      0x248 ./Drivers/STM32H7xx_HAL_Driver/Src/stm32h7xx_hal_crc_ex.o
 .debug_abbrev  0x00000000000034b0      0x2c1 ./Drivers/STM32H7xx_HAL_Driver/Src/stm32h7xx_hal_dma.o
 .debug_abbrev  0x0000000000003771      0x2cb ./Drivers/STM32H7xx_HAL_Driver/Src/stm32h7xx_hal_gpio.o
 .debug_abbrev  0x0000000000003a3c      0x2e6 ./Drivers/STM32H7xx_HAL_Driver/Src/stm32h7xx_hal_i2c.o
 .debug_abbrev  0x0000000000003d22      0x29e ./Drivers/STM32H7xx_HAL_Driver/Src/stm32h7xx_hal_i2c_ex.o
 .debug_abbrev  0x0000000000003fc0      0x33f ./Drivers/STM32H7xx_HAL_Driver/Src/stm32h7xx_hal_pwr_ex.o
 .debug_abbrev  0x00000000000042ff      0x311 ./Drivers/STM32H7xx_HAL_Driver/Src/stm32h7xx_hal_rcc.o
 .debug_abbrev  0x0000000000004610      0x31d ./Drivers/STM32H7xx_HAL_Driver/Src/stm32h7xx_hal_rcc_ex.o
 .debug_abbrev  0x000000000000492d      0x313 ./Drivers/STM32H7xx_HAL_Driver/Src/stm32h7xx_hal_spi.o
 .debug_abbrev  0x0000000000004c40      0x2f9 ./Drivers/STM32H7xx_HAL_Driver/Src/stm32h7xx_hal_tim.o
 .debug_abbrev  0x0000000000004f39      0x301 ./Drivers/STM32H7xx_HAL_Driver/Src/stm32h7xx_hal_tim_ex.o
 .debug_abbrev  0x000000000000523a      0x37d ./Drivers/STM32H7xx_HAL_Driver/Src/stm32h7xx_hal_uart.o
 .debug_abbrev  0x00000000000055b7      0x33d ./Drivers/STM32H7xx_HAL_Driver/Src/stm32h7xx_hal_uart_ex.o

.debug_aranges  0x0000000000000000     0x1c60
 .debug_aranges
                0x0000000000000000       0x48 ./Core/Src/AS5047U.o
 .debug_aranges
                0x0000000000000048       0x30 ./Core/Src/adc.o
 .debug_aranges
                0x0000000000000078       0x68 ./Core/Src/control.o
 .debug_aranges
                0x00000000000000e0       0x30 ./Core/Src/crc.o
 .debug_aranges
                0x0000000000000110       0x20 ./Core/Src/dma.o
 .debug_aranges
                0x0000000000000130       0x20 ./Core/Src/gpio.o
 .debug_aranges
                0x0000000000000150       0x30 ./Core/Src/i2c.o
 .debug_aranges
                0x0000000000000180       0x50 ./Core/Src/main.o
 .debug_aranges
                0x00000000000001d0       0x38 ./Core/Src/spi.o
 .debug_aranges
                0x0000000000000208       0x20 ./Core/Src/stm32h7xx_hal_msp.o
 .debug_aranges
                0x0000000000000228       0x78 ./Core/Src/stm32h7xx_it.o
 .debug_aranges
                0x00000000000002a0       0x28 ./Core/Src/system_stm32h7xx.o
 .debug_aranges
                0x00000000000002c8       0xd0 ./Core/Src/tim.o
 .debug_aranges
                0x0000000000000398       0x40 ./Core/Src/usart.o
 .debug_aranges
                0x00000000000003d8       0x28 ./Core/Startup/startup_stm32h733vgtx.o
 .debug_aranges
                0x0000000000000400      0x1c8 ./Drivers/STM32H7xx_HAL_Driver/Src/stm32h7xx_hal.o
 .debug_aranges
                0x00000000000005c8      0x260 ./Drivers/STM32H7xx_HAL_Driver/Src/stm32h7xx_hal_adc.o
 .debug_aranges
                0x0000000000000828      0x1f0 ./Drivers/STM32H7xx_HAL_Driver/Src/stm32h7xx_hal_adc_ex.o
 .debug_aranges
                0x0000000000000a18      0x120 ./Drivers/STM32H7xx_HAL_Driver/Src/stm32h7xx_hal_cortex.o
 .debug_aranges
                0x0000000000000b38       0x60 ./Drivers/STM32H7xx_HAL_Driver/Src/stm32h7xx_hal_crc.o
 .debug_aranges
                0x0000000000000b98       0x30 ./Drivers/STM32H7xx_HAL_Driver/Src/stm32h7xx_hal_crc_ex.o
 .debug_aranges
                0x0000000000000bc8       0xa0 ./Drivers/STM32H7xx_HAL_Driver/Src/stm32h7xx_hal_dma.o
 .debug_aranges
                0x0000000000000c68       0x58 ./Drivers/STM32H7xx_HAL_Driver/Src/stm32h7xx_hal_gpio.o
 .debug_aranges
                0x0000000000000cc0      0x290 ./Drivers/STM32H7xx_HAL_Driver/Src/stm32h7xx_hal_i2c.o
 .debug_aranges
                0x0000000000000f50       0x48 ./Drivers/STM32H7xx_HAL_Driver/Src/stm32h7xx_hal_i2c_ex.o
 .debug_aranges
                0x0000000000000f98      0x148 ./Drivers/STM32H7xx_HAL_Driver/Src/stm32h7xx_hal_pwr_ex.o
 .debug_aranges
                0x00000000000010e0       0x88 ./Drivers/STM32H7xx_HAL_Driver/Src/stm32h7xx_hal_rcc.o
 .debug_aranges
                0x0000000000001168       0xf8 ./Drivers/STM32H7xx_HAL_Driver/Src/stm32h7xx_hal_rcc_ex.o
 .debug_aranges
                0x0000000000001260      0x1a0 ./Drivers/STM32H7xx_HAL_Driver/Src/stm32h7xx_hal_spi.o
 .debug_aranges
                0x0000000000001400      0x3e0 ./Drivers/STM32H7xx_HAL_Driver/Src/stm32h7xx_hal_tim.o
 .debug_aranges
                0x00000000000017e0      0x198 ./Drivers/STM32H7xx_HAL_Driver/Src/stm32h7xx_hal_tim_ex.o
 .debug_aranges
                0x0000000000001978      0x248 ./Drivers/STM32H7xx_HAL_Driver/Src/stm32h7xx_hal_uart.o
 .debug_aranges
                0x0000000000001bc0       0xa0 ./Drivers/STM32H7xx_HAL_Driver/Src/stm32h7xx_hal_uart_ex.o

.debug_ranges   0x0000000000000000     0x1aa0
 .debug_ranges  0x0000000000000000       0x38 ./Core/Src/AS5047U.o
 .debug_ranges  0x0000000000000038       0x20 ./Core/Src/adc.o
 .debug_ranges  0x0000000000000058       0x58 ./Core/Src/control.o
 .debug_ranges  0x00000000000000b0       0x20 ./Core/Src/crc.o
 .debug_ranges  0x00000000000000d0       0x10 ./Core/Src/dma.o
 .debug_ranges  0x00000000000000e0       0x10 ./Core/Src/gpio.o
 .debug_ranges  0x00000000000000f0       0x20 ./Core/Src/i2c.o
 .debug_ranges  0x0000000000000110       0x58 ./Core/Src/main.o
 .debug_ranges  0x0000000000000168       0x28 ./Core/Src/spi.o
 .debug_ranges  0x0000000000000190       0x10 ./Core/Src/stm32h7xx_hal_msp.o
 .debug_ranges  0x00000000000001a0       0x68 ./Core/Src/stm32h7xx_it.o
 .debug_ranges  0x0000000000000208       0x18 ./Core/Src/system_stm32h7xx.o
 .debug_ranges  0x0000000000000220       0xc0 ./Core/Src/tim.o
 .debug_ranges  0x00000000000002e0       0x30 ./Core/Src/usart.o
 .debug_ranges  0x0000000000000310       0x20 ./Core/Startup/startup_stm32h733vgtx.o
 .debug_ranges  0x0000000000000330      0x1b8 ./Drivers/STM32H7xx_HAL_Driver/Src/stm32h7xx_hal.o
 .debug_ranges  0x00000000000004e8      0x250 ./Drivers/STM32H7xx_HAL_Driver/Src/stm32h7xx_hal_adc.o
 .debug_ranges  0x0000000000000738      0x1e0 ./Drivers/STM32H7xx_HAL_Driver/Src/stm32h7xx_hal_adc_ex.o
 .debug_ranges  0x0000000000000918      0x110 ./Drivers/STM32H7xx_HAL_Driver/Src/stm32h7xx_hal_cortex.o
 .debug_ranges  0x0000000000000a28       0x50 ./Drivers/STM32H7xx_HAL_Driver/Src/stm32h7xx_hal_crc.o
 .debug_ranges  0x0000000000000a78       0x20 ./Drivers/STM32H7xx_HAL_Driver/Src/stm32h7xx_hal_crc_ex.o
 .debug_ranges  0x0000000000000a98       0x90 ./Drivers/STM32H7xx_HAL_Driver/Src/stm32h7xx_hal_dma.o
 .debug_ranges  0x0000000000000b28       0x48 ./Drivers/STM32H7xx_HAL_Driver/Src/stm32h7xx_hal_gpio.o
 .debug_ranges  0x0000000000000b70      0x280 ./Drivers/STM32H7xx_HAL_Driver/Src/stm32h7xx_hal_i2c.o
 .debug_ranges  0x0000000000000df0       0x38 ./Drivers/STM32H7xx_HAL_Driver/Src/stm32h7xx_hal_i2c_ex.o
 .debug_ranges  0x0000000000000e28      0x138 ./Drivers/STM32H7xx_HAL_Driver/Src/stm32h7xx_hal_pwr_ex.o
 .debug_ranges  0x0000000000000f60       0x78 ./Drivers/STM32H7xx_HAL_Driver/Src/stm32h7xx_hal_rcc.o
 .debug_ranges  0x0000000000000fd8       0xe8 ./Drivers/STM32H7xx_HAL_Driver/Src/stm32h7xx_hal_rcc_ex.o
 .debug_ranges  0x00000000000010c0      0x190 ./Drivers/STM32H7xx_HAL_Driver/Src/stm32h7xx_hal_spi.o
 .debug_ranges  0x0000000000001250      0x3d0 ./Drivers/STM32H7xx_HAL_Driver/Src/stm32h7xx_hal_tim.o
 .debug_ranges  0x0000000000001620      0x188 ./Drivers/STM32H7xx_HAL_Driver/Src/stm32h7xx_hal_tim_ex.o
 .debug_ranges  0x00000000000017a8      0x268 ./Drivers/STM32H7xx_HAL_Driver/Src/stm32h7xx_hal_uart.o
 .debug_ranges  0x0000000000001a10       0x90 ./Drivers/STM32H7xx_HAL_Driver/Src/stm32h7xx_hal_uart_ex.o

.debug_macro    0x0000000000000000    0x39139
 .debug_macro   0x0000000000000000      0x308 ./Core/Src/AS5047U.o
 .debug_macro   0x0000000000000308      0xac0 ./Core/Src/AS5047U.o
 .debug_macro   0x0000000000000dc8       0x2e ./Core/Src/AS5047U.o
 .debug_macro   0x0000000000000df6       0x3b ./Core/Src/AS5047U.o
 .debug_macro   0x0000000000000e31       0x22 ./Core/Src/AS5047U.o
 .debug_macro   0x0000000000000e53       0x8e ./Core/Src/AS5047U.o
 .debug_macro   0x0000000000000ee1       0x51 ./Core/Src/AS5047U.o
 .debug_macro   0x0000000000000f32      0x103 ./Core/Src/AS5047U.o
 .debug_macro   0x0000000000001035       0x6a ./Core/Src/AS5047U.o
 .debug_macro   0x000000000000109f      0x1df ./Core/Src/AS5047U.o
 .debug_macro   0x000000000000127e       0x1c ./Core/Src/AS5047U.o
 .debug_macro   0x000000000000129a       0x22 ./Core/Src/AS5047U.o
 .debug_macro   0x00000000000012bc      0x101 ./Core/Src/AS5047U.o
 .debug_macro   0x00000000000013bd     0x1305 ./Core/Src/AS5047U.o
 .debug_macro   0x00000000000026c2      0x11f ./Core/Src/AS5047U.o
 .debug_macro   0x00000000000027e1       0x27 ./Core/Src/AS5047U.o
 .debug_macro   0x0000000000002808    0x21bd1 ./Core/Src/AS5047U.o
 .debug_macro   0x00000000000243d9       0x6d ./Core/Src/AS5047U.o
 .debug_macro   0x0000000000024446      0x24a ./Core/Src/AS5047U.o
 .debug_macro   0x0000000000024690     0x3d09 ./Core/Src/AS5047U.o
 .debug_macro   0x0000000000028399      0x174 ./Core/Src/AS5047U.o
 .debug_macro   0x000000000002850d       0x52 ./Core/Src/AS5047U.o
 .debug_macro   0x000000000002855f       0x17 ./Core/Src/AS5047U.o
 .debug_macro   0x0000000000028576       0x3c ./Core/Src/AS5047U.o
 .debug_macro   0x00000000000285b2       0x34 ./Core/Src/AS5047U.o
 .debug_macro   0x00000000000285e6       0x16 ./Core/Src/AS5047U.o
 .debug_macro   0x00000000000285fc       0x43 ./Core/Src/AS5047U.o
 .debug_macro   0x000000000002863f       0x34 ./Core/Src/AS5047U.o
 .debug_macro   0x0000000000028673       0x10 ./Core/Src/AS5047U.o
 .debug_macro   0x0000000000028683       0x58 ./Core/Src/AS5047U.o
 .debug_macro   0x00000000000286db       0x71 ./Core/Src/AS5047U.o
 .debug_macro   0x000000000002874c       0x1c ./Core/Src/AS5047U.o
 .debug_macro   0x0000000000028768      0x12a ./Core/Src/AS5047U.o
 .debug_macro   0x0000000000028892      0x333 ./Core/Src/AS5047U.o
 .debug_macro   0x0000000000028bc5      0x1a9 ./Core/Src/AS5047U.o
 .debug_macro   0x0000000000028d6e       0x5d ./Core/Src/AS5047U.o
 .debug_macro   0x0000000000028dcb     0x257a ./Core/Src/AS5047U.o
 .debug_macro   0x000000000002b345     0x104f ./Core/Src/AS5047U.o
 .debug_macro   0x000000000002c394      0x14d ./Core/Src/AS5047U.o
 .debug_macro   0x000000000002c4e1      0x114 ./Core/Src/AS5047U.o
 .debug_macro   0x000000000002c5f5      0x3f8 ./Core/Src/AS5047U.o
 .debug_macro   0x000000000002c9ed       0xac ./Core/Src/AS5047U.o
 .debug_macro   0x000000000002ca99      0x788 ./Core/Src/AS5047U.o
 .debug_macro   0x000000000002d221      0x228 ./Core/Src/AS5047U.o
 .debug_macro   0x000000000002d449       0x66 ./Core/Src/AS5047U.o
 .debug_macro   0x000000000002d4af      0x3a6 ./Core/Src/AS5047U.o
 .debug_macro   0x000000000002d855      0x3f9 ./Core/Src/AS5047U.o
 .debug_macro   0x000000000002dc4e      0x275 ./Core/Src/AS5047U.o
 .debug_macro   0x000000000002dec3     0x116a ./Core/Src/AS5047U.o
 .debug_macro   0x000000000002f02d      0x7c1 ./Core/Src/AS5047U.o
 .debug_macro   0x000000000002f7ee      0x398 ./Core/Src/AS5047U.o
 .debug_macro   0x000000000002fb86       0xc7 ./Core/Src/AS5047U.o
 .debug_macro   0x000000000002fc4d       0x4c ./Core/Src/AS5047U.o
 .debug_macro   0x000000000002fc99      0x3ca ./Core/Src/AS5047U.o
 .debug_macro   0x0000000000030063      0x45c ./Core/Src/AS5047U.o
 .debug_macro   0x00000000000304bf       0x3c ./Core/Src/AS5047U.o
 .debug_macro   0x00000000000304fb       0x4a ./Core/Src/AS5047U.o
 .debug_macro   0x0000000000030545      0x22c ./Core/Src/AS5047U.o
 .debug_macro   0x0000000000030771       0x67 ./Core/Src/AS5047U.o
 .debug_macro   0x00000000000307d8       0xa5 ./Core/Src/AS5047U.o
 .debug_macro   0x000000000003087d      0x1c4 ./Core/Src/AS5047U.o
 .debug_macro   0x0000000000030a41      0x22a ./Core/Src/AS5047U.o
 .debug_macro   0x0000000000030c6b       0x35 ./Core/Src/AS5047U.o
 .debug_macro   0x0000000000030ca0      0x5e4 ./Core/Src/AS5047U.o
 .debug_macro   0x0000000000031284       0x9e ./Core/Src/AS5047U.o
 .debug_macro   0x0000000000031322      0xb01 ./Core/Src/AS5047U.o
 .debug_macro   0x0000000000031e23      0x29f ./Core/Src/AS5047U.o
 .debug_macro   0x00000000000320c2      0x67e ./Core/Src/AS5047U.o
 .debug_macro   0x0000000000032740       0xa6 ./Core/Src/AS5047U.o
 .debug_macro   0x00000000000327e6      0x5e6 ./Core/Src/AS5047U.o
 .debug_macro   0x0000000000032dcc       0x76 ./Core/Src/AS5047U.o
 .debug_macro   0x0000000000032e42      0x312 ./Core/Src/adc.o
 .debug_macro   0x0000000000033154      0x237 ./Core/Src/adc.o
 .debug_macro   0x000000000003338b      0x308 ./Core/Src/control.o
 .debug_macro   0x0000000000033693       0x22 ./Core/Src/control.o
 .debug_macro   0x00000000000336b5      0x312 ./Core/Src/crc.o
 .debug_macro   0x00000000000339c7      0x312 ./Core/Src/dma.o
 .debug_macro   0x0000000000033cd9      0x312 ./Core/Src/gpio.o
 .debug_macro   0x0000000000033feb      0x312 ./Core/Src/i2c.o
 .debug_macro   0x00000000000342fd      0x378 ./Core/Src/main.o
 .debug_macro   0x0000000000034675       0x28 ./Core/Src/main.o
 .debug_macro   0x000000000003469d       0x7c ./Core/Src/main.o
 .debug_macro   0x0000000000034719      0x312 ./Core/Src/spi.o
 .debug_macro   0x0000000000034a2b      0x308 ./Core/Src/stm32h7xx_hal_msp.o
 .debug_macro   0x0000000000034d33      0x312 ./Core/Src/stm32h7xx_it.o
 .debug_macro   0x0000000000035045      0x2ff ./Core/Src/system_stm32h7xx.o
 .debug_macro   0x0000000000035344      0x312 ./Core/Src/tim.o
 .debug_macro   0x0000000000035656      0x312 ./Core/Src/usart.o
 .debug_macro   0x0000000000035968      0x323 ./Drivers/STM32H7xx_HAL_Driver/Src/stm32h7xx_hal.o
 .debug_macro   0x0000000000035c8b      0x324 ./Drivers/STM32H7xx_HAL_Driver/Src/stm32h7xx_hal_adc.o
 .debug_macro   0x0000000000035faf      0x305 ./Drivers/STM32H7xx_HAL_Driver/Src/stm32h7xx_hal_adc_ex.o
 .debug_macro   0x00000000000362b4      0x2f9 ./Drivers/STM32H7xx_HAL_Driver/Src/stm32h7xx_hal_cortex.o
 .debug_macro   0x00000000000365ad      0x2f9 ./Drivers/STM32H7xx_HAL_Driver/Src/stm32h7xx_hal_crc.o
 .debug_macro   0x00000000000368a6      0x2f9 ./Drivers/STM32H7xx_HAL_Driver/Src/stm32h7xx_hal_crc_ex.o
 .debug_macro   0x0000000000036b9f      0x34c ./Drivers/STM32H7xx_HAL_Driver/Src/stm32h7xx_hal_dma.o
 .debug_macro   0x0000000000036eeb      0x300 ./Drivers/STM32H7xx_HAL_Driver/Src/stm32h7xx_hal_gpio.o
 .debug_macro   0x00000000000371eb      0x3c5 ./Drivers/STM32H7xx_HAL_Driver/Src/stm32h7xx_hal_i2c.o
 .debug_macro   0x00000000000375b0      0x2f9 ./Drivers/STM32H7xx_HAL_Driver/Src/stm32h7xx_hal_i2c_ex.o
 .debug_macro   0x00000000000378a9      0x332 ./Drivers/STM32H7xx_HAL_Driver/Src/stm32h7xx_hal_pwr_ex.o
 .debug_macro   0x0000000000037bdb      0x31d ./Drivers/STM32H7xx_HAL_Driver/Src/stm32h7xx_hal_rcc.o
 .debug_macro   0x0000000000037ef8      0x317 ./Drivers/STM32H7xx_HAL_Driver/Src/stm32h7xx_hal_rcc_ex.o
 .debug_macro   0x000000000003820f      0x308 ./Drivers/STM32H7xx_HAL_Driver/Src/stm32h7xx_hal_spi.o
 .debug_macro   0x0000000000038517      0x2fa ./Drivers/STM32H7xx_HAL_Driver/Src/stm32h7xx_hal_tim.o
 .debug_macro   0x0000000000038811      0x2ff ./Drivers/STM32H7xx_HAL_Driver/Src/stm32h7xx_hal_tim_ex.o
 .debug_macro   0x0000000000038b10      0x324 ./Drivers/STM32H7xx_HAL_Driver/Src/stm32h7xx_hal_uart.o
 .debug_macro   0x0000000000038e34      0x305 ./Drivers/STM32H7xx_HAL_Driver/Src/stm32h7xx_hal_uart_ex.o

.debug_line     0x0000000000000000    0x29d9a
 .debug_line    0x0000000000000000      0xb22 ./Core/Src/AS5047U.o
 .debug_line    0x0000000000000b22      0x995 ./Core/Src/adc.o
 .debug_line    0x00000000000014b7      0xcdf ./Core/Src/control.o
 .debug_line    0x0000000000002196      0x954 ./Core/Src/crc.o
 .debug_line    0x0000000000002aea      0x8fe ./Core/Src/dma.o
 .debug_line    0x00000000000033e8      0x993 ./Core/Src/gpio.o
 .debug_line    0x0000000000003d7b      0x991 ./Core/Src/i2c.o
 .debug_line    0x000000000000470c      0xb5d ./Core/Src/main.o