Archive member included to satisfy reference by file (symbol)

c:/st/stm32cubeide_1.9.0/stm32cubeide/plugins/com.st.stm32cube.ide.mcu.externaltools.gnu-tools-for-stm32.10.3-2021.10.win32_1.0.0.202111181127/tools/bin/../lib/gcc/arm-none-eabi/10.3.1/../../../../arm-none-eabi/lib/thumb/v7e-m+dp/hard\libc_nano.a(lib_a-errno.o)
                              ./Core/Src/syscalls.o (__errno)
c:/st/stm32cubeide_1.9.0/stm32cubeide/plugins/com.st.stm32cube.ide.mcu.externaltools.gnu-tools-for-stm32.10.3-2021.10.win32_1.0.0.202111181127/tools/bin/../lib/gcc/arm-none-eabi/10.3.1/../../../../arm-none-eabi/lib/thumb/v7e-m+dp/hard\libc_nano.a(lib_a-exit.o)
                              c:/st/stm32cubeide_1.9.0/stm32cubeide/plugins/com.st.stm32cube.ide.mcu.externaltools.gnu-tools-for-stm32.10.3-2021.10.win32_1.0.0.202111181127/tools/bin/../lib/gcc/arm-none-eabi/10.3.1/../../../../arm-none-eabi/lib/thumb/v7e-m+dp/hard/crt0.o (exit)
c:/st/stm32cubeide_1.9.0/stm32cubeide/plugins/com.st.stm32cube.ide.mcu.externaltools.gnu-tools-for-stm32.10.3-2021.10.win32_1.0.0.202111181127/tools/bin/../lib/gcc/arm-none-eabi/10.3.1/../../../../arm-none-eabi/lib/thumb/v7e-m+dp/hard\libc_nano.a(lib_a-impure.o)
                              c:/st/stm32cubeide_1.9.0/stm32cubeide/plugins/com.st.stm32cube.ide.mcu.externaltools.gnu-tools-for-stm32.10.3-2021.10.win32_1.0.0.202111181127/tools/bin/../lib/gcc/arm-none-eabi/10.3.1/../../../../arm-none-eabi/lib/thumb/v7e-m+dp/hard\libc_nano.a(lib_a-exit.o) (_global_impure_ptr)
c:/st/stm32cubeide_1.9.0/stm32cubeide/plugins/com.st.stm32cube.ide.mcu.externaltools.gnu-tools-for-stm32.10.3-2021.10.win32_1.0.0.202111181127/tools/bin/../lib/gcc/arm-none-eabi/10.3.1/../../../../arm-none-eabi/lib/thumb/v7e-m+dp/hard\libc_nano.a(lib_a-init.o)
                              c:/st/stm32cubeide_1.9.0/stm32cubeide/plugins/com.st.stm32cube.ide.mcu.externaltools.gnu-tools-for-stm32.10.3-2021.10.win32_1.0.0.202111181127/tools/bin/../lib/gcc/arm-none-eabi/10.3.1/../../../../arm-none-eabi/lib/thumb/v7e-m+dp/hard/crt0.o (__libc_init_array)
c:/st/stm32cubeide_1.9.0/stm32cubeide/plugins/com.st.stm32cube.ide.mcu.externaltools.gnu-tools-for-stm32.10.3-2021.10.win32_1.0.0.202111181127/tools/bin/../lib/gcc/arm-none-eabi/10.3.1/../../../../arm-none-eabi/lib/thumb/v7e-m+dp/hard\libc_nano.a(lib_a-memset.o)
                              c:/st/stm32cubeide_1.9.0/stm32cubeide/plugins/com.st.stm32cube.ide.mcu.externaltools.gnu-tools-for-stm32.10.3-2021.10.win32_1.0.0.202111181127/tools/bin/../lib/gcc/arm-none-eabi/10.3.1/../../../../arm-none-eabi/lib/thumb/v7e-m+dp/hard/crt0.o (memset)
c:/st/stm32cubeide_1.9.0/stm32cubeide/plugins/com.st.stm32cube.ide.mcu.externaltools.gnu-tools-for-stm32.10.3-2021.10.win32_1.0.0.202111181127/tools/bin/../lib/gcc/arm-none-eabi/10.3.1/../../../../arm-none-eabi/lib/thumb/v7e-m+dp/hard\libm.a(lib_a-s_cos.o)
                              ./Core/Src/kinematics.o (cos)
c:/st/stm32cubeide_1.9.0/stm32cubeide/plugins/com.st.stm32cube.ide.mcu.externaltools.gnu-tools-for-stm32.10.3-2021.10.win32_1.0.0.202111181127/tools/bin/../lib/gcc/arm-none-eabi/10.3.1/../../../../arm-none-eabi/lib/thumb/v7e-m+dp/hard\libm.a(lib_a-s_sin.o)
                              ./Core/Src/kinematics.o (sin)
c:/st/stm32cubeide_1.9.0/stm32cubeide/plugins/com.st.stm32cube.ide.mcu.externaltools.gnu-tools-for-stm32.10.3-2021.10.win32_1.0.0.202111181127/tools/bin/../lib/gcc/arm-none-eabi/10.3.1/../../../../arm-none-eabi/lib/thumb/v7e-m+dp/hard\libm.a(lib_a-w_atan2.o)
                              ./Core/Src/kinematics.o (atan2)
c:/st/stm32cubeide_1.9.0/stm32cubeide/plugins/com.st.stm32cube.ide.mcu.externaltools.gnu-tools-for-stm32.10.3-2021.10.win32_1.0.0.202111181127/tools/bin/../lib/gcc/arm-none-eabi/10.3.1/../../../../arm-none-eabi/lib/thumb/v7e-m+dp/hard\libm.a(lib_a-w_sqrt.o)
                              ./Core/Src/kinematics.o (sqrt)
c:/st/stm32cubeide_1.9.0/stm32cubeide/plugins/com.st.stm32cube.ide.mcu.externaltools.gnu-tools-for-stm32.10.3-2021.10.win32_1.0.0.202111181127/tools/bin/../lib/gcc/arm-none-eabi/10.3.1/../../../../arm-none-eabi/lib/thumb/v7e-m+dp/hard\libm.a(lib_a-e_atan2.o)
                              c:/st/stm32cubeide_1.9.0/stm32cubeide/plugins/com.st.stm32cube.ide.mcu.externaltools.gnu-tools-for-stm32.10.3-2021.10.win32_1.0.0.202111181127/tools/bin/../lib/gcc/arm-none-eabi/10.3.1/../../../../arm-none-eabi/lib/thumb/v7e-m+dp/hard\libm.a(lib_a-w_atan2.o) (__ieee754_atan2)
c:/st/stm32cubeide_1.9.0/stm32cubeide/plugins/com.st.stm32cube.ide.mcu.externaltools.gnu-tools-for-stm32.10.3-2021.10.win32_1.0.0.202111181127/tools/bin/../lib/gcc/arm-none-eabi/10.3.1/../../../../arm-none-eabi/lib/thumb/v7e-m+dp/hard\libm.a(lib_a-e_rem_pio2.o)
[...]
Memory Configuration

Name             Origin             Length             Attributes
ITCMRAM          0x0000000000000000 0x0000000000010000 xrw
RAM              0x0000000020000000 0x0000000000020000 xrw
FLASH            0x0000000008000000 0x0000000000100000 xr
RAM_D1           0x0000000024000000 0x0000000000050000 xrw
RAM_D2           0x0000000030000000 0x0000000000008000 xrw
RAM_D3           0x0000000038000000 0x0000000000004000 xrw
*default*        0x0000000000000000 0xffffffffffffffff

Linker script and memory map

LOAD c:/st/stm32cubeide_1.9.0/stm32cubeide/plugins/com.st.stm32cube.ide.mcu.externaltools.gnu-tools-for-stm32.10.3-2021.10.win32_1.0.0.202111181127/tools/bin/../lib/gcc/arm-none-eabi/10.3.1/thumb/v7e-m+dp/hard/crti.o
LOAD c:/st/stm32cubeide_1.9.0/stm32cubeide/plugins/com.st.stm32cube.ide.mcu.externaltools.gnu-tools-for-stm32.10.3-2021.10.win32_1.0.0.202111181127/tools/bin/../lib/gcc/arm-none-eabi/10.3.1/thumb/v7e-m+dp/hard/crtbegin.o
LOAD c:/st/stm32cubeide_1.9.0/stm32cubeide/plugins/com.st.stm32cube.ide.mcu.externaltools.gnu-tools-for-stm32.10.3-2021.10.win32_1.0.0.202111181127/tools/bin/../lib/gcc/arm-none-eabi/10.3.1/../../../../arm-none-eabi/lib/thumb/v7e-m+dp/hard/crt0.o
LOAD ./Core/Src/AS5047U.o
LOAD ./Core/Src/Neopixel.o
LOAD ./Core/Src/Potocol.o
LOAD ./Core/Src/TPM75.o
LOAD ./Core/Src/adc.o
LOAD ./Core/Src/control.o
LOAD ./Core/Src/crc.o
LOAD ./Core/Src/dma.o
LOAD ./Core/Src/gpio.o
LOAD ./Core/Src/i2c.o
LOAD ./Core/Src/kinematics.o
LOAD ./Core/Src/main.o
LOAD ./Core/Src/spi.o
LOAD ./Core/Src/stm32h7xx_hal_msp.o
LOAD ./Core/Src/stm32h7xx_it.o
LOAD ./Core/Src/syscalls.o
LOAD ./Core/Src/sysmem.o
LOAD ./Core/Src/system_stm32h7xx.o
LOAD ./Core/Src/tim.o
LOAD ./Core/Src/usart.o
LOAD ./Core/Startup/startup_stm32h733vgtx.o
LOAD ./Drivers/STM32H7xx_HAL_Driver/Src/stm32h7xx_hal.o
LOAD ./Drivers/STM32H7xx_HAL_Driver/Src/stm32h7xx_hal_adc.o
LOAD ./Drivers/STM32H7xx_HAL_Driver/Src/stm32h7xx_hal_adc_ex.o
LOAD ./Drivers/STM32H7xx_HAL_Driver/Src/stm32h7xx_hal_cortex.o
LOAD ./Drivers/STM32H7xx_HAL_Driver/Src/stm32h7xx_hal_crc.o
LOAD ./Drivers/STM32H7xx_HAL_Driver/Src/stm32h7xx_hal_crc_ex.o
LOAD ./Drivers/STM32H7xx_HAL_Driver/Src/stm32h7xx_hal_dma.o
LOAD ./Drivers/STM32H7xx_HAL_Driver/Src/stm32h7xx_hal_dma_ex.o
LOAD ./Drivers/STM32H7xx_HAL_Driver/Src/stm32h7xx_hal_exti.o
LOAD ./Drivers/STM32H7xx_HAL_Driver/Src/stm32h7xx_hal_flash.o
LOAD ./Drivers/STM32H7xx_HAL_Driver/Src/stm32h7xx_hal_flash_ex.o
LOAD ./Drivers/STM32H7xx_HAL_Driver/Src/stm32h7xx_hal_gpio.o
LOAD ./Drivers/STM32H7xx_HAL_Driver/Src/stm32h7xx_hal_hsem.o
LOAD ./Drivers/STM32H7xx_HAL_Driver/Src/stm32h7xx_hal_i2c.o
LOAD ./Drivers/STM32H7xx_HAL_Driver/Src/stm32h7xx_hal_i2c_ex.o
LOAD ./Drivers/STM32H7xx_HAL_Driver/Src/stm32h7xx_hal_mdma.o
LOAD ./Drivers/STM32H7xx_HAL_Driver/Src/stm32h7xx_hal_pwr.o
LOAD ./Drivers/STM32H7xx_HAL_Driver/Src/stm32h7xx_hal_pwr_ex.o
LOAD ./Drivers/STM32H7xx_HAL_Driver/Src/stm32h7xx_hal_rcc.o
LOAD ./Drivers/STM32H7xx_HAL_Driver/Src/stm32h7xx_hal_rcc_ex.o
LOAD ./Drivers/STM32H7xx_HAL_Driver/Src/stm32h7xx_hal_spi.o
LOAD ./Drivers/STM32H7xx_HAL_Driver/Src/stm32h7xx_hal_spi_ex.o
LOAD ./Drivers/STM32H7xx_HAL_Driver/Src/stm32h7xx_hal_tim.o
LOAD ./Drivers/STM32H7xx_HAL_Driver/Src/stm32h7xx_hal_tim_ex.o
LOAD ./Drivers/STM32H7xx_HAL_Driver/Src/stm32h7xx_hal_uart.o
LOAD ./Drivers/STM32H7xx_HAL_Driver/Src/stm32h7xx_hal_uart_ex.o
START GROUP
LOAD c:/st/stm32cubeide_1.9.0/stm32cubeide/plugins/com.st.stm32cube.ide.mcu.externaltools.gnu-tools-for-stm32.10.3-2021.10.win32_1.0.0.202111181127/tools/bin/../lib/gcc/arm-none-eabi/10.3.1/../../../../arm-none-eabi/lib/thumb/v7e-m+dp/hard\libc_nano.a
LOAD c:/st/stm32cubeide_1.9.0/stm32cubeide/plugins/com.st.stm32cube.ide.mcu.externaltools.gnu-tools-for-stm32.10.3-2021.10.win32_1.0.0.202111181127/tools/bin/../lib/gcc/arm-none-eabi/10.3.1/../../../../arm-none-eabi/lib/thumb/v7e-m+dp/hard\libm.a
END GROUP
START GROUP
LOAD c:/st/stm32cubeide_1.9.0/stm32cubeide/plugins/com.st.stm32cube.ide.mcu.externaltools.gnu-tools-for-stm32.10.3-2021.10.win32_1.0.0.202111181127/tools/bin/../lib/gcc/arm-none-eabi/10.3.1/thumb/v7e-m+dp/hard\libgcc.a
LOAD c:/st/stm32cubeide_1.9.0/stm32cubeide/plugins/com.st.stm32cube.ide.mcu.externaltools.gnu-tools-for-stm32.10.3-2021.10.win32_1.0.0.202111181127/tools/bin/../lib/gcc/arm-none-eabi/10.3.1/../../../../arm-none-eabi/lib/thumb/v7e-m+dp/hard\libc_nano.a
END GROUP
START GROUP
LOAD c:/st/stm32cubeide_1.9.0/stm32cubeide/plugins/com.st.stm32cube.ide.mcu.externaltools.gnu-tools-for-stm32.10.3-2021.10.win32_1.0.0.202111181127/tools/bin/../lib/gcc/arm-none-eabi/10.3.1/thumb/v7e-m+dp/hard\libgcc.a
LOAD c:/st/stm32cubeide_1.9.0/stm32cubeide/plugins/com.st.stm32cube.ide.mcu.externaltools.gnu-tools-for-stm32.10.3-2021.10.win32_1.0.0.202111181127/tools/bin/../lib/gcc/arm-none-eabi/10.3.1/../../../../arm-none-eabi/lib/thumb/v7e-m+dp/hard\libc_nano.a
LOAD c:/st/stm32cubeide_1.9.0/stm32cubeide/plugins/com.st.stm32cube.ide.mcu.externaltools.gnu-tools-for-stm32.10.3-2021.10.win32_1.0.0.202111181127/tools/bin/../lib/gcc/arm-none-eabi/10.3.1/../../../../arm-none-eabi/lib/thumb/v7e-m+dp/hard\libnosys.a
END GROUP
START GROUP
LOAD c:/st/stm32cubeide_1.9.0/stm32cubeide/plugins/com.st.stm32cube.ide.mcu.externaltools.gnu-tools-for-stm32.10.3-2021.10.win32_1.0.0.202111181127/tools/bin/../lib/gcc/arm-none-eabi/10.3.1/thumb/v7e-m+dp/hard\libgcc.a
LOAD c:/st/stm32cubeide_1.9.0/stm32cubeide/plugins/com.st.stm32cube.ide.mcu.externaltools.gnu-tools-for-stm32.10.3-2021.10.win32_1.0.0.202111181127/tools/bin/../lib/gcc/arm-none-eabi/10.3.1/../../../../arm-none-eabi/lib/thumb/v7e-m+dp/hard\libc_nano.a
LOAD c:/st/stm32cubeide_1.9.0/stm32cubeide/plugins/com.st.stm32cube.ide.mcu.externaltools.gnu-tools-for-stm32.10.3-2021.10.win32_1.0.0.202111181127/tools/bin/../lib/gcc/arm-none-eabi/10.3.1/../../../../arm-none-eabi/lib/thumb/v7e-m+dp/hard\libnosys.a
END GROUP
LOAD c:/st/stm32cubeide_1.9.0/stm32cubeide/plugins/com.st.stm32cube.ide.mcu.externaltools.gnu-tools-for-stm32.10.3-2021.10.win32_1.0.0.202111181127/tools/bin/../lib/gcc/arm-none-eabi/10.3.1/thumb/v7e-m+dp/hard/crtend.o
LOAD c:/st/stm32cubeide_1.9.0/stm32cubeide/plugins/com.st.stm32cube.ide.mcu.externaltools.gnu-tools-for-stm32.10.3-2021.10.win32_1.0.0.202111181127/tools/bin/../lib/gcc/arm-none-eabi/10.3.1/thumb/v7e-m+dp/hard/crtn.o
                0x0000000020020000                _estack = 0x20020000
                0x0000000000000200                _Min_Heap_Size = 0x200
                0x0000000000000400                _Min_Stack_Size = 0x400

.isr_vector     0x0000000008000000      0x2cc
                0x0000000008000000                . = ALIGN (0x4)
 *(.isr_vector)
 .isr_vector    0x0000000008000000      0x2cc ./Core/Startup/startup_stm32h733vgtx.o
                0x0000000008000000                g_pfnVectors
                0x00000000080002cc                . = ALIGN (0x4)

.text           0x00000000080002d0    0x15324
                0x00000000080002d0                . = ALIGN (0x4)
 *(.text)
 .text          0x00000000080002d0       0x40 c:/st/stm32cubeide_1.9.0/stm32cubeide/plugins/com.st.stm32cube.ide.mcu.externaltools.gnu-tools-for-stm32.10.3-2021.10.win32_1.0.0.202111181127/tools/bin/../lib/gcc/arm-none-eabi/10.3.1/thumb/v7e-m+dp/hard/crtbegin.o
 .text          0x0000000008000310       0x30 c:/st/stm32cubeide_1.9.0/stm32cubeide/plugins/com.st.stm32cube.ide.mcu.externaltools.gnu-tools-for-stm32.10.3-2021.10.win32_1.0.0.202111181127/tools/bin/../lib/gcc/arm-none-eabi/10.3.1/thumb/v7e-m+dp/hard\libgcc.a(_aeabi_uldivmod.o)
                0x0000000008000310                __aeabi_uldivmod
 .text          0x0000000008000340      0x2d0 c:/st/stm32cubeide_1.9.0/stm32cubeide/plugins/com.st.stm32cube.ide.mcu.externaltools.gnu-tools-for-stm32.10.3-2021.10.win32_1.0.0.202111181127/tools/bin/../lib/gcc/arm-none-eabi/10.3.1/thumb/v7e-m+dp/hard\libgcc.a(_udivmoddi4.o)
                0x0000000008000340                __udivmoddi4
 .text          0x0000000008000610        0x4 c:/st/stm32cubeide_1.9.0/stm32cubeide/plugins/com.st.stm32cube.ide.mcu.externaltools.gnu-tools-for-stm32.10.3-2021.10.win32_1.0.0.202111181127/tools/bin/../lib/gcc/arm-none-eabi/10.3.1/thumb/v7e-m+dp/hard\libgcc.a(_dvmd_tls.o)
                0x0000000008000610                __aeabi_idiv0
                0x0000000008000610                __aeabi_ldiv0
 *(.text*)
 .text.EncPulse2Rad_Read
                0x0000000008000614       0x44 ./Core/Src/AS5047U.o
                0x0000000008000614                EncPulse2Rad_Read
 .text.AS5047U_init
                0x0000000008000658       0x90 ./Core/Src/AS5047U.o
                0x0000000008000658                AS5047U_init
 .text.AS5047U_Write
                0x00000000080006e8      0x110 ./Core/Src/AS5047U.o
                0x00000000080006e8                AS5047U_Write
 .text.AS5047U_Position_Highspeed_Read
                0x00000000080007f8       0xf0 ./Core/Src/AS5047U.o
                0x00000000080007f8                AS5047U_Position_Highspeed_Read
 .text.TPM75_init
                0x00000000080008e8       0x28 ./Core/Src/TPM75.o
                0x00000000080008e8                TPM75_init
 .text.MX_ADC1_Init
                0x0000000008000910       0xf8 ./Core/Src/adc.o
                0x0000000008000910                MX_ADC1_Init
 .text.MX_ADC2_Init
                0x0000000008000a08       0xc0 ./Core/Src/adc.o
                0x0000000008000a08                MX_ADC2_Init
 .text.MX_ADC3_Init
                0x0000000008000ac8       0xe8 ./Core/Src/adc.o
                0x0000000008000ac8                MX_ADC3_Init
 .text.HAL_ADC_MspInit
                0x0000000008000bb0      0x154 ./Core/Src/adc.o
                0x0000000008000bb0                HAL_ADC_MspInit
 .text.Step_Driver_init
                0x0000000008000d04       0x64 ./Core/Src/control.o
                0x0000000008000d04                Step_Driver_init
 .text.Step_Driver
                0x0000000008000d68       0xf2 ./Core/Src/control.o
                0x0000000008000d68                Step_Driver
 .text.Traj_Coeff_Cal
                0x0000000008000e5a      0x118 ./Core/Src/control.o
                0x0000000008000e5a                Traj_Coeff_Cal
 .text.TrajFollow
                0x0000000008000f72      0x102 ./Core/Src/control.o
                0x0000000008000f72                TrajFollow
 .text.Kalman_init
                0x0000000008001074       0x64 ./Core/Src/control.o
                0x0000000008001074                Kalman_init
 .text.KalmanFilter
                0x00000000080010d8      0x428 ./Core/Src/control.o
                0x00000000080010d8                KalmanFilter
 .text.PID_init
                0x0000000008001500       0x62 ./Core/Src/control.o
                0x0000000008001500                PID_init
 .text.PID_Control
                0x0000000008001562       0xae ./Core/Src/control.o
                0x0000000008001562                PID_Control
 .text.CascadeControl_init
                0x0000000008001610       0x5c ./Core/Src/control.o
                0x0000000008001610                CascadeControl_init
 .text.CascadeControl
                0x000000000800166c       0xd2 ./Core/Src/control.o
                0x000000000800166c                CascadeControl
 *fill*         0x000000000800173e        0x2 
 .text.MX_CRC_Init
                0x0000000008001740       0x58 ./Core/Src/crc.o
                0x0000000008001740                MX_CRC_Init
 .text.HAL_CRC_MspInit
                0x0000000008001798       0x44 ./Core/Src/crc.o
                0x0000000008001798                HAL_CRC_MspInit
 .text.MX_DMA_Init
                0x00000000080017dc       0x60 ./Core/Src/dma.o
                0x00000000080017dc                MX_DMA_Init
 .text.MX_GPIO_Init
                0x000000000800183c      0x2b8 ./Core/Src/gpio.o
                0x000000000800183c                MX_GPIO_Init
 .text.MX_I2C2_Init
                0x0000000008001af4       0x80 ./Core/Src/i2c.o
                0x0000000008001af4                MX_I2C2_Init
 .text.HAL_I2C_MspInit
                0x0000000008001b74       0xdc ./Core/Src/i2c.o
                0x0000000008001b74                HAL_I2C_MspInit
 .text.IVK      0x0000000008001c50      0x5c8 ./Core/Src/kinematics.o
                0x0000000008001c50                IVK
 .text.main     0x0000000008002218      0x570 ./Core/Src/main.o
                0x0000000008002218                main
 .text.SystemClock_Config
                0x0000000008002788       0xf0 ./Core/Src/main.o
                0x0000000008002788                SystemClock_Config
 .text.PeriphCommonClock_Config
                0x0000000008002878       0x68 ./Core/Src/main.o
                0x0000000008002878                PeriphCommonClock_Config
 .text.HAL_UART_RxCpltCallback
                0x00000000080028e0       0x2c ./Core/Src/main.o
                0x00000000080028e0                HAL_UART_RxCpltCallback
 .text.HAL_TIM_PWM_PulseFinishedCallback
                0x000000000800290c       0x24 ./Core/Src/main.o
                0x000000000800290c                HAL_TIM_PWM_PulseFinishedCallback
 .text.HAL_ADC_ConvCpltCallback
                0x0000000008002930       0x7c ./Core/Src/main.o
                0x0000000008002930                HAL_ADC_ConvCpltCallback
 .text.HAL_TIM_PeriodElapsedCallback
                0x00000000080029ac       0x2c ./Core/Src/main.o
                0x00000000080029ac                HAL_TIM_PeriodElapsedCallback
 .text.CRC8     0x00000000080029d8       0x2c ./Core/Src/main.o
                0x00000000080029d8                CRC8
 .text.SentData
                0x0000000008002a04       0x40 ./Core/Src/main.o
                0x0000000008002a04                SentData
 *fill*         0x0000000008002a44        0x4 
 .text.Narwhal_Protocol
                0x0000000008002a48      0xaa4 ./Core/Src/main.o
                0x0000000008002a48                Narwhal_Protocol
 *fill*         0x00000000080034ec        0x4 
 .text.Control_Function
                0x00000000080034f0      0x264 ./Core/Src/main.o
                0x00000000080034f0                Control_Function
 .text.Error_Handler
                0x0000000008003754        0xa ./Core/Src/main.o
                0x0000000008003754                Error_Handler
 *fill*         0x000000000800375e        0x2 
 .text.MX_SPI3_Init
                0x0000000008003760       0xb0 ./Core/Src/spi.o
                0x0000000008003760                MX_SPI3_Init
 .text.MX_SPI4_Init
                0x0000000008003810       0xac ./Core/Src/spi.o
                0x0000000008003810                MX_SPI4_Init
 .text.HAL_SPI_MspInit
                0x00000000080038bc      0x16c ./Core/Src/spi.o
                0x00000000080038bc                HAL_SPI_MspInit
 .text.HAL_MspInit
                0x0000000008003a28       0x34 ./Core/Src/stm32h7xx_hal_msp.o
                0x0000000008003a28                HAL_MspInit
 .text.NMI_Handler
                0x0000000008003a5c        0x6 ./Core/Src/stm32h7xx_it.o
                0x0000000008003a5c                NMI_Handler
 .text.HardFault_Handler
                0x0000000008003a62        0x6 ./Core/Src/stm32h7xx_it.o
                0x0000000008003a62                HardFault_Handler
 .text.MemManage_Handler
                0x0000000008003a68        0x6 ./Core/Src/stm32h7xx_it.o
                0x0000000008003a68                MemManage_Handler
 .text.BusFault_Handler
                0x0000000008003a6e        0x6 ./Core/Src/stm32h7xx_it.o
                0x0000000008003a6e                BusFault_Handler
 .text.UsageFault_Handler
                0x0000000008003a74        0x6 ./Core/Src/stm32h7xx_it.o
                0x0000000008003a74                UsageFault_Handler
 .text.SVC_Handler
                0x0000000008003a7a        0xe ./Core/Src/stm32h7xx_it.o
                0x0000000008003a7a                SVC_Handler
 .text.DebugMon_Handler
                0x0000000008003a88        0xe ./Core/Src/stm32h7xx_it.o
                0x0000000008003a88                DebugMon_Handler
 .text.PendSV_Handler
                0x0000000008003a96        0xe ./Core/Src/stm32h7xx_it.o
                0x0000000008003a96                PendSV_Handler
 .text.SysTick_Handler
                0x0000000008003aa4        0xc ./Core/Src/stm32h7xx_it.o
                0x0000000008003aa4                SysTick_Handler
 .text.DMA1_Stream0_IRQHandler
                0x0000000008003ab0       0x14 ./Core/Src/stm32h7xx_it.o
                0x0000000008003ab0                DMA1_Stream0_IRQHandler
 .text.DMA1_Stream1_IRQHandler
                0x0000000008003ac4       0x14 ./Core/Src/stm32h7xx_it.o
                0x0000000008003ac4                DMA1_Stream1_IRQHandler
 .text.DMA1_Stream2_IRQHandler
                0x0000000008003ad8       0x14 ./Core/Src/stm32h7xx_it.o
                0x0000000008003ad8                DMA1_Stream2_IRQHandler
 .text.I2C2_ER_IRQHandler
                0x0000000008003aec       0x14 ./Core/Src/stm32h7xx_it.o
                0x0000000008003aec                I2C2_ER_IRQHandler
 .text.USART3_IRQHandler
                0x0000000008003b00       0x14 ./Core/Src/stm32h7xx_it.o
                0x0000000008003b00                USART3_IRQHandler
 .text.UART5_IRQHandler
                0x0000000008003b14       0x14 ./Core/Src/stm32h7xx_it.o
                0x0000000008003b14                UART5_IRQHandler
 .text.ADC3_IRQHandler
                0x0000000008003b28       0x14 ./Core/Src/stm32h7xx_it.o
                0x0000000008003b28                ADC3_IRQHandler
 .text.TIM23_IRQHandler
                0x0000000008003b3c       0x14 ./Core/Src/stm32h7xx_it.o
                0x0000000008003b3c                TIM23_IRQHandler
 .text.SystemInit
                0x0000000008003b50       0xf8 ./Core/Src/system_stm32h7xx.o
                0x0000000008003b50                SystemInit
 .text.MX_TIM1_Init
                0x0000000008003c48      0x120 ./Core/Src/tim.o
                0x0000000008003c48                MX_TIM1_Init
 .text.MX_TIM3_Init
                0x0000000008003d68       0xf0 ./Core/Src/tim.o
                0x0000000008003d68                MX_TIM3_Init
 .text.MX_TIM4_Init
                0x0000000008003e58       0xac ./Core/Src/tim.o
                0x0000000008003e58                MX_TIM4_Init
 .text.MX_TIM5_Init
                0x0000000008003f04      0x108 ./Core/Src/tim.o
                0x0000000008003f04                MX_TIM5_Init
 .text.MX_TIM6_Init
                0x000000000800400c       0x70 ./Core/Src/tim.o
                0x000000000800400c                MX_TIM6_Init
 .text.MX_TIM8_Init
                0x000000000800407c       0xb4 ./Core/Src/tim.o
                0x000000000800407c                MX_TIM8_Init
 .text.MX_TIM13_Init
                0x0000000008004130       0xa0 ./Core/Src/tim.o
                0x0000000008004130                MX_TIM13_Init
 .text.MX_TIM14_Init
                0x00000000080041d0       0xa0 ./Core/Src/tim.o
                0x00000000080041d0                MX_TIM14_Init
 .text.MX_TIM15_Init
                0x0000000008004270      0x110 ./Core/Src/tim.o
                0x0000000008004270                MX_TIM15_Init
 .text.MX_TIM16_Init
                0x0000000008004380       0xf8 ./Core/Src/tim.o
                0x0000000008004380                MX_TIM16_Init
 .text.MX_TIM17_Init
                0x0000000008004478       0xf8 ./Core/Src/tim.o
                0x0000000008004478                MX_TIM17_Init
 .text.MX_TIM23_Init
                0x0000000008004570       0xa0 ./Core/Src/tim.o
                0x0000000008004570                MX_TIM23_Init
 .text.MX_TIM24_Init
                0x0000000008004610       0xa0 ./Core/Src/tim.o
                0x0000000008004610                MX_TIM24_Init
 .text.HAL_TIM_PWM_MspInit
                0x00000000080046b0      0x128 ./Core/Src/tim.o
                0x00000000080046b0                HAL_TIM_PWM_MspInit
 .text.HAL_TIM_Base_MspInit
                0x00000000080047d8      0x214 ./Core/Src/tim.o
                0x00000000080047d8                HAL_TIM_Base_MspInit
 .text.HAL_TIM_Encoder_MspInit
                0x00000000080049ec      0x104 ./Core/Src/tim.o
                0x00000000080049ec                HAL_TIM_Encoder_MspInit
 .text.HAL_TIM_MspPostInit
                0x0000000008004af0      0x2a4 ./Core/Src/tim.o
                0x0000000008004af0                HAL_TIM_MspPostInit
 .text.MX_UART5_Init
                0x0000000008004d94       0xa4 ./Core/Src/usart.o
                0x0000000008004d94                MX_UART5_Init
 .text.MX_USART1_UART_Init
                0x0000000008004e38       0x9c ./Core/Src/usart.o
                0x0000000008004e38                MX_USART1_UART_Init
 .text.MX_USART3_UART_Init
                0x0000000008004ed4       0x98 ./Core/Src/usart.o
                0x0000000008004ed4                MX_USART3_UART_Init
 .text.HAL_UART_MspInit
                0x0000000008004f6c      0x260 ./Core/Src/usart.o
                0x0000000008004f6c                HAL_UART_MspInit
 .text.Reset_Handler
                0x00000000080051cc       0x50 ./Core/Startup/startup_stm32h733vgtx.o
                0x00000000080051cc                Reset_Handler
 .text.Default_Handler
                0x000000000800521c        0x2 ./Core/Startup/startup_stm32h733vgtx.o
                0x000000000800521c                RTC_Alarm_IRQHandler
                0x000000000800521c                HASH_RNG_IRQHandler
                0x000000000800521c                EXTI2_IRQHandler
                0x000000000800521c                TIM8_CC_IRQHandler
                0x000000000800521c                UART8_IRQHandler
                0x000000000800521c                SPI4_IRQHandler
                0x000000000800521c                FDCAN3_IT0_IRQHandler
                0x000000000800521c                TIM1_CC_IRQHandler
                0x000000000800521c                BDMA_Channel6_IRQHandler
                0x000000000800521c                DMA2_Stream5_IRQHandler
                0x000000000800521c                DMA1_Stream5_IRQHandler
                0x000000000800521c                CORDIC_IRQHandler
                0x000000000800521c                BDMA_Channel1_IRQHandler
                0x000000000800521c                TAMP_STAMP_IRQHandler
                0x000000000800521c                EXTI3_IRQHandler
                0x000000000800521c                LPTIM4_IRQHandler
                0x000000000800521c                TIM8_TRG_COM_TIM14_IRQHandler
                0x000000000800521c                LPTIM2_IRQHandler
                0x000000000800521c                DFSDM1_FLT1_IRQHandler
                0x000000000800521c                DMAMUX2_OVR_IRQHandler
                0x000000000800521c                TIM8_UP_TIM13_IRQHandler
                0x000000000800521c                I2C3_ER_IRQHandler
                0x000000000800521c                DFSDM1_FLT2_IRQHandler
                0x000000000800521c                I2C5_EV_IRQHandler
                0x000000000800521c                USART10_IRQHandler
                0x000000000800521c                MDMA_IRQHandler
                0x000000000800521c                LPTIM3_IRQHandler
                0x000000000800521c                HSEM1_IRQHandler
                0x000000000800521c                EXTI0_IRQHandler
                0x000000000800521c                I2C2_EV_IRQHandler
                0x000000000800521c                FPU_IRQHandler
                0x000000000800521c                OTG_HS_WKUP_IRQHandler
                0x000000000800521c                FDCAN1_IT1_IRQHandler
                0x000000000800521c                LTDC_ER_IRQHandler
                0x000000000800521c                DMA2_Stream2_IRQHandler
                0x000000000800521c                SPI1_IRQHandler
                0x000000000800521c                OCTOSPI1_IRQHandler
                0x000000000800521c                TIM6_DAC_IRQHandler
                0x000000000800521c                DMA2_Stream3_IRQHandler
                0x000000000800521c                OCTOSPI2_IRQHandler
                0x000000000800521c                DFSDM1_FLT3_IRQHandler
                0x000000000800521c                USART6_IRQHandler
                0x000000000800521c                TIM17_IRQHandler
                0x000000000800521c                BDMA_Channel7_IRQHandler
                0x000000000800521c                CRYP_IRQHandler
                0x000000000800521c                LPTIM5_IRQHandler
                0x000000000800521c                DMA2_Stream0_IRQHandler
                0x000000000800521c                TIM4_IRQHandler
                0x000000000800521c                BDMA_Channel2_IRQHandler
                0x000000000800521c                I2C1_EV_IRQHandler
                0x000000000800521c                DMA1_Stream6_IRQHandler
                0x000000000800521c                DMAMUX1_OVR_IRQHandler
                0x000000000800521c                TIM16_IRQHandler
                0x000000000800521c                UART4_IRQHandler
                0x000000000800521c                BDMA_Channel5_IRQHandler
                0x000000000800521c                TIM3_IRQHandler
                0x000000000800521c                RCC_IRQHandler
                0x000000000800521c                UART9_IRQHandler
                0x000000000800521c                TIM8_BRK_TIM12_IRQHandler
                0x000000000800521c                TIM1_TRG_COM_IRQHandler
                0x000000000800521c                Default_Handler
                0x000000000800521c                ECC_IRQHandler
                0x000000000800521c                FMAC_IRQHandler
                0x000000000800521c                CEC_IRQHandler
                0x000000000800521c                EXTI15_10_IRQHandler
                0x000000000800521c                BDMA_Channel0_IRQHandler
                0x000000000800521c                ADC_IRQHandler
                0x000000000800521c                I2C5_ER_IRQHandler
                0x000000000800521c                OTFDEC1_IRQHandler
                0x000000000800521c                DMA1_Stream7_IRQHandler
                0x000000000800521c                SPI5_IRQHandler
                0x000000000800521c                TIM7_IRQHandler
                0x000000000800521c                FDCAN3_IT1_IRQHandler
                0x000000000800521c                SDMMC1_IRQHandler
                0x000000000800521c                TIM5_IRQHandler
                0x000000000800521c                DMA2_Stream7_IRQHandler
                0x000000000800521c                TIM15_IRQHandler
                0x000000000800521c                PVD_AVD_IRQHandler
                0x000000000800521c                I2C3_EV_IRQHandler
                0x000000000800521c                EXTI9_5_IRQHandler
                0x000000000800521c                RTC_WKUP_IRQHandler
                0x000000000800521c                LTDC_IRQHandler
                0x000000000800521c                ETH_WKUP_IRQHandler
                0x000000000800521c                SPDIF_RX_IRQHandler
                0x000000000800521c                SPI2_IRQHandler
                0x000000000800521c                OTG_HS_EP1_IN_IRQHandler
                0x000000000800521c                OTFDEC2_IRQHandler
                0x000000000800521c                TIM24_IRQHandler
                0x000000000800521c                CRS_IRQHandler
                0x000000000800521c                EXTI4_IRQHandler
                0x000000000800521c                FDCAN2_IT1_IRQHandler
                0x000000000800521c                ETH_IRQHandler
                0x000000000800521c                TIM1_UP_IRQHandler
                0x000000000800521c                BDMA_Channel4_IRQHandler
                0x000000000800521c                OTG_HS_EP1_OUT_IRQHandler
                0x000000000800521c                WWDG_IRQHandler
                0x000000000800521c                SPI6_IRQHandler
                0x000000000800521c                MDIOS_IRQHandler
                0x000000000800521c                I2C4_EV_IRQHandler
                0x000000000800521c                FDCAN2_IT0_IRQHandler
                0x000000000800521c                LPUART1_IRQHandler
                0x000000000800521c                FDCAN1_IT0_IRQHandler
                0x000000000800521c                TIM2_IRQHandler
                0x000000000800521c                OTG_HS_IRQHandler
                0x000000000800521c                DMA2D_IRQHandler
                0x000000000800521c                TIM1_BRK_IRQHandler
                0x000000000800521c                EXTI1_IRQHandler
                0x000000000800521c                SDMMC2_IRQHandler
                0x000000000800521c                BDMA_Channel3_IRQHandler
                0x000000000800521c                DTS_IRQHandler
                0x000000000800521c                UART7_IRQHandler
                0x000000000800521c                MDIOS_WKUP_IRQHandler
                0x000000000800521c                USART2_IRQHandler
                0x000000000800521c                DFSDM1_FLT0_IRQHandler
                0x000000000800521c                SAI4_IRQHandler
                0x000000000800521c                DMA2_Stream1_IRQHandler
                0x000000000800521c                FLASH_IRQHandler
                0x000000000800521c                DMA2_Stream4_IRQHandler
                0x000000000800521c                USART1_IRQHandler
                0x000000000800521c                SPI3_IRQHandler
                0x000000000800521c                WAKEUP_PIN_IRQHandler
                0x000000000800521c                DMA1_Stream4_IRQHandler
                0x000000000800521c                I2C1_ER_IRQHandler
                0x000000000800521c                FMC_IRQHandler
                0x000000000800521c                FDCAN_CAL_IRQHandler
                0x000000000800521c                SWPMI1_IRQHandler
                0x000000000800521c                COMP1_IRQHandler
                0x000000000800521c                LPTIM1_IRQHandler
                0x000000000800521c                DCMI_PSSI_IRQHandler
                0x000000000800521c                I2C4_ER_IRQHandler
                0x000000000800521c                DMA2_Stream6_IRQHandler
                0x000000000800521c                SAI1_IRQHandler
                0x000000000800521c                DMA1_Stream3_IRQHandler
 *fill*         0x000000000800521e        0x2 
 .text.HAL_Init
                0x0000000008005220       0x78 ./Drivers/STM32H7xx_HAL_Driver/Src/stm32h7xx_hal.o
                0x0000000008005220                HAL_Init
 .text.HAL_InitTick
                0x0000000008005298       0x6c ./Drivers/STM32H7xx_HAL_Driver/Src/stm32h7xx_hal.o
                0x0000000008005298                HAL_InitTick
 .text.HAL_IncTick
                0x0000000008005304       0x28 ./Drivers/STM32H7xx_HAL_Driver/Src/stm32h7xx_hal.o
                0x0000000008005304                HAL_IncTick
 .text.HAL_GetTick
                0x000000000800532c       0x18 ./Drivers/STM32H7xx_HAL_Driver/Src/stm32h7xx_hal.o
                0x000000000800532c                HAL_GetTick
 .text.HAL_Delay
                0x0000000008005344       0x48 ./Drivers/STM32H7xx_HAL_Driver/Src/stm32h7xx_hal.o
                0x0000000008005344                HAL_Delay
 .text.LL_ADC_SetCommonClock
                0x000000000800538c       0x26 ./Drivers/STM32H7xx_HAL_Driver/Src/stm32h7xx_hal_adc.o
 .text.LL_ADC_SetCommonPathInternalCh
                0x00000000080053b2       0x26 ./Drivers/STM32H7xx_HAL_Driver/Src/stm32h7xx_hal_adc.o
 .text.LL_ADC_GetCommonPathInternalCh
                0x00000000080053d8       0x1c ./Drivers/STM32H7xx_HAL_Driver/Src/stm32h7xx_hal_adc.o
 .text.LL_ADC_SetOffset
                0x00000000080053f4       0x64 ./Drivers/STM32H7xx_HAL_Driver/Src/stm32h7xx_hal_adc.o
 .text.LL_ADC_GetOffsetChannel
                0x0000000008005458       0x2c ./Drivers/STM32H7xx_HAL_Driver/Src/stm32h7xx_hal_adc.o
 .text.LL_ADC_SetDataRightShift
                0x0000000008005484       0x32 ./Drivers/STM32H7xx_HAL_Driver/Src/stm32h7xx_hal_adc.o
 *fill*         0x00000000080054b6        0x2 
 .text.LL_ADC_SetOffsetSignedSaturation
                0x00000000080054b8       0x44 ./Drivers/STM32H7xx_HAL_Driver/Src/stm32h7xx_hal_adc.o
 .text.LL_ADC_SetOffsetSaturation
                0x00000000080054fc       0x44 ./Drivers/STM32H7xx_HAL_Driver/Src/stm32h7xx_hal_adc.o
 .text.LL_ADC_SetOffsetSign
                0x0000000008005540       0x44 ./Drivers/STM32H7xx_HAL_Driver/Src/stm32h7xx_hal_adc.o
 .text.LL_ADC_SetOffsetState
                0x0000000008005584       0x54 ./Drivers/STM32H7xx_HAL_Driver/Src/stm32h7xx_hal_adc.o
 .text.LL_ADC_REG_IsTriggerSourceSWStart
                0x00000000080055d8       0x26 ./Drivers/STM32H7xx_HAL_Driver/Src/stm32h7xx_hal_adc.o
 .text.LL_ADC_REG_SetSequencerRanks
                0x00000000080055fe       0x58 ./Drivers/STM32H7xx_HAL_Driver/Src/stm32h7xx_hal_adc.o
 .text.LL_ADC_INJ_IsTriggerSourceSWStart
                0x0000000008005656       0x26 ./Drivers/STM32H7xx_HAL_Driver/Src/stm32h7xx_hal_adc.o
 .text.LL_ADC_SetChannelSamplingTime
                0x000000000800567c       0x56 ./Drivers/STM32H7xx_HAL_Driver/Src/stm32h7xx_hal_adc.o
 *fill*         0x00000000080056d2        0x2 
 .text.LL_ADC_SetChannelSingleDiff
                0x00000000080056d4       0x80 ./Drivers/STM32H7xx_HAL_Driver/Src/stm32h7xx_hal_adc.o
 .text.LL_ADC_GetMultimode
                0x0000000008005754       0x1c ./Drivers/STM32H7xx_HAL_Driver/Src/stm32h7xx_hal_adc.o
 .text.LL_ADC_GetMultiDMATransfer
                0x0000000008005770       0x1c ./Drivers/STM32H7xx_HAL_Driver/Src/stm32h7xx_hal_adc.o
 .text.LL_ADC_DisableDeepPowerDown
                0x000000000800578c       0x24 ./Drivers/STM32H7xx_HAL_Driver/Src/stm32h7xx_hal_adc.o
 .text.LL_ADC_IsDeepPowerDownEnabled
                0x00000000080057b0       0x28 ./Drivers/STM32H7xx_HAL_Driver/Src/stm32h7xx_hal_adc.o
 .text.LL_ADC_EnableInternalRegulator
                0x00000000080057d8       0x28 ./Drivers/STM32H7xx_HAL_Driver/Src/stm32h7xx_hal_adc.o
 .text.LL_ADC_IsInternalRegulatorEnabled
                0x0000000008005800       0x28 ./Drivers/STM32H7xx_HAL_Driver/Src/stm32h7xx_hal_adc.o
 .text.LL_ADC_Enable
                0x0000000008005828       0x28 ./Drivers/STM32H7xx_HAL_Driver/Src/stm32h7xx_hal_adc.o
 .text.LL_ADC_Disable
                0x0000000008005850       0x28 ./Drivers/STM32H7xx_HAL_Driver/Src/stm32h7xx_hal_adc.o
 .text.LL_ADC_IsEnabled
                0x0000000008005878       0x26 ./Drivers/STM32H7xx_HAL_Driver/Src/stm32h7xx_hal_adc.o
 .text.LL_ADC_IsDisableOngoing
                0x000000000800589e       0x26 ./Drivers/STM32H7xx_HAL_Driver/Src/stm32h7xx_hal_adc.o
 .text.LL_ADC_REG_StartConversion
                0x00000000080058c4       0x28 ./Drivers/STM32H7xx_HAL_Driver/Src/stm32h7xx_hal_adc.o
 .text.LL_ADC_REG_IsConversionOngoing
                0x00000000080058ec       0x26 ./Drivers/STM32H7xx_HAL_Driver/Src/stm32h7xx_hal_adc.o
 .text.LL_ADC_INJ_IsConversionOngoing
                0x0000000008005912       0x26 ./Drivers/STM32H7xx_HAL_Driver/Src/stm32h7xx_hal_adc.o
 .text.HAL_ADC_Init
                0x0000000008005938      0x410 ./Drivers/STM32H7xx_HAL_Driver/Src/stm32h7xx_hal_adc.o
                0x0000000008005938                HAL_ADC_Init
 .text.HAL_ADC_Start_IT
                0x0000000008005d48      0x280 ./Drivers/STM32H7xx_HAL_Driver/Src/stm32h7xx_hal_adc.o
                0x0000000008005d48                HAL_ADC_Start_IT
 .text.HAL_ADC_GetValue
                0x0000000008005fc8       0x1a ./Drivers/STM32H7xx_HAL_Driver/Src/stm32h7xx_hal_adc.o
                0x0000000008005fc8                HAL_ADC_GetValue
 *fill*         0x0000000008005fe2        0x2 
 .text.HAL_ADC_IRQHandler
                0x0000000008005fe4      0x474 ./Drivers/STM32H7xx_HAL_Driver/Src/stm32h7xx_hal_adc.o
                0x0000000008005fe4                HAL_ADC_IRQHandler
 .text.HAL_ADC_LevelOutOfWindowCallback
                0x0000000008006458       0x14 ./Drivers/STM32H7xx_HAL_Driver/Src/stm32h7xx_hal_adc.o
                0x0000000008006458                HAL_ADC_LevelOutOfWindowCallback
 .text.HAL_ADC_ErrorCallback
                0x000000000800646c       0x14 ./Drivers/STM32H7xx_HAL_Driver/Src/stm32h7xx_hal_adc.o
                0x000000000800646c                HAL_ADC_ErrorCallback
 .text.HAL_ADC_ConfigChannel
                0x0000000008006480      0xa58 ./Drivers/STM32H7xx_HAL_Driver/Src/stm32h7xx_hal_adc.o
                0x0000000008006480                HAL_ADC_ConfigChannel
 .text.ADC_Enable
                0x0000000008006ed8      0x114 ./Drivers/STM32H7xx_HAL_Driver/Src/stm32h7xx_hal_adc.o
                0x0000000008006ed8                ADC_Enable
 .text.ADC_Disable
                0x0000000008006fec       0xbe ./Drivers/STM32H7xx_HAL_Driver/Src/stm32h7xx_hal_adc.o
                0x0000000008006fec                ADC_Disable
 *fill*         0x00000000080070aa        0x2 
 .text.ADC_ConfigureBoostMode
                0x00000000080070ac      0x1d8 ./Drivers/STM32H7xx_HAL_Driver/Src/stm32h7xx_hal_adc.o
                0x00000000080070ac                ADC_ConfigureBoostMode
 .text.LL_ADC_IsEnabled
                0x0000000008007284       0x26 ./Drivers/STM32H7xx_HAL_Driver/Src/stm32h7xx_hal_adc_ex.o
 *fill*         0x00000000080072aa        0x2 
 .text.LL_ADC_StartCalibration
                0x00000000080072ac       0x3c ./Drivers/STM32H7xx_HAL_Driver/Src/stm32h7xx_hal_adc_ex.o
 .text.LL_ADC_IsCalibrationOnGoing
                0x00000000080072e8       0x28 ./Drivers/STM32H7xx_HAL_Driver/Src/stm32h7xx_hal_adc_ex.o
 .text.LL_ADC_REG_IsConversionOngoing
                0x0000000008007310       0x26 ./Drivers/STM32H7xx_HAL_Driver/Src/stm32h7xx_hal_adc_ex.o
 *fill*         0x0000000008007336        0x2 
 .text.HAL_ADCEx_Calibration_Start
                0x0000000008007338       0xc8 ./Drivers/STM32H7xx_HAL_Driver/Src/stm32h7xx_hal_adc_ex.o
                0x0000000008007338                HAL_ADCEx_Calibration_Start
 .text.HAL_ADCEx_InjectedConvCpltCallback
                0x0000000008007400       0x14 ./Drivers/STM32H7xx_HAL_Driver/Src/stm32h7xx_hal_adc_ex.o
                0x0000000008007400                HAL_ADCEx_InjectedConvCpltCallback
 .text.HAL_ADCEx_InjectedQueueOverflowCallback
                0x0000000008007414       0x14 ./Drivers/STM32H7xx_HAL_Driver/Src/stm32h7xx_hal_adc_ex.o
                0x0000000008007414                HAL_ADCEx_InjectedQueueOverflowCallback
 .text.HAL_ADCEx_LevelOutOfWindow2Callback
                0x0000000008007428       0x14 ./Drivers/STM32H7xx_HAL_Driver/Src/stm32h7xx_hal_adc_ex.o
                0x0000000008007428                HAL_ADCEx_LevelOutOfWindow2Callback
 .text.HAL_ADCEx_LevelOutOfWindow3Callback
                0x000000000800743c       0x14 ./Drivers/STM32H7xx_HAL_Driver/Src/stm32h7xx_hal_adc_ex.o
                0x000000000800743c                HAL_ADCEx_LevelOutOfWindow3Callback
 .text.HAL_ADCEx_EndOfSamplingCallback
                0x0000000008007450       0x14 ./Drivers/STM32H7xx_HAL_Driver/Src/stm32h7xx_hal_adc_ex.o
                0x0000000008007450                HAL_ADCEx_EndOfSamplingCallback
 .text.HAL_ADCEx_MultiModeConfigChannel
                0x0000000008007464      0x1c4 ./Drivers/STM32H7xx_HAL_Driver/Src/stm32h7xx_hal_adc_ex.o
                0x0000000008007464                HAL_ADCEx_MultiModeConfigChannel
 .text.__NVIC_SetPriorityGrouping
                0x0000000008007628       0x48 ./Drivers/STM32H7xx_HAL_Driver/Src/stm32h7xx_hal_cortex.o
 .text.__NVIC_GetPriorityGrouping
                0x0000000008007670       0x1c ./Drivers/STM32H7xx_HAL_Driver/Src/stm32h7xx_hal_cortex.o
 .text.__NVIC_EnableIRQ
                0x000000000800768c       0x3c ./Drivers/STM32H7xx_HAL_Driver/Src/stm32h7xx_hal_cortex.o
 .text.__NVIC_SetPriority
                0x00000000080076c8       0x54 ./Drivers/STM32H7xx_HAL_Driver/Src/stm32h7xx_hal_cortex.o
 .text.NVIC_EncodePriority
                0x000000000800771c       0x66 ./Drivers/STM32H7xx_HAL_Driver/Src/stm32h7xx_hal_cortex.o
 *fill*         0x0000000008007782        0x2 
 .text.SysTick_Config
                0x0000000008007784       0x44 ./Drivers/STM32H7xx_HAL_Driver/Src/stm32h7xx_hal_cortex.o
 .text.HAL_NVIC_SetPriorityGrouping
                0x00000000080077c8       0x16 ./Drivers/STM32H7xx_HAL_Driver/Src/stm32h7xx_hal_cortex.o
                0x00000000080077c8                HAL_NVIC_SetPriorityGrouping
 .text.HAL_NVIC_SetPriority
                0x00000000080077de       0x34 ./Drivers/STM32H7xx_HAL_Driver/Src/stm32h7xx_hal_cortex.o
                0x00000000080077de                HAL_NVIC_SetPriority
 .text.HAL_NVIC_EnableIRQ
                0x0000000008007812       0x1c ./Drivers/STM32H7xx_HAL_Driver/Src/stm32h7xx_hal_cortex.o
                0x0000000008007812                HAL_NVIC_EnableIRQ
 .text.HAL_SYSTICK_Config
                0x000000000800782e       0x18 ./Drivers/STM32H7xx_HAL_Driver/Src/stm32h7xx_hal_cortex.o
                0x000000000800782e                HAL_SYSTICK_Config
 *fill*         0x0000000008007846        0x2 
 .text.HAL_CRC_Init
                0x0000000008007848       0xc8 ./Drivers/STM32H7xx_HAL_Driver/Src/stm32h7xx_hal_crc.o
                0x0000000008007848                HAL_CRC_Init
 .text.HAL_CRC_Calculate
                0x0000000008007910       0x98 ./Drivers/STM32H7xx_HAL_Driver/Src/stm32h7xx_hal_crc.o
                0x0000000008007910                HAL_CRC_Calculate
 .text.CRC_Handle_8
                0x00000000080079a8      0x11c ./Drivers/STM32H7xx_HAL_Driver/Src/stm32h7xx_hal_crc.o
 .text.CRC_Handle_16
                0x0000000008007ac4       0x74 ./Drivers/STM32H7xx_HAL_Driver/Src/stm32h7xx_hal_crc.o
 .text.HAL_CRCEx_Polynomial_Set
                0x0000000008007b38      0x10c ./Drivers/STM32H7xx_HAL_Driver/Src/stm32h7xx_hal_crc_ex.o
                0x0000000008007b38                HAL_CRCEx_Polynomial_Set
 .text.HAL_DMA_Init
                0x0000000008007c44      0x6b4 ./Drivers/STM32H7xx_HAL_Driver/Src/stm32h7xx_hal_dma.o
                0x0000000008007c44                HAL_DMA_Init
 .text.HAL_DMA_Abort
                0x00000000080082f8      0x63c ./Drivers/STM32H7xx_HAL_Driver/Src/stm32h7xx_hal_dma.o
                0x00000000080082f8                HAL_DMA_Abort
 .text.HAL_DMA_Abort_IT
                0x0000000008008934      0x48c ./Drivers/STM32H7xx_HAL_Driver/Src/stm32h7xx_hal_dma.o
                0x0000000008008934                HAL_DMA_Abort_IT
 .text.HAL_DMA_IRQHandler
                0x0000000008008dc0      0xe54 ./Drivers/STM32H7xx_HAL_Driver/Src/stm32h7xx_hal_dma.o
                0x0000000008008dc0                HAL_DMA_IRQHandler
 .text.HAL_DMA_GetState
                0x0000000008009c14       0x1c ./Drivers/STM32H7xx_HAL_Driver/Src/stm32h7xx_hal_dma.o
                0x0000000008009c14                HAL_DMA_GetState
 .text.DMA_CalcBaseAndBitshift
                0x0000000008009c30      0x164 ./Drivers/STM32H7xx_HAL_Driver/Src/stm32h7xx_hal_dma.o
 .text.DMA_CheckFifoParam
                0x0000000008009d94       0xf8 ./Drivers/STM32H7xx_HAL_Driver/Src/stm32h7xx_hal_dma.o
 .text.DMA_CalcDMAMUXChannelBaseAndMask
                0x0000000008009e8c      0x134 ./Drivers/STM32H7xx_HAL_Driver/Src/stm32h7xx_hal_dma.o
 .text.DMA_CalcDMAMUXRequestGenBaseAndMask
                0x0000000008009fc0       0xe8 ./Drivers/STM32H7xx_HAL_Driver/Src/stm32h7xx_hal_dma.o
 .text.HAL_GPIO_Init
                0x000000000800a0a8      0x350 ./Drivers/STM32H7xx_HAL_Driver/Src/stm32h7xx_hal_gpio.o
                0x000000000800a0a8                HAL_GPIO_Init
 .text.HAL_GPIO_WritePin
                0x000000000800a3f8       0x32 ./Drivers/STM32H7xx_HAL_Driver/Src/stm32h7xx_hal_gpio.o
                0x000000000800a3f8                HAL_GPIO_WritePin
 .text.HAL_GPIO_TogglePin
                0x000000000800a42a       0x34 ./Drivers/STM32H7xx_HAL_Driver/Src/stm32h7xx_hal_gpio.o
                0x000000000800a42a                HAL_GPIO_TogglePin
 *fill*         0x000000000800a45e        0x2 
 .text.HAL_I2C_Init
                0x000000000800a460      0x120 ./Drivers/STM32H7xx_HAL_Driver/Src/stm32h7xx_hal_i2c.o
                0x000000000800a460                HAL_I2C_Init
 .text.HAL_I2C_Mem_Read_IT
                0x000000000800a580      0x12c ./Drivers/STM32H7xx_HAL_Driver/Src/stm32h7xx_hal_i2c.o
                0x000000000800a580                HAL_I2C_Mem_Read_IT
 .text.HAL_I2C_ER_IRQHandler
                0x000000000800a6ac       0xc2 ./Drivers/STM32H7xx_HAL_Driver/Src/stm32h7xx_hal_i2c.o
                0x000000000800a6ac                HAL_I2C_ER_IRQHandler
 .text.HAL_I2C_MasterTxCpltCallback
                0x000000000800a76e       0x14 ./Drivers/STM32H7xx_HAL_Driver/Src/stm32h7xx_hal_i2c.o
                0x000000000800a76e                HAL_I2C_MasterTxCpltCallback
 .text.HAL_I2C_MasterRxCpltCallback
                0x000000000800a782       0x14 ./Drivers/STM32H7xx_HAL_Driver/Src/stm32h7xx_hal_i2c.o
                0x000000000800a782                HAL_I2C_MasterRxCpltCallback
 .text.HAL_I2C_SlaveTxCpltCallback
                0x000000000800a796       0x14 ./Drivers/STM32H7xx_HAL_Driver/Src/stm32h7xx_hal_i2c.o
                0x000000000800a796                HAL_I2C_SlaveTxCpltCallback
 .text.HAL_I2C_SlaveRxCpltCallback
                0x000000000800a7aa       0x14 ./Drivers/STM32H7xx_HAL_Driver/Src/stm32h7xx_hal_i2c.o
                0x000000000800a7aa                HAL_I2C_SlaveRxCpltCallback
 .text.HAL_I2C_AddrCallback
                0x000000000800a7be       0x1c ./Drivers/STM32H7xx_HAL_Driver/Src/stm32h7xx_hal_i2c.o
                0x000000000800a7be                HAL_I2C_AddrCallback
 .text.HAL_I2C_ListenCpltCallback
                0x000000000800a7da       0x14 ./Drivers/STM32H7xx_HAL_Driver/Src/stm32h7xx_hal_i2c.o
                0x000000000800a7da                HAL_I2C_ListenCpltCallback
 .text.HAL_I2C_MemTxCpltCallback
                0x000000000800a7ee       0x14 ./Drivers/STM32H7xx_HAL_Driver/Src/stm32h7xx_hal_i2c.o
                0x000000000800a7ee                HAL_I2C_MemTxCpltCallback
 .text.HAL_I2C_MemRxCpltCallback
                0x000000000800a802       0x14 ./Drivers/STM32H7xx_HAL_Driver/Src/stm32h7xx_hal_i2c.o
                0x000000000800a802                HAL_I2C_MemRxCpltCallback
 .text.HAL_I2C_ErrorCallback
                0x000000000800a816       0x14 ./Drivers/STM32H7xx_HAL_Driver/Src/stm32h7xx_hal_i2c.o
                0x000000000800a816                HAL_I2C_ErrorCallback
 .text.HAL_I2C_AbortCpltCallback
                0x000000000800a82a       0x14 ./Drivers/STM32H7xx_HAL_Driver/Src/stm32h7xx_hal_i2c.o
                0x000000000800a82a                HAL_I2C_AbortCpltCallback
 .text.I2C_Master_ISR_IT
                0x000000000800a83e      0x250 ./Drivers/STM32H7xx_HAL_Driver/Src/stm32h7xx_hal_i2c.o
 .text.I2C_Slave_ISR_IT
                0x000000000800aa8e      0x206 ./Drivers/STM32H7xx_HAL_Driver/Src/stm32h7xx_hal_i2c.o
 .text.I2C_Master_ISR_DMA
                0x000000000800ac94      0x1e6 ./Drivers/STM32H7xx_HAL_Driver/Src/stm32h7xx_hal_i2c.o
 *fill*         0x000000000800ae7a        0x2 
 .text.I2C_Slave_ISR_DMA
                0x000000000800ae7c      0x3c4 ./Drivers/STM32H7xx_HAL_Driver/Src/stm32h7xx_hal_i2c.o
 .text.I2C_RequestMemoryRead
                0x000000000800b240       0xa8 ./Drivers/STM32H7xx_HAL_Driver/Src/stm32h7xx_hal_i2c.o
 .text.I2C_ITAddrCplt
                0x000000000800b2e8      0x108 ./Drivers/STM32H7xx_HAL_Driver/Src/stm32h7xx_hal_i2c.o
 .text.I2C_ITMasterSeqCplt
                0x000000000800b3f0       0x7a ./Drivers/STM32H7xx_HAL_Driver/Src/stm32h7xx_hal_i2c.o
 .text.I2C_ITSlaveSeqCplt
                0x000000000800b46a       0xbc ./Drivers/STM32H7xx_HAL_Driver/Src/stm32h7xx_hal_i2c.o
 *fill*         0x000000000800b526        0x2 
 .text.I2C_ITMasterCplt
                0x000000000800b528      0x194 ./Drivers/STM32H7xx_HAL_Driver/Src/stm32h7xx_hal_i2c.o
 .text.I2C_ITSlaveCplt
                0x000000000800b6bc      0x3f0 ./Drivers/STM32H7xx_HAL_Driver/Src/stm32h7xx_hal_i2c.o
 .text.I2C_ITListenCplt
                0x000000000800baac       0xac ./Drivers/STM32H7xx_HAL_Driver/Src/stm32h7xx_hal_i2c.o
 .text.I2C_ITError
                0x000000000800bb58      0x1a0 ./Drivers/STM32H7xx_HAL_Driver/Src/stm32h7xx_hal_i2c.o
 .text.I2C_TreatErrorCallback
                0x000000000800bcf8       0x4e ./Drivers/STM32H7xx_HAL_Driver/Src/stm32h7xx_hal_i2c.o
 .text.I2C_Flush_TXDR
                0x000000000800bd46       0x48 ./Drivers/STM32H7xx_HAL_Driver/Src/stm32h7xx_hal_i2c.o
 .text.I2C_DMAAbort
                0x000000000800bd8e       0x3c ./Drivers/STM32H7xx_HAL_Driver/Src/stm32h7xx_hal_i2c.o
 .text.I2C_WaitOnFlagUntilTimeout
                0x000000000800bdca       0x80 ./Drivers/STM32H7xx_HAL_Driver/Src/stm32h7xx_hal_i2c.o
 .text.I2C_WaitOnTXISFlagUntilTimeout
                0x000000000800be4a       0x80 ./Drivers/STM32H7xx_HAL_Driver/Src/stm32h7xx_hal_i2c.o
 *fill*         0x000000000800beca        0x2 
 .text.I2C_IsErrorOccurred
                0x000000000800becc      0x1d8 ./Drivers/STM32H7xx_HAL_Driver/Src/stm32h7xx_hal_i2c.o
 .text.I2C_TransferConfig
                0x000000000800c0a4       0x64 ./Drivers/STM32H7xx_HAL_Driver/Src/stm32h7xx_hal_i2c.o
 .text.I2C_Enable_IRQ
                0x000000000800c108       0xc8 ./Drivers/STM32H7xx_HAL_Driver/Src/stm32h7xx_hal_i2c.o
 .text.I2C_Disable_IRQ
                0x000000000800c1d0       0xbc ./Drivers/STM32H7xx_HAL_Driver/Src/stm32h7xx_hal_i2c.o
 .text.HAL_I2CEx_ConfigAnalogFilter
                0x000000000800c28c       0x96 ./Drivers/STM32H7xx_HAL_Driver/Src/stm32h7xx_hal_i2c_ex.o
                0x000000000800c28c                HAL_I2CEx_ConfigAnalogFilter
 .text.HAL_I2CEx_ConfigDigitalFilter
                0x000000000800c322       0x98 ./Drivers/STM32H7xx_HAL_Driver/Src/stm32h7xx_hal_i2c_ex.o
                0x000000000800c322                HAL_I2CEx_ConfigDigitalFilter
 *fill*         0x000000000800c3ba        0x2 
 .text.HAL_PWREx_ConfigSupply
                0x000000000800c3bc       0x74 ./Drivers/STM32H7xx_HAL_Driver/Src/stm32h7xx_hal_pwr_ex.o
                0x000000000800c3bc                HAL_PWREx_ConfigSupply
 .text.HAL_RCC_OscConfig
                0x000000000800c430      0x75c ./Drivers/STM32H7xx_HAL_Driver/Src/stm32h7xx_hal_rcc.o
                0x000000000800c430                HAL_RCC_OscConfig
 .text.HAL_RCC_ClockConfig
                0x000000000800cb8c      0x36c ./Drivers/STM32H7xx_HAL_Driver/Src/stm32h7xx_hal_rcc.o
                0x000000000800cb8c                HAL_RCC_ClockConfig
 .text.HAL_RCC_GetSysClockFreq
                0x000000000800cef8      0x2f4 ./Drivers/STM32H7xx_HAL_Driver/Src/stm32h7xx_hal_rcc.o
                0x000000000800cef8                HAL_RCC_GetSysClockFreq
 .text.HAL_RCC_GetHCLKFreq
                0x000000000800d1ec       0x60 ./Drivers/STM32H7xx_HAL_Driver/Src/stm32h7xx_hal_rcc.o
                0x000000000800d1ec                HAL_RCC_GetHCLKFreq
 .text.HAL_RCC_GetPCLK1Freq
                0x000000000800d24c       0x2c ./Drivers/STM32H7xx_HAL_Driver/Src/stm32h7xx_hal_rcc.o
                0x000000000800d24c                HAL_RCC_GetPCLK1Freq
 .text.HAL_RCC_GetPCLK2Freq
                0x000000000800d278       0x2c ./Drivers/STM32H7xx_HAL_Driver/Src/stm32h7xx_hal_rcc.o
                0x000000000800d278                HAL_RCC_GetPCLK2Freq
 .text.HAL_RCCEx_PeriphCLKConfig
                0x000000000800d2a4      0xdf4 ./Drivers/STM32H7xx_HAL_Driver/Src/stm32h7xx_hal_rcc_ex.o
                0x000000000800d2a4                HAL_RCCEx_PeriphCLKConfig
 .text.HAL_RCCEx_GetPeriphCLKFreq
                0x000000000800e098      0x84c ./Drivers/STM32H7xx_HAL_Driver/Src/stm32h7xx_hal_rcc_ex.o
                0x000000000800e098                HAL_RCCEx_GetPeriphCLKFreq
 .text.HAL_RCCEx_GetD3PCLK1Freq
                0x000000000800e8e4       0x2c ./Drivers/STM32H7xx_HAL_Driver/Src/stm32h7xx_hal_rcc_ex.o
                0x000000000800e8e4                HAL_RCCEx_GetD3PCLK1Freq
 .text.HAL_RCCEx_GetPLL2ClockFreq
                0x000000000800e910      0x2a8 ./Drivers/STM32H7xx_HAL_Driver/Src/stm32h7xx_hal_rcc_ex.o
                0x000000000800e910                HAL_RCCEx_GetPLL2ClockFreq
 .text.HAL_RCCEx_GetPLL3ClockFreq
                0x000000000800ebb8      0x2a8 ./Drivers/STM32H7xx_HAL_Driver/Src/stm32h7xx_hal_rcc_ex.o
                0x000000000800ebb8                HAL_RCCEx_GetPLL3ClockFreq
 .text.HAL_RCCEx_GetPLL1ClockFreq
                0x000000000800ee60      0x2a4 ./Drivers/STM32H7xx_HAL_Driver/Src/stm32h7xx_hal_rcc_ex.o
                0x000000000800ee60                HAL_RCCEx_GetPLL1ClockFreq
 .text.RCCEx_PLL2_Config
                0x000000000800f104      0x164 ./Drivers/STM32H7xx_HAL_Driver/Src/stm32h7xx_hal_rcc_ex.o
 .text.RCCEx_PLL3_Config
                0x000000000800f268      0x164 ./Drivers/STM32H7xx_HAL_Driver/Src/stm32h7xx_hal_rcc_ex.o
 .text.HAL_SPI_Init
                0x000000000800f3cc      0x20c ./Drivers/STM32H7xx_HAL_Driver/Src/stm32h7xx_hal_spi.o
                0x000000000800f3cc                HAL_SPI_Init
 .text.HAL_SPI_Transmit
                0x000000000800f5d8      0x3e4 ./Drivers/STM32H7xx_HAL_Driver/Src/stm32h7xx_hal_spi.o
                0x000000000800f5d8                HAL_SPI_Transmit
 .text.HAL_SPI_Receive
                0x000000000800f9bc      0x338 ./Drivers/STM32H7xx_HAL_Driver/Src/stm32h7xx_hal_spi.o
                0x000000000800f9bc                HAL_SPI_Receive
 .text.HAL_SPI_TransmitReceive
                0x000000000800fcf4      0x450 ./Drivers/STM32H7xx_HAL_Driver/Src/stm32h7xx_hal_spi.o
                0x000000000800fcf4                HAL_SPI_TransmitReceive
 .text.SPI_CloseTransfer
                0x0000000008010144      0x140 ./Drivers/STM32H7xx_HAL_Driver/Src/stm32h7xx_hal_spi.o
 .text.SPI_WaitOnFlagUntilTimeout
                0x0000000008010284       0x5c ./Drivers/STM32H7xx_HAL_Driver/Src/stm32h7xx_hal_spi.o
 .text.SPI_GetPacketSize
                0x00000000080102e0       0x36 ./Drivers/STM32H7xx_HAL_Driver/Src/stm32h7xx_hal_spi.o
 .text.HAL_TIM_Base_Init
                0x0000000008010316       0xae ./Drivers/STM32H7xx_HAL_Driver/Src/stm32h7xx_hal_tim.o
                0x0000000008010316                HAL_TIM_Base_Init
 .text.HAL_TIM_Base_Start_IT
                0x00000000080103c4      0x10c ./Drivers/STM32H7xx_HAL_Driver/Src/stm32h7xx_hal_tim.o
                0x00000000080103c4                HAL_TIM_Base_Start_IT
 .text.HAL_TIM_PWM_Init
                0x00000000080104d0       0xae ./Drivers/STM32H7xx_HAL_Driver/Src/stm32h7xx_hal_tim.o
                0x00000000080104d0                HAL_TIM_PWM_Init
 *fill*         0x000000000801057e        0x2 
 .text.HAL_TIM_PWM_Start
                0x0000000008010580      0x238 ./Drivers/STM32H7xx_HAL_Driver/Src/stm32h7xx_hal_tim.o
                0x0000000008010580                HAL_TIM_PWM_Start
 .text.HAL_TIM_PWM_Stop_DMA
                0x00000000080107b8      0x1f0 ./Drivers/STM32H7xx_HAL_Driver/Src/stm32h7xx_hal_tim.o
                0x00000000080107b8                HAL_TIM_PWM_Stop_DMA
 .text.HAL_TIM_Encoder_Init
                0x00000000080109a8      0x14c ./Drivers/STM32H7xx_HAL_Driver/Src/stm32h7xx_hal_tim.o
                0x00000000080109a8                HAL_TIM_Encoder_Init
 .text.HAL_TIM_IRQHandler
                0x0000000008010af4      0x23e ./Drivers/STM32H7xx_HAL_Driver/Src/stm32h7xx_hal_tim.o
                0x0000000008010af4                HAL_TIM_IRQHandler
 *fill*         0x0000000008010d32        0x2 
 .text.HAL_TIM_PWM_ConfigChannel
                0x0000000008010d34      0x228 ./Drivers/STM32H7xx_HAL_Driver/Src/stm32h7xx_hal_tim.o
                0x0000000008010d34                HAL_TIM_PWM_ConfigChannel
 .text.HAL_TIM_ConfigClockSource
                0x0000000008010f5c      0x1f0 ./Drivers/STM32H7xx_HAL_Driver/Src/stm32h7xx_hal_tim.o
                0x0000000008010f5c                HAL_TIM_ConfigClockSource
 .text.HAL_TIM_OC_DelayElapsedCallback
                0x000000000801114c       0x14 ./Drivers/STM32H7xx_HAL_Driver/Src/stm32h7xx_hal_tim.o
                0x000000000801114c                HAL_TIM_OC_DelayElapsedCallback
 .text.HAL_TIM_IC_CaptureCallback
                0x0000000008011160       0x14 ./Drivers/STM32H7xx_HAL_Driver/Src/stm32h7xx_hal_tim.o
                0x0000000008011160                HAL_TIM_IC_CaptureCallback
 .text.HAL_TIM_TriggerCallback
                0x0000000008011174       0x14 ./Drivers/STM32H7xx_HAL_Driver/Src/stm32h7xx_hal_tim.o
                0x0000000008011174                HAL_TIM_TriggerCallback
 .text.TIM_Base_SetConfig
                0x0000000008011188      0x14c ./Drivers/STM32H7xx_HAL_Driver/Src/stm32h7xx_hal_tim.o
                0x0000000008011188                TIM_Base_SetConfig
 .text.TIM_OC1_SetConfig
                0x00000000080112d4      0x120 ./Drivers/STM32H7xx_HAL_Driver/Src/stm32h7xx_hal_tim.o
 .text.TIM_OC2_SetConfig
                0x00000000080113f4      0x114 ./Drivers/STM32H7xx_HAL_Driver/Src/stm32h7xx_hal_tim.o
                0x00000000080113f4                TIM_OC2_SetConfig
 .text.TIM_OC3_SetConfig
                0x0000000008011508      0x110 ./Drivers/STM32H7xx_HAL_Driver/Src/stm32h7xx_hal_tim.o
 .text.TIM_OC4_SetConfig
                0x0000000008011618       0xd4 ./Drivers/STM32H7xx_HAL_Driver/Src/stm32h7xx_hal_tim.o
 .text.TIM_OC5_SetConfig
                0x00000000080116ec       0xc8 ./Drivers/STM32H7xx_HAL_Driver/Src/stm32h7xx_hal_tim.o
 .text.TIM_OC6_SetConfig
                0x00000000080117b4       0xcc ./Drivers/STM32H7xx_HAL_Driver/Src/stm32h7xx_hal_tim.o
 .text.TIM_TI1_ConfigInputStage
                0x0000000008011880       0x5e ./Drivers/STM32H7xx_HAL_Driver/Src/stm32h7xx_hal_tim.o
 .text.TIM_TI2_ConfigInputStage
                0x00000000080118de       0x60 ./Drivers/STM32H7xx_HAL_Driver/Src/stm32h7xx_hal_tim.o
 *fill*         0x000000000801193e        0x2 
 .text.TIM_ITRx_SetConfig
                0x0000000008011940       0x3c ./Drivers/STM32H7xx_HAL_Driver/Src/stm32h7xx_hal_tim.o
 .text.TIM_ETR_SetConfig
                0x000000000801197c       0x40 ./Drivers/STM32H7xx_HAL_Driver/Src/stm32h7xx_hal_tim.o
                0x000000000801197c                TIM_ETR_SetConfig
 .text.TIM_CCxChannelCmd
                0x00000000080119bc       0x4a ./Drivers/STM32H7xx_HAL_Driver/Src/stm32h7xx_hal_tim.o
                0x00000000080119bc                TIM_CCxChannelCmd
 *fill*         0x0000000008011a06        0x2 
 .text.HAL_TIMEx_MasterConfigSynchronization
                0x0000000008011a08      0x138 ./Drivers/STM32H7xx_HAL_Driver/Src/stm32h7xx_hal_tim_ex.o
                0x0000000008011a08                HAL_TIMEx_MasterConfigSynchronization
 .text.HAL_TIMEx_ConfigBreakDeadTime
                0x0000000008011b40      0x140 ./Drivers/STM32H7xx_HAL_Driver/Src/stm32h7xx_hal_tim_ex.o
                0x0000000008011b40                HAL_TIMEx_ConfigBreakDeadTime
 .text.HAL_TIMEx_CommutCallback
                0x0000000008011c80       0x14 ./Drivers/STM32H7xx_HAL_Driver/Src/stm32h7xx_hal_tim_ex.o
                0x0000000008011c80                HAL_TIMEx_CommutCallback
 .text.HAL_TIMEx_BreakCallback
                0x0000000008011c94       0x14 ./Drivers/STM32H7xx_HAL_Driver/Src/stm32h7xx_hal_tim_ex.o
                0x0000000008011c94                HAL_TIMEx_BreakCallback
 .text.HAL_TIMEx_Break2Callback
                0x0000000008011ca8       0x14 ./Drivers/STM32H7xx_HAL_Driver/Src/stm32h7xx_hal_tim_ex.o
                0x0000000008011ca8                HAL_TIMEx_Break2Callback
 .text.HAL_UART_Init
                0x0000000008011cbc       0xa0 ./Drivers/STM32H7xx_HAL_Driver/Src/stm32h7xx_hal_uart.o
                0x0000000008011cbc                HAL_UART_Init
 .text.HAL_UART_Transmit_IT
                0x0000000008011d5c      0x150 ./Drivers/STM32H7xx_HAL_Driver/Src/stm32h7xx_hal_uart.o
                0x0000000008011d5c                HAL_UART_Transmit_IT
 .text.HAL_UART_Receive_IT
                0x0000000008011eac       0xac ./Drivers/STM32H7xx_HAL_Driver/Src/stm32h7xx_hal_uart.o
                0x0000000008011eac                HAL_UART_Receive_IT
 .text.HAL_UART_IRQHandler
                0x0000000008011f58      0x73c ./Drivers/STM32H7xx_HAL_Driver/Src/stm32h7xx_hal_uart.o
                0x0000000008011f58                HAL_UART_IRQHandler
 .text.HAL_UART_TxCpltCallback
                0x0000000008012694       0x14 ./Drivers/STM32H7xx_HAL_Driver/Src/stm32h7xx_hal_uart.o
                0x0000000008012694                HAL_UART_TxCpltCallback
 .text.HAL_UART_ErrorCallback
                0x00000000080126a8       0x14 ./Drivers/STM32H7xx_HAL_Driver/Src/stm32h7xx_hal_uart.o
                0x00000000080126a8                HAL_UART_ErrorCallback
 .text.HAL_UARTEx_RxEventCallback
                0x00000000080126bc       0x18 ./Drivers/STM32H7xx_HAL_Driver/Src/stm32h7xx_hal_uart.o
                0x00000000080126bc                HAL_UARTEx_RxEventCallback
 .text.UART_SetConfig
                0x00000000080126d4      0xcd8 ./Drivers/STM32H7xx_HAL_Driver/Src/stm32h7xx_hal_uart.o
                0x00000000080126d4                UART_SetConfig
 .text.UART_AdvFeatureConfig
                0x00000000080133ac      0x144 ./Drivers/STM32H7xx_HAL_Driver/Src/stm32h7xx_hal_uart.o
                0x00000000080133ac                UART_AdvFeatureConfig
 .text.UART_CheckIdleState
                0x00000000080134f0       0x96 ./Drivers/STM32H7xx_HAL_Driver/Src/stm32h7xx_hal_uart.o
                0x00000000080134f0                UART_CheckIdleState
 .text.UART_WaitOnFlagUntilTimeout
                0x0000000008013586      0x190 ./Drivers/STM32H7xx_HAL_Driver/Src/stm32h7xx_hal_uart.o
                0x0000000008013586                UART_WaitOnFlagUntilTimeout
 *fill*         0x0000000008013716        0x2 
 .text.UART_Start_Receive_IT
                0x0000000008013718      0x254 ./Drivers/STM32H7xx_HAL_Driver/Src/stm32h7xx_hal_uart.o
                0x0000000008013718                UART_Start_Receive_IT
 .text.UART_EndRxTransfer
                0x000000000801396c       0xcc ./Drivers/STM32H7xx_HAL_Driver/Src/stm32h7xx_hal_uart.o
 .text.UART_DMAAbortOnError
                0x0000000008013a38       0x2c ./Drivers/STM32H7xx_HAL_Driver/Src/stm32h7xx_hal_uart.o
 .text.UART_TxISR_8BIT
                0x0000000008013a64       0xb8 ./Drivers/STM32H7xx_HAL_Driver/Src/stm32h7xx_hal_uart.o
 .text.UART_TxISR_16BIT
                0x0000000008013b1c       0xc2 ./Drivers/STM32H7xx_HAL_Driver/Src/stm32h7xx_hal_uart.o
 .text.UART_TxISR_8BIT_FIFOEN
                0x0000000008013bde       0xe0 ./Drivers/STM32H7xx_HAL_Driver/Src/stm32h7xx_hal_uart.o
 .text.UART_TxISR_16BIT_FIFOEN
                0x0000000008013cbe       0xea ./Drivers/STM32H7xx_HAL_Driver/Src/stm32h7xx_hal_uart.o
 .text.UART_EndTransmit_IT
                0x0000000008013da8       0x56 ./Drivers/STM32H7xx_HAL_Driver/Src/stm32h7xx_hal_uart.o
 .text.UART_RxISR_8BIT
                0x0000000008013dfe      0x160 ./Drivers/STM32H7xx_HAL_Driver/Src/stm32h7xx_hal_uart.o
 .text.UART_RxISR_16BIT
                0x0000000008013f5e      0x160 ./Drivers/STM32H7xx_HAL_Driver/Src/stm32h7xx_hal_uart.o
 *fill*         0x00000000080140be        0x2 
 .text.UART_RxISR_8BIT_FIFOEN
                0x00000000080140c0      0x2f8 ./Drivers/STM32H7xx_HAL_Driver/Src/stm32h7xx_hal_uart.o
 .text.UART_RxISR_16BIT_FIFOEN
                0x00000000080143b8      0x300 ./Drivers/STM32H7xx_HAL_Driver/Src/stm32h7xx_hal_uart.o
 .text.HAL_UARTEx_WakeupCallback
                0x00000000080146b8       0x14 ./Drivers/STM32H7xx_HAL_Driver/Src/stm32h7xx_hal_uart_ex.o
                0x00000000080146b8                HAL_UARTEx_WakeupCallback
 .text.HAL_UARTEx_RxFifoFullCallback
                0x00000000080146cc       0x14 ./Drivers/STM32H7xx_HAL_Driver/Src/stm32h7xx_hal_uart_ex.o
                0x00000000080146cc                HAL_UARTEx_RxFifoFullCallback
 .text.HAL_UARTEx_TxFifoEmptyCallback
                0x00000000080146e0       0x14 ./Drivers/STM32H7xx_HAL_Driver/Src/stm32h7xx_hal_uart_ex.o
                0x00000000080146e0                HAL_UARTEx_TxFifoEmptyCallback
 .text.HAL_UARTEx_DisableFifoMode
                0x00000000080146f4       0x72 ./Drivers/STM32H7xx_HAL_Driver/Src/stm32h7xx_hal_uart_ex.o
                0x00000000080146f4                HAL_UARTEx_DisableFifoMode
 .text.HAL_UARTEx_SetTxFifoThreshold
                0x0000000008014766       0x7c ./Drivers/STM32H7xx_HAL_Driver/Src/stm32h7xx_hal_uart_ex.o
                0x0000000008014766                HAL_UARTEx_SetTxFifoThreshold
 .text.HAL_UARTEx_SetRxFifoThreshold
                0x00000000080147e2       0x7c ./Drivers/STM32H7xx_HAL_Driver/Src/stm32h7xx_hal_uart_ex.o
                0x00000000080147e2                HAL_UARTEx_SetRxFifoThreshold
 *fill*         0x000000000801485e        0x2 
 .text.UARTEx_SetNbDataToProcess
                0x0000000008014860       0x9c ./Drivers/STM32H7xx_HAL_Driver/Src/stm32h7xx_hal_uart_ex.o
 .text.__libc_init_array
                0x00000000080148fc       0x48 c:/st/stm32cubeide_1.9.0/stm32cubeide/plugins/com.st.stm32cube.ide.mcu.externaltools.gnu-tools-for-stm32.10.3-2021.10.win32_1.0.0.202111181127/tools/bin/../lib/gcc/arm-none-eabi/10.3.1/../../../../arm-none-eabi/lib/thumb/v7e-m+dp/hard\libc_nano.a(lib_a-init.o)
                0x00000000080148fc                __libc_init_array
 .text.memset   0x0000000008014944       0x10 c:/st/stm32cubeide_1.9.0/stm32cubeide/plugins/com.st.stm32cube.ide.mcu.externaltools.gnu-tools-for-stm32.10.3-2021.10.win32_1.0.0.202111181127/tools/bin/../lib/gcc/arm-none-eabi/10.3.1/../../../../arm-none-eabi/lib/thumb/v7e-m+dp/hard\libc_nano.a(lib_a-memset.o)
                0x0000000008014944                memset
 *fill*         0x0000000008014954        0x4 
 .text.cos      0x0000000008014958       0x98 c:/st/stm32cubeide_1.9.0/stm32cubeide/plugins/com.st.stm32cube.ide.mcu.externaltools.gnu-tools-for-stm32.10.3-2021.10.win32_1.0.0.202111181127/tools/bin/../lib/gcc/arm-none-eabi/10.3.1/../../../../arm-none-eabi/lib/thumb/v7e-m+dp/hard\libm.a(lib_a-s_cos.o)
                0x0000000008014958                cos
 .text.sin      0x00000000080149f0       0x98 c:/st/stm32cubeide_1.9.0/stm32cubeide/plugins/com.st.stm32cube.ide.mcu.externaltools.gnu-tools-for-stm32.10.3-2021.10.win32_1.0.0.202111181127/tools/bin/../lib/gcc/arm-none-eabi/10.3.1/../../../../arm-none-eabi/lib/thumb/v7e-m+dp/hard\libm.a(lib_a-s_sin.o)
                0x00000000080149f0                sin
 .text.__ieee754_rem_pio2
                0x0000000008014a88      0x288 c:/st/stm32cubeide_1.9.0/stm32cubeide/plugins/com.st.stm32cube.ide.mcu.externaltools.gnu-tools-for-stm32.10.3-2021.10.win32_1.0.0.202111181127/tools/bin/../lib/gcc/arm-none-eabi/10.3.1/../../../../arm-none-eabi/lib/thumb/v7e-m+dp/hard\libm.a(lib_a-e_rem_pio2.o)
                0x0000000008014a88                __ieee754_rem_pio2
 .text.__kernel_cos
                0x0000000008014d10       0xd8 c:/st/stm32cubeide_1.9.0/stm32cubeide/plugins/com.st.stm32cube.ide.mcu.externaltools.gnu-tools-for-stm32.10.3-2021.10.win32_1.0.0.202111181127/tools/bin/../lib/gcc/arm-none-eabi/10.3.1/../../../../arm-none-eabi/lib/thumb/v7e-m+dp/hard\libm.a(lib_a-k_cos.o)
                0x0000000008014d10                __kernel_cos
 .text.__kernel_rem_pio2
                0x0000000008014de8      0x530 c:/st/stm32cubeide_1.9.0/stm32cubeide/plugins/com.st.stm32cube.ide.mcu.externaltools.gnu-tools-for-stm32.10.3-2021.10.win32_1.0.0.202111181127/tools/bin/../lib/gcc/arm-none-eabi/10.3.1/../../../../arm-none-eabi/lib/thumb/v7e-m+dp/hard\libm.a(lib_a-k_rem_pio2.o)
                0x0000000008014de8                __kernel_rem_pio2
 .text.__kernel_sin
                0x0000000008015318       0xb0 c:/st/stm32cubeide_1.9.0/stm32cubeide/plugins/com.st.stm32cube.ide.mcu.externaltools.gnu-tools-for-stm32.10.3-2021.10.win32_1.0.0.202111181127/tools/bin/../lib/gcc/arm-none-eabi/10.3.1/../../../../arm-none-eabi/lib/thumb/v7e-m+dp/hard\libm.a(lib_a-k_sin.o)
                0x0000000008015318                __kernel_sin
 .text.fabs     0x00000000080153c8       0x12 c:/st/stm32cubeide_1.9.0/stm32cubeide/plugins/com.st.stm32cube.ide.mcu.externaltools.gnu-tools-for-stm32.10.3-2021.10.win32_1.0.0.202111181127/tools/bin/../lib/gcc/arm-none-eabi/10.3.1/../../../../arm-none-eabi/lib/thumb/v7e-m+dp/hard\libm.a(lib_a-s_fabs.o)
                0x00000000080153c8                fabs
 *fill*         0x00000000080153da        0x6 
 .text.floor    0x00000000080153e0       0xe8 c:/st/stm32cubeide_1.9.0/stm32cubeide/plugins/com.st.stm32cube.ide.mcu.externaltools.gnu-tools-for-stm32.10.3-2021.10.win32_1.0.0.202111181127/tools/bin/../lib/gcc/arm-none-eabi/10.3.1/../../../../arm-none-eabi/lib/thumb/v7e-m+dp/hard\libm.a(lib_a-s_floor.o)
                0x00000000080153e0                floor
 .text.scalbn   0x00000000080154c8      0x114 c:/st/stm32cubeide_1.9.0/stm32cubeide/plugins/com.st.stm32cube.ide.mcu.externaltools.gnu-tools-for-stm32.10.3-2021.10.win32_1.0.0.202111181127/tools/bin/../lib/gcc/arm-none-eabi/10.3.1/../../../../arm-none-eabi/lib/thumb/v7e-m+dp/hard\libm.a(lib_a-s_scalbn.o)
                0x00000000080154c8                scalbn
 *(.glue_7)
 .glue_7        0x00000000080155dc        0x0 linker stubs
 *(.glue_7t)
 .glue_7t       0x00000000080155dc        0x0 linker stubs
 *(.eh_frame)
 .eh_frame      0x00000000080155dc        0x0 c:/st/stm32cubeide_1.9.0/stm32cubeide/plugins/com.st.stm32cube.ide.mcu.externaltools.gnu-tools-for-stm32.10.3-2021.10.win32_1.0.0.202111181127/tools/bin/../lib/gcc/arm-none-eabi/10.3.1/thumb/v7e-m+dp/hard/crtbegin.o
 *(.init)
 .init          0x00000000080155dc        0x4 c:/st/stm32cubeide_1.9.0/stm32cubeide/plugins/com.st.stm32cube.ide.mcu.externaltools.gnu-tools-for-stm32.10.3-2021.10.win32_1.0.0.202111181127/tools/bin/../lib/gcc/arm-none-eabi/10.3.1/thumb/v7e-m+dp/hard/crti.o
                0x00000000080155dc                _init
 .init          0x00000000080155e0        0x8 c:/st/stm32cubeide_1.9.0/stm32cubeide/plugins/com.st.stm32cube.ide.mcu.externaltools.gnu-tools-for-stm32.10.3-2021.10.win32_1.0.0.202111181127/tools/bin/../lib/gcc/arm-none-eabi/10.3.1/thumb/v7e-m+dp/hard/crtn.o
 *(.fini)
 .fini          0x00000000080155e8        0x4 c:/st/stm32cubeide_1.9.0/stm32cubeide/plugins/com.st.stm32cube.ide.mcu.externaltools.gnu-tools-for-stm32.10.3-2021.10.win32_1.0.0.202111181127/tools/bin/../lib/gcc/arm-none-eabi/10.3.1/thumb/v7e-m+dp/hard/crti.o
                0x00000000080155e8                _fini
 .fini          0x00000000080155ec        0x8 c:/st/stm32cubeide_1.9.0/stm32cubeide/plugins/com.st.stm32cube.ide.mcu.externaltools.gnu-tools-for-stm32.10.3-2021.10.win32_1.0.0.202111181127/tools/bin/../lib/gcc/arm-none-eabi/10.3.1/thumb/v7e-m+dp/hard/crtn.o
                0x00000000080155f4                . = ALIGN (0x4)
                0x00000000080155f4                _etext = .

.vfp11_veneer   0x00000000080155f4        0x0
 .vfp11_veneer  0x00000000080155f4        0x0 linker stubs

.v4_bx          0x00000000080155f4        0x0
 .v4_bx         0x00000000080155f4        0x0 linker stubs

.iplt           0x00000000080155f4        0x0
 .iplt          0x00000000080155f4        0x0 c:/st/stm32cubeide_1.9.0/stm32cubeide/plugins/com.st.stm32cube.ide.mcu.externaltools.gnu-tools-for-stm32.10.3-2021.10.win32_1.0.0.202111181127/tools/bin/../lib/gcc/arm-none-eabi/10.3.1/thumb/v7e-m+dp/hard/crtbegin.o

.rodata         0x00000000080155f8      0x228
                0x00000000080155f8                . = ALIGN (0x4)
 *(.rodata)
 .rodata        0x00000000080155f8        0x3 ./Core/Src/AS5047U.o
 *fill*         0x00000000080155fb        0x1 
 .rodata        0x00000000080155fc        0xc ./Core/Src/main.o
 *(.rodata*)
 .rodata.D1CorePrescTable
                0x0000000008015608       0x10 ./Core/Src/system_stm32h7xx.o
                0x0000000008015608                D1CorePrescTable
 .rodata.flagBitshiftOffset.0
                0x0000000008015618        0x8 ./Drivers/STM32H7xx_HAL_Driver/Src/stm32h7xx_hal_dma.o
 .rodata.UARTPrescTable
                0x0000000008015620       0x18 ./Drivers/STM32H7xx_HAL_Driver/Src/stm32h7xx_hal_uart.o
                0x0000000008015620                UARTPrescTable
 .rodata.numerator.1
                0x0000000008015638        0x8 ./Drivers/STM32H7xx_HAL_Driver/Src/stm32h7xx_hal_uart_ex.o
 .rodata.denominator.0
                0x0000000008015640        0x8 ./Drivers/STM32H7xx_HAL_Driver/Src/stm32h7xx_hal_uart_ex.o
 .rodata.npio2_hw
                0x0000000008015648       0x80 c:/st/stm32cubeide_1.9.0/stm32cubeide/plugins/com.st.stm32cube.ide.mcu.externaltools.gnu-tools-for-stm32.10.3-2021.10.win32_1.0.0.202111181127/tools/bin/../lib/gcc/arm-none-eabi/10.3.1/../../../../arm-none-eabi/lib/thumb/v7e-m+dp/hard\libm.a(lib_a-e_rem_pio2.o)
 .rodata.two_over_pi
                0x00000000080156c8      0x108 c:/st/stm32cubeide_1.9.0/stm32cubeide/plugins/com.st.stm32cube.ide.mcu.externaltools.gnu-tools-for-stm32.10.3-2021.10.win32_1.0.0.202111181127/tools/bin/../lib/gcc/arm-none-eabi/10.3.1/../../../../arm-none-eabi/lib/thumb/v7e-m+dp/hard\libm.a(lib_a-e_rem_pio2.o)
 .rodata.PIo2   0x00000000080157d0       0x40 c:/st/stm32cubeide_1.9.0/stm32cubeide/plugins/com.st.stm32cube.ide.mcu.externaltools.gnu-tools-for-stm32.10.3-2021.10.win32_1.0.0.202111181127/tools/bin/../lib/gcc/arm-none-eabi/10.3.1/../../../../arm-none-eabi/lib/thumb/v7e-m+dp/hard\libm.a(lib_a-k_rem_pio2.o)
 .rodata.init_jk
                0x0000000008015810       0x10 c:/st/stm32cubeide_1.9.0/stm32cubeide/plugins/com.st.stm32cube.ide.mcu.externaltools.gnu-tools-for-stm32.10.3-2021.10.win32_1.0.0.202111181127/tools/bin/../lib/gcc/arm-none-eabi/10.3.1/../../../../arm-none-eabi/lib/thumb/v7e-m+dp/hard\libm.a(lib_a-k_rem_pio2.o)
                0x0000000008015820                . = ALIGN (0x4)

.ARM.extab
 *(.ARM.extab* .gnu.linkonce.armextab.*)

.ARM            0x0000000008015820        0x8
                0x0000000008015820                __exidx_start = .
 *(.ARM.exidx*)
 .ARM.exidx     0x0000000008015820        0x8 c:/st/stm32cubeide_1.9.0/stm32cubeide/plugins/com.st.stm32cube.ide.mcu.externaltools.gnu-tools-for-stm32.10.3-2021.10.win32_1.0.0.202111181127/tools/bin/../lib/gcc/arm-none-eabi/10.3.1/thumb/v7e-m+dp/hard\libgcc.a(_udivmoddi4.o)
                0x0000000008015828                __exidx_end = .

.rel.dyn        0x0000000008015828        0x0
 .rel.iplt      0x0000000008015828        0x0 c:/st/stm32cubeide_1.9.0/stm32cubeide/plugins/com.st.stm32cube.ide.mcu.externaltools.gnu-tools-for-stm32.10.3-2021.10.win32_1.0.0.202111181127/tools/bin/../lib/gcc/arm-none-eabi/10.3.1/thumb/v7e-m+dp/hard/crtbegin.o

.preinit_array  0x0000000008015828        0x0
                0x0000000008015828                PROVIDE (__preinit_array_start = .)
 *(.preinit_array*)
                0x0000000008015828                PROVIDE (__preinit_array_end = .)

.init_array     0x0000000008015828        0x4
                0x0000000008015828                PROVIDE (__init_array_start = .)
 *(SORT_BY_NAME(.init_array.*))
 *(.init_array*)
 .init_array    0x0000000008015828        0x4 c:/st/stm32cubeide_1.9.0/stm32cubeide/plugins/com.st.stm32cube.ide.mcu.externaltools.gnu-tools-for-stm32.10.3-2021.10.win32_1.0.0.202111181127/tools/bin/../lib/gcc/arm-none-eabi/10.3.1/thumb/v7e-m+dp/hard/crtbegin.o
                0x000000000801582c                PROVIDE (__init_array_end = .)

.fini_array     0x000000000801582c        0x4
                [!provide]                        PROVIDE (__fini_array_start = .)
 *(SORT_BY_NAME(.fini_array.*))
 *(.fini_array*)
 .fini_array    0x000000000801582c        0x4 c:/st/stm32cubeide_1.9.0/stm32cubeide/plugins/com.st.stm32cube.ide.mcu.externaltools.gnu-tools-for-stm32.10.3-2021.10.win32_1.0.0.202111181127/tools/bin/../lib/gcc/arm-none-eabi/10.3.1/thumb/v7e-m+dp/hard/crtbegin.o
                [!provide]                        PROVIDE (__fini_array_end = .)
                0x0000000008015830                _sidata = LOADADDR (.data)

.data           0x0000000020000000       0x14 load address 0x0000000008015830
                0x0000000020000000                . = ALIGN (0x4)
                0x0000000020000000                _sdata = .
 *(.data)
 *(.data*)
 .data.T_tune_PID
                0x0000000020000000        0x4 ./Core/Src/main.o
                0x0000000020000000                T_tune_PID
 .data.SystemCoreClock
                0x0000000020000004        0x4 ./Core/Src/system_stm32h7xx.o
                0x0000000020000004                SystemCoreClock
 .data.SystemD2Clock
                0x0000000020000008        0x4 ./Core/Src/system_stm32h7xx.o
                0x0000000020000008                SystemD2Clock
 .data.uwTickPrio
                0x000000002000000c        0x4 ./Drivers/STM32H7xx_HAL_Driver/Src/stm32h7xx_hal.o
                0x000000002000000c                uwTickPrio
 .data.uwTickFreq
                0x0000000020000010        0x1 ./Drivers/STM32H7xx_HAL_Driver/Src/stm32h7xx_hal.o
                0x0000000020000010                uwTickFreq
 *(.RamFunc)
 *(.RamFunc*)
                0x0000000020000014                . = ALIGN (0x4)
 *fill*         0x0000000020000011        0x3 
                0x0000000020000014                _edata = .

.igot.plt       0x0000000020000014        0x0 load address 0x0000000008015844
 .igot.plt      0x0000000020000014        0x0 c:/st/stm32cubeide_1.9.0/stm32cubeide/plugins/com.st.stm32cube.ide.mcu.externaltools.gnu-tools-for-stm32.10.3-2021.10.win32_1.0.0.202111181127/tools/bin/../lib/gcc/arm-none-eabi/10.3.1/thumb/v7e-m+dp/hard/crtbegin.o

RAM_D2          0x0000000020000014       0x34 load address 0x0000000008015844
 RAM_D2         0x0000000020000014       0x34 ./Core/Src/main.o
                0x0000000020000014                UART5_rxBuffer
                0x0000000020000024                UART5_txBuffer
                0x0000000020000048                . = ALIGN (0x4)

.bss            0x0000000020000048      0xf30 load address 0x0000000008015878
                0x0000000020000048                _sbss = .
                0x0000000020000048                __bss_start__ = _sbss
 *(.bss)
 .bss           0x0000000020000048       0x1c c:/st/stm32cubeide_1.9.0/stm32cubeide/plugins/com.st.stm32cube.ide.mcu.externaltools.gnu-tools-for-stm32.10.3-2021.10.win32_1.0.0.202111181127/tools/bin/../lib/gcc/arm-none-eabi/10.3.1/thumb/v7e-m+dp/hard/crtbegin.o
 *(.bss*)
 .bss.hadc1     0x0000000020000064       0x70 ./Core/Src/adc.o
                0x0000000020000064                hadc1
 .bss.hadc2     0x00000000200000d4       0x70 ./Core/Src/adc.o
                0x00000000200000d4                hadc2
 .bss.hadc3     0x0000000020000144       0x70 ./Core/Src/adc.o
                0x0000000020000144                hadc3
 .bss.HAL_RCC_ADC12_CLK_ENABLED
                0x00000000200001b4        0x4 ./Core/Src/adc.o
 .bss.hcrc      0x00000000200001b8       0x24 ./Core/Src/crc.o
                0x00000000200001b8                hcrc
 .bss.hi2c2     0x00000000200001dc       0x4c ./Core/Src/i2c.o
                0x00000000200001dc                hi2c2
 .bss.Temperature
                0x0000000020000228        0x4 ./Core/Src/main.o
                0x0000000020000228                Temperature
 .bss.Temp_Calibration
                0x000000002000022c        0x4 ./Core/Src/main.o
                0x000000002000022c                Temp_Calibration
 .bss.Encoder   0x0000000020000230       0x80 ./Core/Src/main.o
                0x0000000020000230                Encoder
 .bss.Kalman    0x00000000200002b0       0x80 ./Core/Src/main.o
                0x00000000200002b0                Kalman
 .bss.Control   0x0000000020000330      0x1b0 ./Core/Src/main.o
                0x0000000020000330                Control
 .bss.Stepper   0x00000000200004e0       0x50 ./Core/Src/main.o
                0x00000000200004e0                Stepper
 .bss.Neopixel  0x0000000020000530      0x178 ./Core/Src/main.o
                0x0000000020000530                Neopixel
 .bss.TempSensor
                0x00000000200006a8        0xc ./Core/Src/main.o
                0x00000000200006a8                TempSensor
 .bss.Traj      0x00000000200006b4       0x70 ./Core/Src/main.o
                0x00000000200006b4                Traj
 .bss.SetPoint_Position
                0x0000000020000724       0x10 ./Core/Src/main.o
                0x0000000020000724                SetPoint_Position
 .bss.SetPoint_Velocity
                0x0000000020000734       0x10 ./Core/Src/main.o
                0x0000000020000734                SetPoint_Velocity
 .bss.t         0x0000000020000744        0x4 ./Core/Src/main.o
                0x0000000020000744                t
 .bss.Test_traj_Val
                0x0000000020000748       0x10 ./Core/Src/main.o
                0x0000000020000748                Test_traj_Val
 .bss.Contorl_Flag
                0x0000000020000758        0x1 ./Core/Src/main.o
                0x0000000020000758                Contorl_Flag
 .bss.Traj_Flag
                0x0000000020000759        0x1 ./Core/Src/main.o
                0x0000000020000759                Traj_Flag
 .bss.Protocol_Flag
                0x000000002000075a        0x1 ./Core/Src/main.o
                0x000000002000075a                Protocol_Flag
 *fill*         0x000000002000075b        0x1 
 .bss.Software_Timer_1s
                0x000000002000075c        0x4 ./Core/Src/main.o
                0x000000002000075c                Software_Timer_1s
 .bss.Software_Timer_100ms
                0x0000000020000760        0x4 ./Core/Src/main.o
                0x0000000020000760                Software_Timer_100ms
 .bss.tune_PID  0x0000000020000764        0x8 ./Core/Src/main.o
                0x0000000020000764                tune_PID
 .bss.Buffer_TPM75
                0x000000002000076c        0x2 ./Core/Src/main.o
                0x000000002000076c                Buffer_TPM75
 *fill*         0x000000002000076e        0x2 
 .bss.hspi3     0x0000000020000770       0x88 ./Core/Src/spi.o
                0x0000000020000770                hspi3
 .bss.hspi4     0x00000000200007f8       0x88 ./Core/Src/spi.o
                0x00000000200007f8                hspi4
 .bss.htim1     0x0000000020000880       0x4c ./Core/Src/tim.o
                0x0000000020000880                htim1
 .bss.htim3     0x00000000200008cc       0x4c ./Core/Src/tim.o
                0x00000000200008cc                htim3
 .bss.htim4     0x0000000020000918       0x4c ./Core/Src/tim.o
                0x0000000020000918                htim4
 .bss.htim5     0x0000000020000964       0x4c ./Core/Src/tim.o
                0x0000000020000964                htim5
 .bss.htim6     0x00000000200009b0       0x4c ./Core/Src/tim.o
                0x00000000200009b0                htim6
 .bss.htim8     0x00000000200009fc       0x4c ./Core/Src/tim.o
                0x00000000200009fc                htim8
 .bss.htim13    0x0000000020000a48       0x4c ./Core/Src/tim.o
                0x0000000020000a48                htim13
 .bss.htim14    0x0000000020000a94       0x4c ./Core/Src/tim.o
                0x0000000020000a94                htim14
 .bss.htim15    0x0000000020000ae0       0x4c ./Core/Src/tim.o
                0x0000000020000ae0                htim15
 .bss.htim16    0x0000000020000b2c       0x4c ./Core/Src/tim.o
                0x0000000020000b2c                htim16
 .bss.htim17    0x0000000020000b78       0x4c ./Core/Src/tim.o
                0x0000000020000b78                htim17
 .bss.htim23    0x0000000020000bc4       0x4c ./Core/Src/tim.o
                0x0000000020000bc4                htim23
 .bss.htim24    0x0000000020000c10       0x4c ./Core/Src/tim.o
                0x0000000020000c10                htim24
 .bss.hdma_tim1_ch1
                0x0000000020000c5c       0x78 ./Core/Src/tim.o
                0x0000000020000c5c                hdma_tim1_ch1
 .bss.huart5    0x0000000020000cd4       0x90 ./Core/Src/usart.o
                0x0000000020000cd4                huart5
 .bss.huart1    0x0000000020000d64       0x90 ./Core/Src/usart.o
                0x0000000020000d64                huart1
 .bss.huart3    0x0000000020000df4       0x90 ./Core/Src/usart.o
                0x0000000020000df4                huart3
 .bss.hdma_uart5_rx
                0x0000000020000e84       0x78 ./Core/Src/usart.o
                0x0000000020000e84                hdma_uart5_rx
 .bss.hdma_uart5_tx
                0x0000000020000efc       0x78 ./Core/Src/usart.o
                0x0000000020000efc                hdma_uart5_tx
 .bss.uwTick    0x0000000020000f74        0x4 ./Drivers/STM32H7xx_HAL_Driver/Src/stm32h7xx_hal.o
                0x0000000020000f74                uwTick
 *(COMMON)
                0x0000000020000f78                . = ALIGN (0x4)
                0x0000000020000f78                _ebss = .
                0x0000000020000f78                __bss_end__ = _ebss

._user_heap_stack
                0x0000000020000f78      0x600 load address 0x0000000008015878
                0x0000000020000f78                . = ALIGN (0x8)
                [!provide]                        PROVIDE (end = .)
                0x0000000020000f78                PROVIDE (_end = .)
                0x0000000020001178                . = (. + _Min_Heap_Size)
 *fill*         0x0000000020000f78      0x200 
                0x0000000020001578                . = (. + _Min_Stack_Size)
 *fill*         0x0000000020001178      0x400 
                0x0000000020001578                . = ALIGN (0x8)

/DISCARD/
 libc.a(*)
 libm.a(*)
 libgcc.a(*)

.ARM.attributes
                0x0000000000000000       0x2e
 *(.ARM.attributes)
 .ARM.attributes
                0x0000000000000000       0x1e c:/st/stm32cubeide_1.9.0/stm32cubeide/plugins/com.st.stm32cube.ide.mcu.externaltools.gnu-tools-for-stm32.10.3-2021.10.win32_1.0.0.202111181127/tools/bin/../lib/gcc/arm-none-eabi/10.3.1/thumb/v7e-m+dp/hard/crti.o
 .ARM.attributes
                0x000000000000001e       0x32 c:/st/stm32cubeide_1.9.0/stm32cubeide/plugins/com.st.stm32cube.ide.mcu.externaltools.gnu-tools-for-stm32.10.3-2021.10.win32_1.0.0.202111181127/tools/bin/../lib/gcc/arm-none-eabi/10.3.1/thumb/v7e-m+dp/hard/crtbegin.o
 .ARM.attributes
                0x0000000000000050       0x32 ./Core/Src/AS5047U.o
 .ARM.attributes
                0x0000000000000082       0x32 ./Core/Src/TPM75.o
 .ARM.attributes
                0x00000000000000b4       0x32 ./Core/Src/adc.o
 .ARM.attributes
                0x00000000000000e6       0x32 ./Core/Src/control.o
 .ARM.attributes
                0x0000000000000118       0x32 ./Core/Src/crc.o
 .ARM.attributes
                0x000000000000014a       0x32 ./Core/Src/dma.o
 .ARM.attributes
                0x000000000000017c       0x32 ./Core/Src/gpio.o
 .ARM.attributes
                0x00000000000001ae       0x32 ./Core/Src/i2c.o
 .ARM.attributes
                0x00000000000001e0       0x32 ./Core/Src/kinematics.o
 .ARM.attributes
                0x0000000000000212       0x32 ./Core/Src/main.o
 .ARM.attributes
                0x0000000000000244       0x32 ./Core/Src/spi.o
 .ARM.attributes
                0x0000000000000276       0x32 ./Core/Src/stm32h7xx_hal_msp.o
 .ARM.attributes
                0x00000000000002a8       0x32 ./Core/Src/stm32h7xx_it.o
 .ARM.attributes
                0x00000000000002da       0x32 ./Core/Src/system_stm32h7xx.o
 .ARM.attributes
                0x000000000000030c       0x32 ./Core/Src/tim.o
 .ARM.attributes
                0x000000000000033e       0x32 ./Core/Src/usart.o
 .ARM.attributes
                0x0000000000000370       0x21 ./Core/Startup/startup_stm32h733vgtx.o
 .ARM.attributes
                0x0000000000000391       0x32 ./Drivers/STM32H7xx_HAL_Driver/Src/stm32h7xx_hal.o
 .ARM.attributes
                0x00000000000003c3       0x32 ./Drivers/STM32H7xx_HAL_Driver/Src/stm32h7xx_hal_adc.o
 .ARM.attributes
                0x00000000000003f5       0x32 ./Drivers/STM32H7xx_HAL_Driver/Src/stm32h7xx_hal_adc_ex.o
 .ARM.attributes
                0x0000000000000427       0x32 ./Drivers/STM32H7xx_HAL_Driver/Src/stm32h7xx_hal_cortex.o
 .ARM.attributes
                0x0000000000000459       0x32 ./Drivers/STM32H7xx_HAL_Driver/Src/stm32h7xx_hal_crc.o
 .ARM.attributes
                0x000000000000048b       0x32 ./Drivers/STM32H7xx_HAL_Driver/Src/stm32h7xx_hal_crc_ex.o
 .ARM.attributes
                0x00000000000004bd       0x32 ./Drivers/STM32H7xx_HAL_Driver/Src/stm32h7xx_hal_dma.o
 .ARM.attributes
                0x00000000000004ef       0x32 ./Drivers/STM32H7xx_HAL_Driver/Src/stm32h7xx_hal_gpio.o
 .ARM.attributes
                0x0000000000000521       0x32 ./Drivers/STM32H7xx_HAL_Driver/Src/stm32h7xx_hal_i2c.o
 .ARM.attributes
                0x0000000000000553       0x32 ./Drivers/STM32H7xx_HAL_Driver/Src/stm32h7xx_hal_i2c_ex.o
 .ARM.attributes
                0x0000000000000585       0x32 ./Drivers/STM32H7xx_HAL_Driver/Src/stm32h7xx_hal_pwr_ex.o
 .ARM.attributes
                0x00000000000005b7       0x32 ./Drivers/STM32H7xx_HAL_Driver/Src/stm32h7xx_hal_rcc.o
 .ARM.attributes
                0x00000000000005e9       0x32 ./Drivers/STM32H7xx_HAL_Driver/Src/stm32h7xx_hal_rcc_ex.o
 .ARM.attributes
                0x000000000000061b       0x32 ./Drivers/STM32H7xx_HAL_Driver/Src/stm32h7xx_hal_spi.o
 .ARM.attributes
                0x000000000000064d       0x32 ./Drivers/STM32H7xx_HAL_Driver/Src/stm32h7xx_hal_tim.o
 .ARM.attributes
                0x000000000000067f       0x32 ./Drivers/STM32H7xx_HAL_Driver/Src/stm32h7xx_hal_tim_ex.o
 .ARM.attributes
                0x00000000000006b1       0x32 ./Drivers/STM32H7xx_HAL_Driver/Src/stm32h7xx_hal_uart.o
 .ARM.attributes
                0x00000000000006e3       0x32 ./Drivers/STM32H7xx_HAL_Driver/Src/stm32h7xx_hal_uart_ex.o
 .ARM.attributes
                0x0000000000000715       0x32 c:/st/stm32cubeide_1.9.0/stm32cubeide/plugins/com.st.stm32cube.ide.mcu.externaltools.gnu-tools-for-stm32.10.3-2021.10.win32_1.0.0.202111181127/tools/bin/../lib/gcc/arm-none-eabi/10.3.1/../../../../arm-none-eabi/lib/thumb/v7e-m+dp/hard\libc_nano.a(lib_a-init.o)
 .ARM.attributes
                0x0000000000000747       0x32 c:/st/stm32cubeide_1.9.0/stm32cubeide/plugins/com.st.stm32cube.ide.mcu.externaltools.gnu-tools-for-stm32.10.3-2021.10.win32_1.0.0.202111181127/tools/bin/../lib/gcc/arm-none-eabi/10.3.1/../../../../arm-none-eabi/lib/thumb/v7e-m+dp/hard\libc_nano.a(lib_a-memset.o)
 .ARM.attributes
                0x0000000000000779       0x32 c:/st/stm32cubeide_1.9.0/stm32cubeide/plugins/com.st.stm32cube.ide.mcu.externaltools.gnu-tools-for-stm32.10.3-2021.10.win32_1.0.0.202111181127/tools/bin/../lib/gcc/arm-none-eabi/10.3.1/../../../../arm-none-eabi/lib/thumb/v7e-m+dp/hard\libm.a(lib_a-s_cos.o)
 .ARM.attributes
                0x00000000000007ab       0x32 c:/st/stm32cubeide_1.9.0/stm32cubeide/plugins/com.st.stm32cube.ide.mcu.externaltools.gnu-tools-for-stm32.10.3-2021.10.win32_1.0.0.202111181127/tools/bin/../lib/gcc/arm-none-eabi/10.3.1/../../../../arm-none-eabi/lib/thumb/v7e-m+dp/hard\libm.a(lib_a-s_sin.o)
 .ARM.attributes
                0x00000000000007dd       0x32 c:/st/stm32cubeide_1.9.0/stm32cubeide/plugins/com.st.stm32cube.ide.mcu.externaltools.gnu-tools-for-stm32.10.3-2021.10.win32_1.0.0.202111181127/tools/bin/../lib/gcc/arm-none-eabi/10.3.1/../../../../arm-none-eabi/lib/thumb/v7e-m+dp/hard\libm.a(lib_a-e_rem_pio2.o)
 .ARM.attributes
                0x000000000000080f       0x32 c:/st/stm32cubeide_1.9.0/stm32cubeide/plugins/com.st.stm32cube.ide.mcu.externaltools.gnu-tools-for-stm32.10.3-2021.10.win32_1.0.0.202111181127/tools/bin/../lib/gcc/arm-none-eabi/10.3.1/../../../../arm-none-eabi/lib/thumb/v7e-m+dp/hard\libm.a(lib_a-k_cos.o)
 .ARM.attributes
                0x0000000000000841       0x32 c:/st/stm32cubeide_1.9.0/stm32cubeide/plugins/com.st.stm32cube.ide.mcu.externaltools.gnu-tools-for-stm32.10.3-2021.10.win32_1.0.0.202111181127/tools/bin/../lib/gcc/arm-none-eabi/10.3.1/../../../../arm-none-eabi/lib/thumb/v7e-m+dp/hard\libm.a(lib_a-k_rem_pio2.o)
 .ARM.attributes
                0x0000000000000873       0x32 c:/st/stm32cubeide_1.9.0/stm32cubeide/plugins/com.st.stm32cube.ide.mcu.externaltools.gnu-tools-for-stm32.10.3-2021.10.win32_1.0.0.202111181127/tools/bin/../lib/gcc/arm-none-eabi/10.3.1/../../../../arm-none-eabi/lib/thumb/v7e-m+dp/hard\libm.a(lib_a-k_sin.o)
 .ARM.attributes
                0x00000000000008a5       0x32 c:/st/stm32cubeide_1.9.0/stm32cubeide/plugins/com.st.stm32cube.ide.mcu.externaltools.gnu-tools-for-stm32.10.3-2021.10.win32_1.0.0.202111181127/tools/bin/../lib/gcc/arm-none-eabi/10.3.1/../../../../arm-none-eabi/lib/thumb/v7e-m+dp/hard\libm.a(lib_a-s_fabs.o)
 .ARM.attributes
                0x00000000000008d7       0x32 c:/st/stm32cubeide_1.9.0/stm32cubeide/plugins/com.st.stm32cube.ide.mcu.externaltools.gnu-tools-for-stm32.10.3-2021.10.win32_1.0.0.202111181127/tools/bin/../lib/gcc/arm-none-eabi/10.3.1/../../../../arm-none-eabi/lib/thumb/v7e-m+dp/hard\libm.a(lib_a-s_floor.o)
 .ARM.attributes
                0x0000000000000909       0x32 c:/st/stm32cubeide_1.9.0/stm32cubeide/plugins/com.st.stm32cube.ide.mcu.externaltools.gnu-tools-for-stm32.10.3-2021.10.win32_1.0.0.202111181127/tools/bin/../lib/gcc/arm-none-eabi/10.3.1/../../../../arm-none-eabi/lib/thumb/v7e-m+dp/hard\libm.a(lib_a-s_scalbn.o)
 .ARM.attributes
                0x000000000000093b       0x1e c:/st/stm32cubeide_1.9.0/stm32cubeide/plugins/com.st.stm32cube.ide.mcu.externaltools.gnu-tools-for-stm32.10.3-2021.10.win32_1.0.0.202111181127/tools/bin/../lib/gcc/arm-none-eabi/10.3.1/thumb/v7e-m+dp/hard\libgcc.a(_aeabi_uldivmod.o)
 .ARM.attributes
                0x0000000000000959       0x32 c:/st/stm32cubeide_1.9.0/stm32cubeide/plugins/com.st.stm32cube.ide.mcu.externaltools.gnu-tools-for-stm32.10.3-2021.10.win32_1.0.0.202111181127/tools/bin/../lib/gcc/arm-none-eabi/10.3.1/thumb/v7e-m+dp/hard\libgcc.a(_udivmoddi4.o)
 .ARM.attributes
                0x000000000000098b       0x1e c:/st/stm32cubeide_1.9.0/stm32cubeide/plugins/com.st.stm32cube.ide.mcu.externaltools.gnu-tools-for-stm32.10.3-2021.10.win32_1.0.0.202111181127/tools/bin/../lib/gcc/arm-none-eabi/10.3.1/thumb/v7e-m+dp/hard\libgcc.a(_dvmd_tls.o)
 .ARM.attributes
                0x00000000000009a9       0x1e c:/st/stm32cubeide_1.9.0/stm32cubeide/plugins/com.st.stm32cube.ide.mcu.externaltools.gnu-tools-for-stm32.10.3-2021.10.win32_1.0.0.202111181127/tools/bin/../lib/gcc/arm-none-eabi/10.3.1/thumb/v7e-m+dp/hard/crtn.o