main.c:211:5:main	16	static
main.c:404:6:SystemClock_Config	120	static
main.c:463:6:PeriphCommonClock_Config	192	static
main.c:495:13:MX_ADC3_Init	48	static
main.c:556:13:MX_CRC_Init	8	static
main.c:590:13:MX_I2C2_Init	8	static
main.c:636:13:MX_SPI3_Init	8	static
main.c:684:13:MX_SPI4_Init	8	static
main.c:732:13:MX_TIM1_Init	104	static
main.c:802:13:MX_TIM2_Init	56	static
main.c:851:13:MX_TIM3_Init	64	static
main.c:910:13:MX_TIM4_Init	56	static
main.c:959:13:MX_TIM5_Init	56	static
main.c:1008:13:MX_TIM6_Init	24	static
main.c:1046:13:MX_TIM8_Init	56	static
main.c:1097:13:MX_TIM13_Init	40	static
main.c:1143:13:MX_TIM14_Init	40	static
main.c:1189:13:MX_TIM15_Init	104	static
main.c:1255:13:MX_TIM16_Init	88	static
main.c:1318:13:MX_TIM17_Init	88	static
main.c:1381:13:MX_TIM23_Init	40	static
main.c:1426:13:MX_TIM24_Init	40	static
main.c:1471:13:MX_UART5_Init	8	static
main.c:1519:13:MX_USART1_UART_Init	8	static
main.c:1567:13:MX_USART3_UART_Init	8	static
main.c:1613:13:MX_DMA_Init	16	static
main.c:1631:13:MX_GPIO_Init	56	static
main.c:1716:6:HAL_UART_RxCpltCallback	16	static
main.c:1722:6:HAL_UART_ErrorCallback	16	static
main.c:1728:6:HAL_ADC_ConvCpltCallback	24	static
main.c:1734:6:HAL_TIM_PeriodElapsedCallback	16	static
main.c:1745:6:Uart1_Sent	8	static
main.c:1750:16:crc_uart	8	static
main.c:1754:13:delay_us	16	static
main.c:1760:17:Encoder_Position_SPI	24	static
main.c:1775:9:Encoder_Speed_SPI	24	static
main.c:1795:13:CascadeControl	72	static
main.c:1930:6:Encoder_Setup	8	static
main.c:1956:6:Encoder_command	48	static
main.c:1982:6:StartUp_Init_Parameter	16	static
main.c:2057:6:Error_Handler	4	static,ignoring_inline_asm
