../Core/Src/tim.c:44:6:MX_TIM1_Init	104	static
../Core/Src/tim.c:109:6:MX_TIM2_Init	56	static
../Core/Src/tim.c:153:6:MX_TIM3_Init	64	static
../Core/Src/tim.c:212:6:MX_TIM4_Init	56	static
../Core/Src/tim.c:256:6:MX_TIM5_Init	64	static
../Core/Src/tim.c:314:6:MX_TIM6_Init	24	static
../Core/Src/tim.c:347:6:MX_TIM8_Init	56	static
../Core/Src/tim.c:393:6:MX_TIM13_Init	40	static
../Core/Src/tim.c:434:6:MX_TIM14_Init	40	static
../Core/Src/tim.c:475:6:MX_TIM15_Init	104	static
../Core/Src/tim.c:536:6:MX_TIM16_Init	88	static
../Core/Src/tim.c:594:6:MX_TIM17_Init	88	static
../Core/Src/tim.c:652:6:MX_TIM23_Init	40	static
../Core/Src/tim.c:692:6:MX_TIM24_Init	40	static
../Core/Src/tim.c:732:6:HAL_TIM_PWM_MspInit	48	static
../Core/Src/tim.c:791:6:HAL_TIM_Encoder_MspInit	64	static
../Core/Src/tim.c:877:6:HAL_TIM_Base_MspInit	56	static
../Core/Src/tim.c:984:6:HAL_TIM_MspPostInit	72	static
../Core/Src/tim.c:1160:6:HAL_TIM_PWM_MspDeInit	16	static
../Core/Src/tim.c:1196:6:HAL_TIM_Encoder_MspDeInit	16	static
../Core/Src/tim.c:1257:6:HAL_TIM_Base_MspDeInit	16	static
