../Core/Src/tim.c:44:6:MX_TIM1_Init	104	static
../Core/Src/tim.c:109:6:MX_TIM2_Init	56	static
../Core/Src/tim.c:153:6:MX_TIM3_Init	64	static
../Core/Src/tim.c:207:6:MX_TIM4_Init	56	static
../Core/Src/tim.c:251:6:MX_TIM5_Init	64	static
../Core/Src/tim.c:309:6:MX_TIM6_Init	24	static
../Core/Src/tim.c:342:6:MX_TIM8_Init	56	static
../Core/Src/tim.c:388:6:MX_TIM13_Init	40	static
../Core/Src/tim.c:429:6:MX_TIM14_Init	40	static
../Core/Src/tim.c:470:6:MX_TIM15_Init	104	static
../Core/Src/tim.c:531:6:MX_TIM16_Init	88	static
../Core/Src/tim.c:589:6:MX_TIM17_Init	88	static
../Core/Src/tim.c:647:6:MX_TIM23_Init	40	static
../Core/Src/tim.c:687:6:MX_TIM24_Init	40	static
../Core/Src/tim.c:727:6:HAL_TIM_PWM_MspInit	48	static
../Core/Src/tim.c:786:6:HAL_TIM_Encoder_MspInit	64	static
../Core/Src/tim.c:872:6:HAL_TIM_Base_MspInit	80	static
../Core/Src/tim.c:992:6:HAL_TIM_MspPostInit	72	static
../Core/Src/tim.c:1167:6:HAL_TIM_PWM_MspDeInit	16	static
../Core/Src/tim.c:1203:6:HAL_TIM_Encoder_MspDeInit	16	static
../Core/Src/tim.c:1264:6:HAL_TIM_Base_MspDeInit	16	static
