../Core/Src/tim.c:43:6:MX_TIM1_Init	104	static
../Core/Src/tim.c:108:6:MX_TIM3_Init	64	static
../Core/Src/tim.c:162:6:MX_TIM4_Init	56	static
../Core/Src/tim.c:206:6:MX_TIM5_Init	64	static
../Core/Src/tim.c:264:6:MX_TIM6_Init	24	static
../Core/Src/tim.c:297:6:MX_TIM8_Init	56	static
../Core/Src/tim.c:343:6:MX_TIM13_Init	40	static
../Core/Src/tim.c:384:6:MX_TIM14_Init	40	static
../Core/Src/tim.c:425:6:MX_TIM15_Init	104	static
../Core/Src/tim.c:486:6:MX_TIM16_Init	88	static
../Core/Src/tim.c:544:6:MX_TIM17_Init	88	static
../Core/Src/tim.c:602:6:MX_TIM23_Init	40	static
../Core/Src/tim.c:642:6:MX_TIM24_Init	40	static
../Core/Src/tim.c:682:6:HAL_TIM_PWM_MspInit	48	static
../Core/Src/tim.c:741:6:HAL_TIM_Base_MspInit	80	static
../Core/Src/tim.c:862:6:HAL_TIM_Encoder_MspInit	56	static
../Core/Src/tim.c:915:6:HAL_TIM_MspPostInit	72	static
../Core/Src/tim.c:1090:6:HAL_TIM_PWM_MspDeInit	16	static
../Core/Src/tim.c:1126:6:HAL_TIM_Base_MspDeInit	16	static
../Core/Src/tim.c:1240:6:HAL_TIM_Encoder_MspDeInit	16	static
