main.c:123:5:main	8	static
main.c:204:6:SystemClock_Config	120	static
main.c:263:6:PeriphCommonClock_Config	192	static
main.c:294:13:MX_ADC3_Init	48	static
main.c:355:13:MX_CRC_Init	8	static
main.c:389:13:MX_I2C2_Init	8	static
main.c:435:13:MX_SPI3_Init	8	static
main.c:483:13:MX_SPI4_Init	8	static
main.c:531:13:MX_TIM1_Init	56	static
main.c:582:13:MX_TIM2_Init	56	static
main.c:631:13:MX_TIM3_Init	56	static
main.c:680:13:MX_TIM4_Init	56	static
main.c:729:13:MX_TIM5_Init	56	static
main.c:778:13:MX_TIM6_Init	24	static
main.c:816:13:MX_TIM8_Init	56	static
main.c:867:13:MX_TIM13_Init	40	static
main.c:913:13:MX_TIM14_Init	40	static
main.c:959:13:MX_TIM15_Init	104	static
main.c:1025:13:MX_TIM16_Init	88	static
main.c:1088:13:MX_TIM17_Init	88	static
main.c:1151:13:MX_TIM23_Init	40	static
main.c:1196:13:MX_TIM24_Init	40	static
main.c:1241:13:MX_USART1_UART_Init	8	static
main.c:1289:13:MX_USART3_UART_Init	8	static
main.c:1335:13:MX_DMA_Init	16	static
main.c:1353:13:MX_GPIO_Init	56	static
main.c:1441:6:Error_Handler	4	static,ignoring_inline_asm
