main.c:123:5:main	8	static
main.c:203:6:SystemClock_Config	120	static
main.c:262:6:PeriphCommonClock_Config	192	static
main.c:293:13:MX_ADC3_Init	48	static
main.c:354:13:MX_CRC_Init	8	static
main.c:388:13:MX_I2C2_Init	8	static
main.c:434:13:MX_SPI3_Init	8	static
main.c:482:13:MX_SPI4_Init	8	static
main.c:530:13:MX_TIM1_Init	56	static
main.c:581:13:MX_TIM2_Init	56	static
main.c:630:13:MX_TIM3_Init	56	static
main.c:679:13:MX_TIM4_Init	56	static
main.c:728:13:MX_TIM5_Init	56	static
main.c:777:13:MX_TIM6_Init	24	static
main.c:815:13:MX_TIM8_Init	56	static
main.c:866:13:MX_TIM13_Init	40	static
main.c:912:13:MX_TIM14_Init	40	static
main.c:958:13:MX_TIM15_Init	104	static
main.c:1024:13:MX_TIM16_Init	88	static
main.c:1087:13:MX_TIM17_Init	88	static
main.c:1150:13:MX_TIM23_Init	40	static
main.c:1195:13:MX_TIM24_Init	40	static
main.c:1240:13:MX_USART1_UART_Init	8	static
main.c:1288:13:MX_USART3_UART_Init	8	static
main.c:1334:13:MX_DMA_Init	16	static
main.c:1352:13:MX_GPIO_Init	56	static
main.c:1440:6:Error_Handler	4	static,ignoring_inline_asm
